Component: ARM Compiler 5.06 update 7 (build 960) Tool: armlink [4d3601]

==============================================================================

Section Cross References

    startup_stm32f10x_md.o(STACK) refers (Special) to heapauxi.o(.text) for __use_two_region_memory
    startup_stm32f10x_md.o(HEAP) refers (Special) to heapauxi.o(.text) for __use_two_region_memory
    startup_stm32f10x_md.o(RESET) refers (Special) to heapauxi.o(.text) for __use_two_region_memory
    startup_stm32f10x_md.o(RESET) refers to startup_stm32f10x_md.o(STACK) for __initial_sp
    startup_stm32f10x_md.o(RESET) refers to startup_stm32f10x_md.o(.text) for Reset_Handler
    startup_stm32f10x_md.o(RESET) refers to stm32f10x_it.o(i.NMI_Handler) for NMI_Handler
    startup_stm32f10x_md.o(RESET) refers to stm32f10x_it.o(i.HardFault_Handler) for HardFault_Handler
    startup_stm32f10x_md.o(RESET) refers to stm32f10x_it.o(i.MemManage_Handler) for MemManage_Handler
    startup_stm32f10x_md.o(RESET) refers to stm32f10x_it.o(i.BusFault_Handler) for BusFault_Handler
    startup_stm32f10x_md.o(RESET) refers to stm32f10x_it.o(i.UsageFault_Handler) for UsageFault_Handler
    startup_stm32f10x_md.o(RESET) refers to port.o(.emb_text) for SVC_Handler
    startup_stm32f10x_md.o(RESET) refers to stm32f10x_it.o(i.DebugMon_Handler) for DebugMon_Handler
    startup_stm32f10x_md.o(RESET) refers to delay.o(i.SysTick_Handler) for SysTick_Handler
    startup_stm32f10x_md.o(RESET) refers to timer.o(i.TIM2_IRQHandler) for TIM2_IRQHandler
    startup_stm32f10x_md.o(RESET) refers to timer.o(i.TIM3_IRQHandler) for TIM3_IRQHandler
    startup_stm32f10x_md.o(RESET) refers to timer.o(i.TIM4_IRQHandler) for TIM4_IRQHandler
    startup_stm32f10x_md.o(RESET) refers to usart.o(i.USART1_IRQHandler) for USART1_IRQHandler
    startup_stm32f10x_md.o(RESET) refers to usart.o(i.USART2_IRQHandler) for USART2_IRQHandler
    startup_stm32f10x_md.o(RESET) refers to usart.o(i.USART3_IRQHandler) for USART3_IRQHandler
    startup_stm32f10x_md.o(RESET) refers to exti.o(i.EXTI15_10_IRQHandler) for EXTI15_10_IRQHandler
    startup_stm32f10x_md.o(.text) refers (Special) to heapauxi.o(.text) for __use_two_region_memory
    startup_stm32f10x_md.o(.text) refers to system_stm32f10x.o(i.SystemInit) for SystemInit
    startup_stm32f10x_md.o(.text) refers to __main.o(!!!main) for __main
    startup_stm32f10x_md.o(.text) refers to startup_stm32f10x_md.o(HEAP) for Heap_Mem
    startup_stm32f10x_md.o(.text) refers to startup_stm32f10x_md.o(STACK) for Stack_Mem
    system_stm32f10x.o(i.SetSysClock) refers to system_stm32f10x.o(i.SetSysClockTo72) for SetSysClockTo72
    system_stm32f10x.o(i.SystemCoreClockUpdate) refers to system_stm32f10x.o(.data) for SystemCoreClock
    system_stm32f10x.o(i.SystemInit) refers to system_stm32f10x.o(i.SetSysClock) for SetSysClock
    stm32f10x_adc.o(i.ADC_DeInit) refers to stm32f10x_rcc.o(i.RCC_APB2PeriphResetCmd) for RCC_APB2PeriphResetCmd
    stm32f10x_bkp.o(i.BKP_DeInit) refers to stm32f10x_rcc.o(i.RCC_BackupResetCmd) for RCC_BackupResetCmd
    stm32f10x_can.o(i.CAN_DeInit) refers to stm32f10x_rcc.o(i.RCC_APB1PeriphResetCmd) for RCC_APB1PeriphResetCmd
    stm32f10x_can.o(i.CAN_GetITStatus) refers to stm32f10x_can.o(i.CheckITStatus) for CheckITStatus
    stm32f10x_cec.o(i.CEC_DeInit) refers to stm32f10x_rcc.o(i.RCC_APB1PeriphResetCmd) for RCC_APB1PeriphResetCmd
    stm32f10x_dac.o(i.DAC_DeInit) refers to stm32f10x_rcc.o(i.RCC_APB1PeriphResetCmd) for RCC_APB1PeriphResetCmd
    stm32f10x_flash.o(i.FLASH_EnableWriteProtection) refers to stm32f10x_flash.o(i.FLASH_WaitForLastOperation) for FLASH_WaitForLastOperation
    stm32f10x_flash.o(i.FLASH_EraseAllBank1Pages) refers to stm32f10x_flash.o(i.FLASH_WaitForLastBank1Operation) for FLASH_WaitForLastBank1Operation
    stm32f10x_flash.o(i.FLASH_EraseAllPages) refers to stm32f10x_flash.o(i.FLASH_WaitForLastOperation) for FLASH_WaitForLastOperation
    stm32f10x_flash.o(i.FLASH_EraseOptionBytes) refers to stm32f10x_flash.o(i.FLASH_GetReadOutProtectionStatus) for FLASH_GetReadOutProtectionStatus
    stm32f10x_flash.o(i.FLASH_EraseOptionBytes) refers to stm32f10x_flash.o(i.FLASH_WaitForLastOperation) for FLASH_WaitForLastOperation
    stm32f10x_flash.o(i.FLASH_ErasePage) refers to stm32f10x_flash.o(i.FLASH_WaitForLastOperation) for FLASH_WaitForLastOperation
    stm32f10x_flash.o(i.FLASH_ProgramHalfWord) refers to stm32f10x_flash.o(i.FLASH_WaitForLastOperation) for FLASH_WaitForLastOperation
    stm32f10x_flash.o(i.FLASH_ProgramOptionByteData) refers to stm32f10x_flash.o(i.FLASH_WaitForLastOperation) for FLASH_WaitForLastOperation
    stm32f10x_flash.o(i.FLASH_ProgramWord) refers to stm32f10x_flash.o(i.FLASH_WaitForLastOperation) for FLASH_WaitForLastOperation
    stm32f10x_flash.o(i.FLASH_ReadOutProtection) refers to stm32f10x_flash.o(i.FLASH_WaitForLastOperation) for FLASH_WaitForLastOperation
[...]
    i.LCD_WR_REG                             0x08001188   Section        0  lcd_init.o(i.LCD_WR_REG)
    i.LCD_Writ_Bus                           0x080011a8   Section        0  lcd_init.o(i.LCD_Writ_Bus)
    i.MemManage_Handler                      0x080011fc   Section        0  stm32f10x_it.o(i.MemManage_Handler)
    i.NMI_Handler                            0x08001200   Section        0  stm32f10x_it.o(i.NMI_Handler)
    i.NVIC_Init                              0x08001204   Section        0  misc.o(i.NVIC_Init)
    i.NVIC_PriorityGroupConfig               0x08001274   Section        0  misc.o(i.NVIC_PriorityGroupConfig)
    i.RCC_ADCCLKConfig                       0x08001288   Section        0  stm32f10x_rcc.o(i.RCC_ADCCLKConfig)
    i.RCC_APB1PeriphClockCmd                 0x080012a0   Section        0  stm32f10x_rcc.o(i.RCC_APB1PeriphClockCmd)
    i.RCC_APB2PeriphClockCmd                 0x080012c0   Section        0  stm32f10x_rcc.o(i.RCC_APB2PeriphClockCmd)
    i.RCC_GetClocksFreq                      0x080012e0   Section        0  stm32f10x_rcc.o(i.RCC_GetClocksFreq)
    i.Send_Byte                              0x080013b4   Section        0  usart.o(i.Send_Byte)
    i.Send_String                            0x080013d4   Section        0  usart.o(i.Send_String)
    i.SetSysClock                            0x080013ea   Section        0  system_stm32f10x.o(i.SetSysClock)
    SetSysClock                              0x080013eb   Thumb Code     8  system_stm32f10x.o(i.SetSysClock)
    i.SetSysClockTo72                        0x080013f4   Section        0  system_stm32f10x.o(i.SetSysClockTo72)
    SetSysClockTo72                          0x080013f5   Thumb Code   214  system_stm32f10x.o(i.SetSysClockTo72)
    i.Start_Task                             0x080014d4   Section        0  wtask.o(i.Start_Task)
    i.SysTick_CLKSourceConfig                0x08001544   Section        0  misc.o(i.SysTick_CLKSourceConfig)
    i.SysTick_Handler                        0x0800156c   Section        0  delay.o(i.SysTick_Handler)
    i.SystemInit                             0x0800157c   Section        0  system_stm32f10x.o(i.SystemInit)
    i.TIM2_IRQHandler                        0x080015dc   Section        0  timer.o(i.TIM2_IRQHandler)
    i.TIM3_IRQHandler                        0x0800160c   Section        0  timer.o(i.TIM3_IRQHandler)
    i.TIM4_IRQHandler                        0x08001628   Section        0  timer.o(i.TIM4_IRQHandler)
    i.TIM_ClearFlag                          0x0800167c   Section        0  stm32f10x_tim.o(i.TIM_ClearFlag)
    i.TIM_ClearITPendingBit                  0x08001682   Section        0  stm32f10x_tim.o(i.TIM_ClearITPendingBit)
    i.TIM_Cmd                                0x08001688   Section        0  stm32f10x_tim.o(i.TIM_Cmd)
    i.TIM_GetITStatus                        0x080016a0   Section        0  stm32f10x_tim.o(i.TIM_GetITStatus)
    i.TIM_ITConfig                           0x080016c2   Section        0  stm32f10x_tim.o(i.TIM_ITConfig)
    i.TIM_InternalClockConfig                0x080016d4   Section        0  stm32f10x_tim.o(i.TIM_InternalClockConfig)
    i.TIM_SetCounter                         0x080016e0   Section        0  stm32f10x_tim.o(i.TIM_SetCounter)
    i.TIM_TimeBaseInit                       0x080016e4   Section        0  stm32f10x_tim.o(i.TIM_TimeBaseInit)
    i.Task_0                                 0x08001788   Section        0  wtask.o(i.Task_0)
    i.Task_1                                 0x080019ec   Section        0  wtask.o(i.Task_1)
    i.Timer2_Timing_Init                     0x08001a90   Section        0  timer.o(i.Timer2_Timing_Init)
    i.USART1_IRQHandler                      0x08001b14   Section        0  usart.o(i.USART1_IRQHandler)
    i.USART2_IRQHandler                      0x08001b7c   Section        0  usart.o(i.USART2_IRQHandler)
    i.USART3_IRQHandler                      0x08001be4   Section        0  usart.o(i.USART3_IRQHandler)
    i.USART_ClearITPendingBit                0x08001c4c   Section        0  stm32f10x_usart.o(i.USART_ClearITPendingBit)
    i.USART_Cmd                              0x08001c6a   Section        0  stm32f10x_usart.o(i.USART_Cmd)
    i.USART_GetFlagStatus                    0x08001c82   Section        0  stm32f10x_usart.o(i.USART_GetFlagStatus)
    i.USART_GetITStatus                      0x08001c9c   Section        0  stm32f10x_usart.o(i.USART_GetITStatus)
    i.USART_ITConfig                         0x08001cf0   Section        0  stm32f10x_usart.o(i.USART_ITConfig)
    i.USART_Init                             0x08001d3c   Section        0  stm32f10x_usart.o(i.USART_Init)
    i.USART_ReceiveData                      0x08001e14   Section        0  stm32f10x_usart.o(i.USART_ReceiveData)
    i.USART_SendData                         0x08001e1e   Section        0  stm32f10x_usart.o(i.USART_SendData)
    i.UsageFault_Handler                     0x08001e26   Section        0  stm32f10x_it.o(i.UsageFault_Handler)
    i.WADC_Init                              0x08001e2c   Section        0  wadc.o(i.WADC_Init)
    i.WUsart1_Init                           0x08001ed8   Section        0  usart.o(i.WUsart1_Init)
    i._is_digit                              0x08001f8c   Section        0  __printf_wp.o(i._is_digit)
    i._sys_exit                              0x08001f9a   Section        0  usart.o(i._sys_exit)
    i.delay_init                             0x08001fa0   Section        0  delay.o(i.delay_init)
    i.delay_ms                               0x08001ffc   Section        0  delay.o(i.delay_ms)
    i.delay_us                               0x0800203c   Section        0  delay.o(i.delay_us)
    i.fputc                                  0x08002084   Section        0  usart.o(i.fputc)
    i.main                                   0x08002094   Section        0  main.o(i.main)
    i.prvAddCurrentTaskToDelayedList         0x080020a0   Section        0  tasks.o(i.prvAddCurrentTaskToDelayedList)
    prvAddCurrentTaskToDelayedList           0x080020a1   Thumb Code   164  tasks.o(i.prvAddCurrentTaskToDelayedList)
    i.prvAddNewTaskToReadyList               0x08002160   Section        0  tasks.o(i.prvAddNewTaskToReadyList)
    prvAddNewTaskToReadyList                 0x08002161   Thumb Code   206  tasks.o(i.prvAddNewTaskToReadyList)
    i.prvCheckForValidListAndQueue           0x0800224c   Section        0  timers.o(i.prvCheckForValidListAndQueue)
    prvCheckForValidListAndQueue             0x0800224d   Thumb Code    72  timers.o(i.prvCheckForValidListAndQueue)
    i.prvCheckTasksWaitingTermination        0x080022b0   Section        0  tasks.o(i.prvCheckTasksWaitingTermination)
    prvCheckTasksWaitingTermination          0x080022b1   Thumb Code    60  tasks.o(i.prvCheckTasksWaitingTermination)
    i.prvCopyDataFromQueue                   0x080022f8   Section        0  queue.o(i.prvCopyDataFromQueue)
    prvCopyDataFromQueue                     0x080022f9   Thumb Code    42  queue.o(i.prvCopyDataFromQueue)
    i.prvCopyDataToQueue                     0x08002322   Section        0  queue.o(i.prvCopyDataToQueue)
    prvCopyDataToQueue                       0x08002323   Thumb Code   126  queue.o(i.prvCopyDataToQueue)
    i.prvDeleteTCB                           0x080023a0   Section        0  tasks.o(i.prvDeleteTCB)
    prvDeleteTCB                             0x080023a1   Thumb Code    18  tasks.o(i.prvDeleteTCB)
    i.prvGetNextExpireTime                   0x080023b4   Section        0  timers.o(i.prvGetNextExpireTime)
    prvGetNextExpireTime                     0x080023b5   Thumb Code    36  timers.o(i.prvGetNextExpireTime)
    i.prvHeapInit                            0x080023dc   Section        0  heap_4.o(i.prvHeapInit)
    prvHeapInit                              0x080023dd   Thumb Code    98  heap_4.o(i.prvHeapInit)
    i.prvIdleTask                            0x08002458   Section        0  tasks.o(i.prvIdleTask)
    prvIdleTask                              0x08002459   Thumb Code    32  tasks.o(i.prvIdleTask)
    i.prvInitialiseNewQueue                  0x08002480   Section        0  queue.o(i.prvInitialiseNewQueue)
    prvInitialiseNewQueue                    0x08002481   Thumb Code    46  queue.o(i.prvInitialiseNewQueue)
    i.prvInitialiseNewTask                   0x080024b0   Section        0  tasks.o(i.prvInitialiseNewTask)
    prvInitialiseNewTask                     0x080024b1   Thumb Code   206  tasks.o(i.prvInitialiseNewTask)
    i.prvInitialiseTaskLists                 0x080025a4   Section        0  tasks.o(i.prvInitialiseTaskLists)
    prvInitialiseTaskLists                   0x080025a5   Thumb Code    70  tasks.o(i.prvInitialiseTaskLists)
    i.prvInsertBlockIntoFreeList             0x0800260c   Section        0  heap_4.o(i.prvInsertBlockIntoFreeList)
    prvInsertBlockIntoFreeList               0x0800260d   Thumb Code    96  heap_4.o(i.prvInsertBlockIntoFreeList)
    i.prvInsertTimerInActiveList             0x08002674   Section        0  timers.o(i.prvInsertTimerInActiveList)
    prvInsertTimerInActiveList               0x08002675   Thumb Code    80  timers.o(i.prvInsertTimerInActiveList)
    i.prvIsQueueEmpty                        0x080026cc   Section        0  queue.o(i.prvIsQueueEmpty)
    prvIsQueueEmpty                          0x080026cd   Thumb Code    26  queue.o(i.prvIsQueueEmpty)
    i.prvNotifyQueueSetContainer             0x080026e8   Section        0  queue.o(i.prvNotifyQueueSetContainer)
    prvNotifyQueueSetContainer               0x080026e9   Thumb Code   142  queue.o(i.prvNotifyQueueSetContainer)
    i.prvProcessExpiredTimer                 0x0800279c   Section        0  timers.o(i.prvProcessExpiredTimer)
    prvProcessExpiredTimer                   0x0800279d   Thumb Code    62  timers.o(i.prvProcessExpiredTimer)
    i.prvProcessReceivedCommands             0x080027e0   Section        0  timers.o(i.prvProcessReceivedCommands)
    prvProcessReceivedCommands               0x080027e1   Thumb Code   306  timers.o(i.prvProcessReceivedCommands)
    i.prvProcessTimerOrBlockTask             0x0800293c   Section        0  timers.o(i.prvProcessTimerOrBlockTask)
    prvProcessTimerOrBlockTask               0x0800293d   Thumb Code   102  timers.o(i.prvProcessTimerOrBlockTask)
    i.prvReloadTimer                         0x080029b0   Section        0  timers.o(i.prvReloadTimer)
    prvReloadTimer                           0x080029b1   Thumb Code    40  timers.o(i.prvReloadTimer)
    i.prvResetNextTaskUnblockTime            0x080029d8   Section        0  tasks.o(i.prvResetNextTaskUnblockTime)
    prvResetNextTaskUnblockTime              0x080029d9   Thumb Code    40  tasks.o(i.prvResetNextTaskUnblockTime)
    i.prvSampleTimeNow                       0x08002a08   Section        0  timers.o(i.prvSampleTimeNow)
    prvSampleTimeNow                         0x08002a09   Thumb Code    40  timers.o(i.prvSampleTimeNow)
    i.prvSwitchTimerLists                    0x08002a34   Section        0  timers.o(i.prvSwitchTimerLists)
    prvSwitchTimerLists                      0x08002a35   Thumb Code    58  timers.o(i.prvSwitchTimerLists)
    i.prvTaskExitError                       0x08002a78   Section        0  port.o(i.prvTaskExitError)
    prvTaskExitError                         0x08002a79   Thumb Code    48  port.o(i.prvTaskExitError)
    i.prvTimerTask                           0x08002ae4   Section        0  timers.o(i.prvTimerTask)
    prvTimerTask                             0x08002ae5   Thumb Code    26  timers.o(i.prvTimerTask)
    i.prvUnlockQueue                         0x08002afe   Section        0  queue.o(i.prvUnlockQueue)
    prvUnlockQueue                           0x08002aff   Thumb Code   144  queue.o(i.prvUnlockQueue)
    i.pvPortMalloc                           0x08002b90   Section        0  heap_4.o(i.pvPortMalloc)
    i.pxPortInitialiseStack                  0x08002d0c   Section        0  port.o(i.pxPortInitialiseStack)
    i.uxListRemove                           0x08002d30   Section        0  list.o(i.uxListRemove)
    i.vListInitialise                        0x08002d58   Section        0  list.o(i.vListInitialise)
    i.vListInitialiseItem                    0x08002d72   Section        0  list.o(i.vListInitialiseItem)
    i.vListInsert                            0x08002d78   Section        0  list.o(i.vListInsert)
    i.vListInsertEnd                         0x08002dac   Section        0  list.o(i.vListInsertEnd)
    i.vPortEnterCritical                     0x08002dc4   Section        0  port.o(i.vPortEnterCritical)
    i.vPortExitCritical                      0x08002e48   Section        0  port.o(i.vPortExitCritical)
    i.vPortFree                              0x08002eb4   Section        0  heap_4.o(i.vPortFree)
    i.vPortSetupTimerInterrupt               0x08002f78   Section        0  port.o(i.vPortSetupTimerInterrupt)
    i.vQueueAddToRegistry                    0x08002fa0   Section        0  queue.o(i.vQueueAddToRegistry)
    i.vQueueWaitForMessageRestricted         0x0800301c   Section        0  queue.o(i.vQueueWaitForMessageRestricted)
    i.vTaskDelay                             0x08003068   Section        0  tasks.o(i.vTaskDelay)
    i.vTaskDelete                            0x080030dc   Section        0  tasks.o(i.vTaskDelete)
    i.vTaskInternalSetTimeOutState           0x080031f0   Section        0  tasks.o(i.vTaskInternalSetTimeOutState)
    i.vTaskMissedYield                       0x08003208   Section        0  tasks.o(i.vTaskMissedYield)
    i.vTaskPlaceOnEventList                  0x08003214   Section        0  tasks.o(i.vTaskPlaceOnEventList)
    i.vTaskPlaceOnEventListRestricted        0x08003268   Section        0  tasks.o(i.vTaskPlaceOnEventListRestricted)
    i.vTaskStartScheduler                    0x080032e4   Section        0  tasks.o(i.vTaskStartScheduler)
    i.vTaskSuspendAll                        0x0800339c   Section        0  tasks.o(i.vTaskSuspendAll)
    i.vTaskSwitchContext                     0x080033ac   Section        0  tasks.o(i.vTaskSwitchContext)
    i.xPortStartScheduler                    0x08003494   Section        0  port.o(i.xPortStartScheduler)
    i.xPortSysTickHandler                    0x080035d0   Section        0  port.o(i.xPortSysTickHandler)
    i.xQueueGenericCreate                    0x08003604   Section        0  queue.o(i.xQueueGenericCreate)
    i.xQueueGenericReset                     0x08003684   Section        0  queue.o(i.xQueueGenericReset)
    i.xQueueReceive                          0x08003770   Section        0  queue.o(i.xQueueReceive)
    i.xTaskCheckForTimeOut                   0x080038e0   Section        0  tasks.o(i.xTaskCheckForTimeOut)
    i.xTaskCreate                            0x08003980   Section        0  tasks.o(i.xTaskCreate)
    i.xTaskGetSchedulerState                 0x080039e0   Section        0  tasks.o(i.xTaskGetSchedulerState)
    i.xTaskGetTickCount                      0x08003a00   Section        0  tasks.o(i.xTaskGetTickCount)
    i.xTaskIncrementTick                     0x08003a0c   Section        0  tasks.o(i.xTaskIncrementTick)
    i.xTaskPriorityDisinherit                0x08003be0   Section        0  tasks.o(i.xTaskPriorityDisinherit)
    i.xTaskRemoveFromEventList               0x08003ce0   Section        0  tasks.o(i.xTaskRemoveFromEventList)
    i.xTaskResumeAll                         0x08003e1c   Section        0  tasks.o(i.xTaskResumeAll)
    i.xTimerCreateTimerTask                  0x08003fac   Section        0  timers.o(i.xTimerCreateTimerTask)
    x$fpl$fdiv                               0x0800401c   Section      388  fdiv.o(x$fpl$fdiv)
    _fdiv1                                   0x0800401d   Thumb Code     0  fdiv.o(x$fpl$fdiv)
    x$fpl$ffixu                              0x080041a0   Section       62  ffixu.o(x$fpl$ffixu)
    x$fpl$ffltu                              0x080041e0   Section       38  fflt_clz.o(x$fpl$ffltu)
    x$fpl$fmul                               0x08004208   Section      258  fmul.o(x$fpl$fmul)
    x$fpl$fnaninf                            0x0800430a   Section      140  fnaninf.o(x$fpl$fnaninf)
    x$fpl$fretinf                            0x08004396   Section       10  fretinf.o(x$fpl$fretinf)
    .constdata                               0x080043a0   Section     8790  lcd.o(.constdata)
    x$fpl$usenofp                            0x080043a0   Section        0  usenofp.o(x$fpl$usenofp)
    .constdata                               0x080065f6   Section       17  __printf_flags_ss_wp.o(.constdata)
    maptable                                 0x080065f6   Data          17  __printf_flags_ss_wp.o(.constdata)
    .data                                    0x20000000   Section       20  system_stm32f10x.o(.data)
    .data                                    0x20000014   Section       20  stm32f10x_rcc.o(.data)
    APBAHBPrescTable                         0x20000014   Data          16  stm32f10x_rcc.o(.data)
    ADCPrescTable                            0x20000024   Data           4  stm32f10x_rcc.o(.data)
    .data                                    0x20000028   Section        4  delay.o(.data)
    fac_us                                   0x20000028   Data           1  delay.o(.data)
    fac_ms                                   0x2000002a   Data           2  delay.o(.data)
    .data                                    0x2000002c   Section       12  usart.o(.data)
    .data                                    0x20000038   Section       12  timer.o(.data)
    .data                                    0x20000044   Section        4  exti.o(.data)
    .data                                    0x20000048   Section       26  wtask.o(.data)
    AppTaskCreate_Handle                     0x20000048   Data           4  wtask.o(.data)
    Task0_Handle                             0x2000004c   Data           4  wtask.o(.data)
    Task1_Handle                             0x20000050   Data           4  wtask.o(.data)
    .data                                    0x20000064   Section       72  tasks.o(.data)
    pxDelayedTaskList                        0x20000068   Data           4  tasks.o(.data)
    pxOverflowDelayedTaskList                0x2000006c   Data           4  tasks.o(.data)
    uxDeletedTasksWaitingCleanUp             0x20000070   Data           4  tasks.o(.data)
    uxCurrentNumberOfTasks                   0x20000074   Data           4  tasks.o(.data)
    xTickCount                               0x20000078   Data           4  tasks.o(.data)
    uxTopReadyPriority                       0x2000007c   Data           4  tasks.o(.data)
    xSchedulerRunning                        0x20000080   Data           4  tasks.o(.data)
    xPendedTicks                             0x20000084   Data           4  tasks.o(.data)
    xYieldPending                            0x20000088   Data           4  tasks.o(.data)
    xNumOfOverflows                          0x2000008c   Data           4  tasks.o(.data)
    uxTaskNumber                             0x20000090   Data           4  tasks.o(.data)
    xNextTaskUnblockTime                     0x20000094   Data           4  tasks.o(.data)
    xIdleTaskHandle                          0x20000098   Data           4  tasks.o(.data)
    uxSchedulerSuspended                     0x200000a0   Data           4  tasks.o(.data)
    ulTaskSwitchedInTime                     0x200000a4   Data           4  tasks.o(.data)
    ulTotalRunTime                           0x200000a8   Data           4  tasks.o(.data)
    .data                                    0x200000ac   Section       20  timers.o(.data)
    pxCurrentTimerList                       0x200000ac   Data           4  timers.o(.data)
    pxOverflowTimerList                      0x200000b0   Data           4  timers.o(.data)
    xTimerQueue                              0x200000b4   Data           4  timers.o(.data)
    xTimerTaskHandle                         0x200000b8   Data           4  timers.o(.data)
    xLastTime                                0x200000bc   Data           4  timers.o(.data)
    .data                                    0x200000c0   Section       32  heap_4.o(.data)
    xStart                                   0x200000c0   Data           8  heap_4.o(.data)
    pxEnd                                    0x200000c8   Data           4  heap_4.o(.data)
    xFreeBytesRemaining                      0x200000cc   Data           4  heap_4.o(.data)
    xMinimumEverFreeBytesRemaining           0x200000d0   Data           4  heap_4.o(.data)
    xNumberOfSuccessfulAllocations           0x200000d4   Data           4  heap_4.o(.data)
    xNumberOfSuccessfulFrees                 0x200000d8   Data           4  heap_4.o(.data)
    xBlockAllocatedBit                       0x200000dc   Data           4  heap_4.o(.data)
    .data                                    0x200000e0   Section       12  port.o(.data)
    uxCriticalNesting                        0x200000e0   Data           4  port.o(.data)
    ucMaxSysCallPriority                     0x200000e4   Data           1  port.o(.data)
    ulMaxPRIGROUPValue                       0x200000e8   Data           4  port.o(.data)
    .bss                                     0x200000ec   Section       84  usart.o(.bss)
    .bss                                     0x20000140   Section       12  wtask.o(.bss)
    .bss                                     0x2000014c   Section       64  queue.o(.bss)
    .bss                                     0x2000018c   Section      740  tasks.o(.bss)
    pxReadyTasksLists                        0x2000018c   Data         640  tasks.o(.bss)
    xDelayedTaskList1                        0x2000040c   Data          20  tasks.o(.bss)
    xDelayedTaskList2                        0x20000420   Data          20  tasks.o(.bss)
    xPendingReadyList                        0x20000434   Data          20  tasks.o(.bss)
    xTasksWaitingTermination                 0x20000448   Data          20  tasks.o(.bss)
    xSuspendedTaskList                       0x2000045c   Data          20  tasks.o(.bss)
    .bss                                     0x20000470   Section       40  timers.o(.bss)
    xActiveTimerList1                        0x20000470   Data          20  timers.o(.bss)
    xActiveTimerList2                        0x20000484   Data          20  timers.o(.bss)
    .bss                                     0x20000498   Section    10240  heap_4.o(.bss)
    ucHeap                                   0x20000498   Data       10240  heap_4.o(.bss)
    .bss                                     0x20002c98   Section       96  libspace.o(.bss)
    HEAP                                     0x20002cf8   Section      512  startup_stm32f10x_md.o(HEAP)
    Heap_Mem                                 0x20002cf8   Data         512  startup_stm32f10x_md.o(HEAP)
    STACK                                    0x20002ef8   Section     1024  startup_stm32f10x_md.o(STACK)
    Stack_Mem                                0x20002ef8   Data        1024  startup_stm32f10x_md.o(STACK)
    __initial_sp                             0x200032f8   Data           0  startup_stm32f10x_md.o(STACK)

    Global Symbols

    Symbol Name                              Value     Ov Type        Size  Object(Section)

    BuildAttributes$$THM_ISAv4$P$D$K$B$S$PE$A:L22UL41UL21$X:L11$S22US41US21$IEEE1$IW$USESV6$~STKCKD$USESV7$~SHL$OTIME$ROPI$IEEEX$EBA8$UX$STANDARDLIB$REQ8$PRES8$EABIv2 0x00000000   Number         0  anon$$obj.o ABSOLUTE
    __ARM_use_no_argv                        0x00000000   Number         0  main.o ABSOLUTE
    _printf_flags                            0x00000000   Number         0  printf_stubs.o ABSOLUTE
    _printf_return_value                     0x00000000   Number         0  printf_stubs.o ABSOLUTE
    _printf_sizespec                         0x00000000   Number         0  printf_stubs.o ABSOLUTE
    _printf_widthprec                        0x00000000   Number         0  printf_stubs.o ABSOLUTE
    __ARM_exceptions_init                     - Undefined Weak Reference
    __alloca_initialize                       - Undefined Weak Reference
    __arm_fini_                               - Undefined Weak Reference
    __arm_preinit_                            - Undefined Weak Reference
    __cpp_initialize__aeabi_                  - Undefined Weak Reference
    __cxa_finalize                            - Undefined Weak Reference
    __sigvec_lookup                           - Undefined Weak Reference
    _atexit_init                              - Undefined Weak Reference
    _call_atexit_fns                          - Undefined Weak Reference
    _clock_init                               - Undefined Weak Reference
    _fp_trap_init                             - Undefined Weak Reference
    _fp_trap_shutdown                         - Undefined Weak Reference
    _get_lc_collate                           - Undefined Weak Reference
    _get_lc_monetary                          - Undefined Weak Reference
    _get_lc_time                              - Undefined Weak Reference
    _getenv_init                              - Undefined Weak Reference
    _handle_redirection                       - Undefined Weak Reference
    _init_alloc                               - Undefined Weak Reference
    _init_user_alloc                          - Undefined Weak Reference
    _initio                                   - Undefined Weak Reference
    _mutex_acquire                            - Undefined Weak Reference
    _mutex_release                            - Undefined Weak Reference
    _printf_mbtowc                            - Undefined Weak Reference
    _printf_wc                                - Undefined Weak Reference
    _rand_init                                - Undefined Weak Reference
    _signal_finish                            - Undefined Weak Reference
    _signal_init                              - Undefined Weak Reference
    _terminate_alloc                          - Undefined Weak Reference
    _terminate_user_alloc                     - Undefined Weak Reference
    _terminateio                              - Undefined Weak Reference
    __Vectors_Size                           0x000000ec   Number         0  startup_stm32f10x_md.o ABSOLUTE
    __Vectors                                0x08000000   Data           4  startup_stm32f10x_md.o(RESET)
    __Vectors_End                            0x080000ec   Data           0  startup_stm32f10x_md.o(RESET)
    __main                                   0x080000ed   Thumb Code     8  __main.o(!!!main)
    __scatterload                            0x080000f5   Thumb Code     0  __scatter.o(!!!scatter)
    __scatterload_rt2                        0x080000f5   Thumb Code    44  __scatter.o(!!!scatter)
    __scatterload_rt2_thumb_only             0x080000f5   Thumb Code     0  __scatter.o(!!!scatter)
    __scatterload_null                       0x08000103   Thumb Code     0  __scatter.o(!!!scatter)
    __scatterload_copy                       0x08000129   Thumb Code    26  __scatter_copy.o(!!handler_copy)
    __scatterload_zeroinit                   0x08000145   Thumb Code    28  __scatter_zi.o(!!handler_zi)
    _printf_d                                0x08000161   Thumb Code     0  _printf_d.o(.ARM.Collect$$_printf_percent$$00000009)
    _printf_percent                          0x08000161   Thumb Code     0  _printf_percent.o(.ARM.Collect$$_printf_percent$$00000000)
    _printf_s                                0x08000167   Thumb Code     0  _printf_s.o(.ARM.Collect$$_printf_percent$$00000014)
    _printf_percent_end                      0x0800016d   Thumb Code     0  _printf_percent_end.o(.ARM.Collect$$_printf_percent$$00000017)
    __rt_lib_init                            0x08000171   Thumb Code     0  libinit.o(.ARM.Collect$$libinit$$00000000)
    __rt_lib_init_alloca_1                   0x08000173   Thumb Code     0  libinit2.o(.ARM.Collect$$libinit$$0000002E)
    __rt_lib_init_argv_1                     0x08000173   Thumb Code     0  libinit2.o(.ARM.Collect$$libinit$$0000002C)
    __rt_lib_init_atexit_1                   0x08000173   Thumb Code     0  libinit2.o(.ARM.Collect$$libinit$$0000001B)
    __rt_lib_init_clock_1                    0x08000173   Thumb Code     0  libinit2.o(.ARM.Collect$$libinit$$00000021)
    __rt_lib_init_cpp_1                      0x08000173   Thumb Code     0  libinit2.o(.ARM.Collect$$libinit$$00000032)
    __rt_lib_init_exceptions_1               0x08000173   Thumb Code     0  libinit2.o(.ARM.Collect$$libinit$$00000030)
    __rt_lib_init_fp_1                       0x08000173   Thumb Code     0  libinit2.o(.ARM.Collect$$libinit$$00000002)
    __rt_lib_init_fp_trap_1                  0x08000173   Thumb Code     0  libinit2.o(.ARM.Collect$$libinit$$0000001F)
    __rt_lib_init_getenv_1                   0x08000173   Thumb Code     0  libinit2.o(.ARM.Collect$$libinit$$00000023)
    __rt_lib_init_heap_1                     0x08000173   Thumb Code     0  libinit2.o(.ARM.Collect$$libinit$$0000000A)
    __rt_lib_init_lc_collate_1               0x08000173   Thumb Code     0  libinit2.o(.ARM.Collect$$libinit$$00000011)
    __rt_lib_init_lc_ctype_1                 0x08000173   Thumb Code     0  libinit2.o(.ARM.Collect$$libinit$$00000013)
    __rt_lib_init_lc_monetary_1              0x08000173   Thumb Code     0  libinit2.o(.ARM.Collect$$libinit$$00000015)
    __rt_lib_init_lc_numeric_1               0x08000173   Thumb Code     0  libinit2.o(.ARM.Collect$$libinit$$00000017)
    __rt_lib_init_lc_time_1                  0x08000173   Thumb Code     0  libinit2.o(.ARM.Collect$$libinit$$00000019)
    __rt_lib_init_preinit_1                  0x08000173   Thumb Code     0  libinit2.o(.ARM.Collect$$libinit$$00000004)
    __rt_lib_init_rand_1                     0x08000173   Thumb Code     0  libinit2.o(.ARM.Collect$$libinit$$0000000E)
    __rt_lib_init_return                     0x08000173   Thumb Code     0  libinit2.o(.ARM.Collect$$libinit$$00000033)
    __rt_lib_init_signal_1                   0x08000173   Thumb Code     0  libinit2.o(.ARM.Collect$$libinit$$0000001D)
    __rt_lib_init_stdio_1                    0x08000173   Thumb Code     0  libinit2.o(.ARM.Collect$$libinit$$00000025)
    __rt_lib_init_user_alloc_1               0x08000173   Thumb Code     0  libinit2.o(.ARM.Collect$$libinit$$0000000C)
    __rt_lib_shutdown                        0x08000175   Thumb Code     0  libshutdown.o(.ARM.Collect$$libshutdown$$00000000)
    __rt_lib_shutdown_cpp_1                  0x08000177   Thumb Code     0  libshutdown2.o(.ARM.Collect$$libshutdown$$00000004)
    __rt_lib_shutdown_fini_1                 0x08000177   Thumb Code     0  libshutdown2.o(.ARM.Collect$$libshutdown$$00000002)
    __rt_lib_shutdown_fp_trap_1              0x08000177   Thumb Code     0  libshutdown2.o(.ARM.Collect$$libshutdown$$00000009)
    __rt_lib_shutdown_heap_1                 0x08000177   Thumb Code     0  libshutdown2.o(.ARM.Collect$$libshutdown$$00000011)
    __rt_lib_shutdown_return                 0x08000177   Thumb Code     0  libshutdown2.o(.ARM.Collect$$libshutdown$$00000012)
    __rt_lib_shutdown_signal_1               0x08000177   Thumb Code     0  libshutdown2.o(.ARM.Collect$$libshutdown$$0000000C)
    __rt_lib_shutdown_stdio_1                0x08000177   Thumb Code     0  libshutdown2.o(.ARM.Collect$$libshutdown$$00000006)
    __rt_lib_shutdown_user_alloc_1           0x08000177   Thumb Code     0  libshutdown2.o(.ARM.Collect$$libshutdown$$0000000E)
    __rt_entry                               0x08000179   Thumb Code     0  __rtentry.o(.ARM.Collect$$rtentry$$00000000)
    __rt_entry_presh_1                       0x08000179   Thumb Code     0  __rtentry2.o(.ARM.Collect$$rtentry$$00000002)
    __rt_entry_sh                            0x08000179   Thumb Code     0  __rtentry4.o(.ARM.Collect$$rtentry$$00000004)
    __rt_entry_li                            0x0800017f   Thumb Code     0  __rtentry2.o(.ARM.Collect$$rtentry$$0000000A)
    __rt_entry_postsh_1                      0x0800017f   Thumb Code     0  __rtentry2.o(.ARM.Collect$$rtentry$$00000009)
    __rt_entry_main                          0x08000183   Thumb Code     0  __rtentry2.o(.ARM.Collect$$rtentry$$0000000D)
    __rt_entry_postli_1                      0x08000183   Thumb Code     0  __rtentry2.o(.ARM.Collect$$rtentry$$0000000C)
    __rt_exit                                0x0800018b   Thumb Code     0  rtexit.o(.ARM.Collect$$rtexit$$00000000)
    __rt_exit_ls                             0x0800018d   Thumb Code     0  rtexit2.o(.ARM.Collect$$rtexit$$00000003)
    __rt_exit_prels_1                        0x0800018d   Thumb Code     0  rtexit2.o(.ARM.Collect$$rtexit$$00000002)
    __rt_exit_exit                           0x08000191   Thumb Code     0  rtexit2.o(.ARM.Collect$$rtexit$$00000004)
    SVC_Handler                              0x08000199   Thumb Code    32  port.o(.emb_text)
    __asm___6_port_c_39a90d8d__prvStartFirstTask 0x080001bd   Thumb Code    28  port.o(.emb_text)
    PendSV_Handler                           0x080001dd   Thumb Code    72  port.o(.emb_text)
    vPortGetIPSR                             0x08000229   Thumb Code     6  port.o(.emb_text)
    Reset_Handler                            0x08000231   Thumb Code     8  startup_stm32f10x_md.o(.text)
    ADC1_2_IRQHandler                        0x0800024b   Thumb Code     0  startup_stm32f10x_md.o(.text)
    CAN1_RX1_IRQHandler                      0x0800024b   Thumb Code     0  startup_stm32f10x_md.o(.text)
    CAN1_SCE_IRQHandler                      0x0800024b   Thumb Code     0  startup_stm32f10x_md.o(.text)
    DMA1_Channel1_IRQHandler                 0x0800024b   Thumb Code     0  startup_stm32f10x_md.o(.text)
    DMA1_Channel2_IRQHandler                 0x0800024b   Thumb Code     0  startup_stm32f10x_md.o(.text)
    DMA1_Channel3_IRQHandler                 0x0800024b   Thumb Code     0  startup_stm32f10x_md.o(.text)
    DMA1_Channel4_IRQHandler                 0x0800024b   Thumb Code     0  startup_stm32f10x_md.o(.text)
    DMA1_Channel5_IRQHandler                 0x0800024b   Thumb Code     0  startup_stm32f10x_md.o(.text)
    DMA1_Channel6_IRQHandler                 0x0800024b   Thumb Code     0  startup_stm32f10x_md.o(.text)
    DMA1_Channel7_IRQHandler                 0x0800024b   Thumb Code     0  startup_stm32f10x_md.o(.text)
    EXTI0_IRQHandler                         0x0800024b   Thumb Code     0  startup_stm32f10x_md.o(.text)
    EXTI1_IRQHandler                         0x0800024b   Thumb Code     0  startup_stm32f10x_md.o(.text)
    EXTI2_IRQHandler                         0x0800024b   Thumb Code     0  startup_stm32f10x_md.o(.text)
    EXTI3_IRQHandler                         0x0800024b   Thumb Code     0  startup_stm32f10x_md.o(.text)
    EXTI4_IRQHandler                         0x0800024b   Thumb Code     0  startup_stm32f10x_md.o(.text)
    EXTI9_5_IRQHandler                       0x0800024b   Thumb Code     0  startup_stm32f10x_md.o(.text)
    FLASH_IRQHandler                         0x0800024b   Thumb Code     0  startup_stm32f10x_md.o(.text)
    I2C1_ER_IRQHandler                       0x0800024b   Thumb Code     0  startup_stm32f10x_md.o(.text)
    I2C1_EV_IRQHandler                       0x0800024b   Thumb Code     0  startup_stm32f10x_md.o(.text)
    I2C2_ER_IRQHandler                       0x0800024b   Thumb Code     0  startup_stm32f10x_md.o(.text)
    I2C2_EV_IRQHandler                       0x0800024b   Thumb Code     0  startup_stm32f10x_md.o(.text)
    PVD_IRQHandler                           0x0800024b   Thumb Code     0  startup_stm32f10x_md.o(.text)
    RCC_IRQHandler                           0x0800024b   Thumb Code     0  startup_stm32f10x_md.o(.text)
    RTCAlarm_IRQHandler                      0x0800024b   Thumb Code     0  startup_stm32f10x_md.o(.text)
    RTC_IRQHandler                           0x0800024b   Thumb Code     0  startup_stm32f10x_md.o(.text)
    SPI1_IRQHandler                          0x0800024b   Thumb Code     0  startup_stm32f10x_md.o(.text)
    SPI2_IRQHandler                          0x0800024b   Thumb Code     0  startup_stm32f10x_md.o(.text)
    TAMPER_IRQHandler                        0x0800024b   Thumb Code     0  startup_stm32f10x_md.o(.text)
    TIM1_BRK_IRQHandler                      0x0800024b   Thumb Code     0  startup_stm32f10x_md.o(.text)
    TIM1_CC_IRQHandler                       0x0800024b   Thumb Code     0  startup_stm32f10x_md.o(.text)
    TIM1_TRG_COM_IRQHandler                  0x0800024b   Thumb Code     0  startup_stm32f10x_md.o(.text)
    TIM1_UP_IRQHandler                       0x0800024b   Thumb Code     0  startup_stm32f10x_md.o(.text)
    USBWakeUp_IRQHandler                     0x0800024b   Thumb Code     0  startup_stm32f10x_md.o(.text)
    USB_HP_CAN1_TX_IRQHandler                0x0800024b   Thumb Code     0  startup_stm32f10x_md.o(.text)
    USB_LP_CAN1_RX0_IRQHandler               0x0800024b   Thumb Code     0  startup_stm32f10x_md.o(.text)
    WWDG_IRQHandler                          0x0800024b   Thumb Code     0  startup_stm32f10x_md.o(.text)
    __user_initial_stackheap                 0x0800024d   Thumb Code     0  startup_stm32f10x_md.o(.text)
    __use_no_semihosting                     0x08000271   Thumb Code     2  use_no_semi_2.o(.text)
    __2printf                                0x08000275   Thumb Code    20  __2printf.o(.text)
    _printf_str                              0x0800028d   Thumb Code    82  _printf_str.o(.text)
    _printf_int_dec                          0x080002e1   Thumb Code   104  _printf_dec.o(.text)
    __printf                                 0x08000359   Thumb Code   388  __printf_flags_ss_wp.o(.text)
    __aeabi_memcpy                           0x080004e1   Thumb Code     0  rt_memcpy_v6.o(.text)
    __rt_memcpy                              0x080004e1   Thumb Code   138  rt_memcpy_v6.o(.text)
    _memcpy_lastbytes                        0x08000547   Thumb Code     0  rt_memcpy_v6.o(.text)
    __aeabi_memcpy4                          0x0800056b   Thumb Code     0  rt_memcpy_w.o(.text)
    __aeabi_memcpy8                          0x0800056b   Thumb Code     0  rt_memcpy_w.o(.text)
    __rt_memcpy_w                            0x0800056b   Thumb Code   100  rt_memcpy_w.o(.text)
    _memcpy_lastbytes_aligned                0x080005b3   Thumb Code     0  rt_memcpy_w.o(.text)
    __aeabi_memset                           0x080005cf   Thumb Code    16  aeabi_memset.o(.text)
    __aeabi_memclr                           0x080005df   Thumb Code     0  rt_memclr.o(.text)
    __rt_memclr                              0x080005df   Thumb Code    68  rt_memclr.o(.text)
    _memset                                  0x080005e3   Thumb Code     0  rt_memclr.o(.text)
    __aeabi_memclr4                          0x08000623   Thumb Code     0  rt_memclr_w.o(.text)
    __aeabi_memclr8                          0x08000623   Thumb Code     0  rt_memclr_w.o(.text)
    __rt_memclr_w                            0x08000623   Thumb Code    78  rt_memclr_w.o(.text)
    _memset_w                                0x08000627   Thumb Code     0  rt_memclr_w.o(.text)
    __use_two_region_memory                  0x08000671   Thumb Code     2  heapauxi.o(.text)
    __rt_heap_escrow$2region                 0x08000673   Thumb Code     2  heapauxi.o(.text)
    __rt_heap_expand$2region                 0x08000675   Thumb Code     2  heapauxi.o(.text)
    __I$use$semihosting                      0x08000677   Thumb Code     0  use_no_semi.o(.text)
    __use_no_semihosting_swi                 0x08000677   Thumb Code     2  use_no_semi.o(.text)
    _printf_int_common                       0x08000679   Thumb Code   178  _printf_intcommon.o(.text)
    _printf_char_common                      0x08000737   Thumb Code    32  _printf_char_common.o(.text)
    _printf_cs_common                        0x0800075d   Thumb Code    20  _printf_char.o(.text)
    _printf_char                             0x08000771   Thumb Code    16  _printf_char.o(.text)
    _printf_string                           0x08000781   Thumb Code     8  _printf_char.o(.text)
    _printf_char_file                        0x08000789   Thumb Code    32  _printf_char_file.o(.text)
    ferror                                   0x080007ad   Thumb Code     8  ferror.o(.text)
    __user_libspace                          0x080007b5   Thumb Code     8  libspace.o(.text)
    __user_perproc_libspace                  0x080007b5   Thumb Code     0  libspace.o(.text)
    __user_perthread_libspace                0x080007b5   Thumb Code     0  libspace.o(.text)
    __user_setup_stackheap                   0x080007bd   Thumb Code    74  sys_stackheap_outer.o(.text)
    exit                                     0x08000807   Thumb Code    18  exit.o(.text)
    ADC_Cmd                                  0x08000819   Thumb Code    22  stm32f10x_adc.o(i.ADC_Cmd)
    ADC_GetCalibrationStatus                 0x0800082f   Thumb Code    20  stm32f10x_adc.o(i.ADC_GetCalibrationStatus)
    ADC_GetConversionValue                   0x08000843   Thumb Code     8  stm32f10x_adc.o(i.ADC_GetConversionValue)
    ADC_GetFlagStatus                        0x0800084b   Thumb Code    18  stm32f10x_adc.o(i.ADC_GetFlagStatus)
    ADC_GetResetCalibrationStatus            0x0800085d   Thumb Code    20  stm32f10x_adc.o(i.ADC_GetResetCalibrationStatus)
    ADC_Init                                 0x08000871   Thumb Code    70  stm32f10x_adc.o(i.ADC_Init)
    ADC_RegularChannelConfig                 0x080008c1   Thumb Code   184  stm32f10x_adc.o(i.ADC_RegularChannelConfig)
    ADC_ResetCalibration                     0x08000979   Thumb Code    10  stm32f10x_adc.o(i.ADC_ResetCalibration)
    ADC_SoftwareStartConvCmd                 0x08000983   Thumb Code    22  stm32f10x_adc.o(i.ADC_SoftwareStartConvCmd)
    ADC_StartCalibration                     0x08000999   Thumb Code    10  stm32f10x_adc.o(i.ADC_StartCalibration)
    AD_GetValue                              0x080009a5   Thumb Code    46  wadc.o(i.AD_GetValue)
    AppTaskCreate                            0x080009d9   Thumb Code    92  wtask.o(i.AppTaskCreate)
    BusFault_Handler                         0x08000a79   Thumb Code     4  stm32f10x_it.o(i.BusFault_Handler)
    ConfigureTimeForRunTimeStats             0x08000a7d   Thumb Code    24  timer.o(i.ConfigureTimeForRunTimeStats)
    DebugMon_Handler                         0x08000a99   Thumb Code     2  stm32f10x_it.o(i.DebugMon_Handler)
    EXTI15_10_IRQHandler                     0x08000a9d   Thumb Code    64  exti.o(i.EXTI15_10_IRQHandler)
    EXTI_ClearITPendingBit                   0x08000ae5   Thumb Code     6  stm32f10x_exti.o(i.EXTI_ClearITPendingBit)
    EXTI_GetITStatus                         0x08000af1   Thumb Code    34  stm32f10x_exti.o(i.EXTI_GetITStatus)
    GPIO_Init                                0x08000b19   Thumb Code   278  stm32f10x_gpio.o(i.GPIO_Init)
    GPIO_ReadInputDataBit                    0x08000c2f   Thumb Code    18  stm32f10x_gpio.o(i.GPIO_ReadInputDataBit)
    GPIO_ResetBits                           0x08000c41   Thumb Code     4  stm32f10x_gpio.o(i.GPIO_ResetBits)
    GPIO_SetBits                             0x08000c45   Thumb Code     4  stm32f10x_gpio.o(i.GPIO_SetBits)
    Get_RxPackge                             0x08000c49   Thumb Code    34  usart.o(i.Get_RxPackge)
    Get_Rx_Packge_State                      0x08000c79   Thumb Code    20  usart.o(i.Get_Rx_Packge_State)
    HardFault_Handler                        0x08000c91   Thumb Code     4  stm32f10x_it.o(i.HardFault_Handler)
    HardWare_Init                            0x08000c95   Thumb Code   166  wtask.o(i.HardWare_Init)
    LCD_Address_Set                          0x08000d61   Thumb Code    66  lcd_init.o(i.LCD_Address_Set)
    LCD_DrawPoint                            0x08000da3   Thumb Code    28  lcd.o(i.LCD_DrawPoint)
    LCD_Fill                                 0x08000dbf   Thumb Code    74  lcd.o(i.LCD_Fill)
    LCD_GPIO_Init                            0x08000e09   Thumb Code    46  lcd_init.o(i.LCD_GPIO_Init)
    LCD_Init                                 0x08000e3d   Thumb Code   500  lcd_init.o(i.LCD_Init)
    LCD_ShowChar                             0x08001035   Thumb Code   236  lcd.o(i.LCD_ShowChar)
    LCD_ShowString                           0x08001129   Thumb Code    66  lcd.o(i.LCD_ShowString)
    LCD_WR_DATA                              0x0800116b   Thumb Code    18  lcd_init.o(i.LCD_WR_DATA)
    LCD_WR_DATA8                             0x0800117d   Thumb Code    12  lcd_init.o(i.LCD_WR_DATA8)
    LCD_WR_REG                               0x08001189   Thumb Code    28  lcd_init.o(i.LCD_WR_REG)
    LCD_Writ_Bus                             0x080011a9   Thumb Code    78  lcd_init.o(i.LCD_Writ_Bus)
    MemManage_Handler                        0x080011fd   Thumb Code     4  stm32f10x_it.o(i.MemManage_Handler)
    NMI_Handler                              0x08001201   Thumb Code     2  stm32f10x_it.o(i.NMI_Handler)
    NVIC_Init                                0x08001205   Thumb Code   100  misc.o(i.NVIC_Init)
    NVIC_PriorityGroupConfig                 0x08001275   Thumb Code    10  misc.o(i.NVIC_PriorityGroupConfig)
    RCC_ADCCLKConfig                         0x08001289   Thumb Code    18  stm32f10x_rcc.o(i.RCC_ADCCLKConfig)
    RCC_APB1PeriphClockCmd                   0x080012a1   Thumb Code    26  stm32f10x_rcc.o(i.RCC_APB1PeriphClockCmd)
    RCC_APB2PeriphClockCmd                   0x080012c1   Thumb Code    26  stm32f10x_rcc.o(i.RCC_APB2PeriphClockCmd)
    RCC_GetClocksFreq                        0x080012e1   Thumb Code   192  stm32f10x_rcc.o(i.RCC_GetClocksFreq)
    Send_Byte                                0x080013b5   Thumb Code    28  usart.o(i.Send_Byte)
    Send_String                              0x080013d5   Thumb Code    22  usart.o(i.Send_String)
    Start_Task                               0x080014d5   Thumb Code    56  wtask.o(i.Start_Task)
    SysTick_CLKSourceConfig                  0x08001545   Thumb Code    40  misc.o(i.SysTick_CLKSourceConfig)
    SysTick_Handler                          0x0800156d   Thumb Code    16  delay.o(i.SysTick_Handler)
    SystemInit                               0x0800157d   Thumb Code    78  system_stm32f10x.o(i.SystemInit)
    TIM2_IRQHandler                          0x080015dd   Thumb Code    42  timer.o(i.TIM2_IRQHandler)
    TIM3_IRQHandler                          0x0800160d   Thumb Code    24  timer.o(i.TIM3_IRQHandler)
    TIM4_IRQHandler                          0x08001629   Thumb Code    62  timer.o(i.TIM4_IRQHandler)
    TIM_ClearFlag                            0x0800167d   Thumb Code     6  stm32f10x_tim.o(i.TIM_ClearFlag)
    TIM_ClearITPendingBit                    0x08001683   Thumb Code     6  stm32f10x_tim.o(i.TIM_ClearITPendingBit)
    TIM_Cmd                                  0x08001689   Thumb Code    24  stm32f10x_tim.o(i.TIM_Cmd)
    TIM_GetITStatus                          0x080016a1   Thumb Code    34  stm32f10x_tim.o(i.TIM_GetITStatus)
    TIM_ITConfig                             0x080016c3   Thumb Code    18  stm32f10x_tim.o(i.TIM_ITConfig)
    TIM_InternalClockConfig                  0x080016d5   Thumb Code    12  stm32f10x_tim.o(i.TIM_InternalClockConfig)
    TIM_SetCounter                           0x080016e1   Thumb Code     4  stm32f10x_tim.o(i.TIM_SetCounter)
    TIM_TimeBaseInit                         0x080016e5   Thumb Code   122  stm32f10x_tim.o(i.TIM_TimeBaseInit)
    Task_0                                   0x08001789   Thumb Code   502  wtask.o(i.Task_0)
    Task_1                                   0x080019ed   Thumb Code   150  wtask.o(i.Task_1)
    Timer2_Timing_Init                       0x08001a91   Thumb Code   130  timer.o(i.Timer2_Timing_Init)
    USART1_IRQHandler                        0x08001b15   Thumb Code    78  usart.o(i.USART1_IRQHandler)
    USART2_IRQHandler                        0x08001b7d   Thumb Code    78  usart.o(i.USART2_IRQHandler)
    USART3_IRQHandler                        0x08001be5   Thumb Code    78  usart.o(i.USART3_IRQHandler)
    USART_ClearITPendingBit                  0x08001c4d   Thumb Code    30  stm32f10x_usart.o(i.USART_ClearITPendingBit)
    USART_Cmd                                0x08001c6b   Thumb Code    24  stm32f10x_usart.o(i.USART_Cmd)
    USART_GetFlagStatus                      0x08001c83   Thumb Code    26  stm32f10x_usart.o(i.USART_GetFlagStatus)
    USART_GetITStatus                        0x08001c9d   Thumb Code    84  stm32f10x_usart.o(i.USART_GetITStatus)
    USART_ITConfig                           0x08001cf1   Thumb Code    74  stm32f10x_usart.o(i.USART_ITConfig)
    USART_Init                               0x08001d3d   Thumb Code   210  stm32f10x_usart.o(i.USART_Init)
    USART_ReceiveData                        0x08001e15   Thumb Code    10  stm32f10x_usart.o(i.USART_ReceiveData)
    USART_SendData                           0x08001e1f   Thumb Code     8  stm32f10x_usart.o(i.USART_SendData)
    UsageFault_Handler                       0x08001e27   Thumb Code     4  stm32f10x_it.o(i.UsageFault_Handler)
    WADC_Init                                0x08001e2d   Thumb Code   164  wadc.o(i.WADC_Init)
    WUsart1_Init                             0x08001ed9   Thumb Code   170  usart.o(i.WUsart1_Init)
    _is_digit                                0x08001f8d   Thumb Code    14  __printf_wp.o(i._is_digit)
    _sys_exit                                0x08001f9b   Thumb Code     4  usart.o(i._sys_exit)
    delay_init                               0x08001fa1   Thumb Code    74  delay.o(i.delay_init)
    delay_ms                                 0x08001ffd   Thumb Code    60  delay.o(i.delay_ms)
    delay_us                                 0x0800203d   Thumb Code    68  delay.o(i.delay_us)
    fputc                                    0x08002085   Thumb Code    16  usart.o(i.fputc)
    main                                     0x08002095   Thumb Code    12  main.o(i.main)
    pvPortMalloc                             0x08002b91   Thumb Code   302  heap_4.o(i.pvPortMalloc)
    pxPortInitialiseStack                    0x08002d0d   Thumb Code    30  port.o(i.pxPortInitialiseStack)
    uxListRemove                             0x08002d31   Thumb Code    40  list.o(i.uxListRemove)
    vListInitialise                          0x08002d59   Thumb Code    26  list.o(i.vListInitialise)
    vListInitialiseItem                      0x08002d73   Thumb Code     6  list.o(i.vListInitialiseItem)
    vListInsert                              0x08002d79   Thumb Code    52  list.o(i.vListInsert)
    vListInsertEnd                           0x08002dad   Thumb Code    24  list.o(i.vListInsertEnd)
    vPortEnterCritical                       0x08002dc5   Thumb Code    68  port.o(i.vPortEnterCritical)
    vPortExitCritical                        0x08002e49   Thumb Code    48  port.o(i.vPortExitCritical)
    vPortFree                                0x08002eb5   Thumb Code   130  heap_4.o(i.vPortFree)
    vPortSetupTimerInterrupt                 0x08002f79   Thumb Code    36  port.o(i.vPortSetupTimerInterrupt)
    vQueueAddToRegistry                      0x08002fa1   Thumb Code    84  queue.o(i.vQueueAddToRegistry)
    vQueueWaitForMessageRestricted           0x0800301d   Thumb Code    74  queue.o(i.vQueueWaitForMessageRestricted)
    vTaskDelay                               0x08003069   Thumb Code    72  tasks.o(i.vTaskDelay)
    vTaskDelete                              0x080030dd   Thumb Code   200  tasks.o(i.vTaskDelete)
    vTaskInternalSetTimeOutState             0x080031f1   Thumb Code    14  tasks.o(i.vTaskInternalSetTimeOutState)
    vTaskMissedYield                         0x08003209   Thumb Code     8  tasks.o(i.vTaskMissedYield)
    vTaskPlaceOnEventList                    0x08003215   Thumb Code    42  tasks.o(i.vTaskPlaceOnEventList)
    vTaskPlaceOnEventListRestricted          0x08003269   Thumb Code    84  tasks.o(i.vTaskPlaceOnEventListRestricted)
    vTaskStartScheduler                      0x080032e5   Thumb Code   116  tasks.o(i.vTaskStartScheduler)
    vTaskSuspendAll                          0x0800339d   Thumb Code    12  tasks.o(i.vTaskSuspendAll)
    vTaskSwitchContext                       0x080033ad   Thumb Code   162  tasks.o(i.vTaskSwitchContext)
    xPortStartScheduler                      0x08003495   Thumb Code   240  port.o(i.xPortStartScheduler)
    xPortSysTickHandler                      0x080035d1   Thumb Code    46  port.o(i.xPortSysTickHandler)
    xQueueGenericCreate                      0x08003605   Thumb Code    92  queue.o(i.xQueueGenericCreate)
    xQueueGenericReset                       0x08003685   Thumb Code   194  queue.o(i.xQueueGenericReset)
    xQueueReceive                            0x08003771   Thumb Code   326  queue.o(i.xQueueReceive)
    xTaskCheckForTimeOut                     0x080038e1   Thumb Code   116  tasks.o(i.xTaskCheckForTimeOut)
    xTaskCreate                              0x08003981   Thumb Code    96  tasks.o(i.xTaskCreate)
    xTaskGetSchedulerState                   0x080039e1   Thumb Code    24  tasks.o(i.xTaskGetSchedulerState)
    xTaskGetTickCount                        0x08003a01   Thumb Code     6  tasks.o(i.xTaskGetTickCount)
    xTaskIncrementTick                       0x08003a0d   Thumb Code   388  tasks.o(i.xTaskIncrementTick)
    xTaskPriorityDisinherit                  0x08003be1   Thumb Code   206  tasks.o(i.xTaskPriorityDisinherit)
    xTaskRemoveFromEventList                 0x08003ce1   Thumb Code   254  tasks.o(i.xTaskRemoveFromEventList)
    xTaskResumeAll                           0x08003e1d   Thumb Code   328  tasks.o(i.xTaskResumeAll)
    xTimerCreateTimerTask                    0x08003fad   Thumb Code    56  timers.o(i.xTimerCreateTimerTask)
    __aeabi_fdiv                             0x0800401d   Thumb Code     0  fdiv.o(x$fpl$fdiv)
    _fdiv                                    0x0800401d   Thumb Code   384  fdiv.o(x$fpl$fdiv)
    __aeabi_f2uiz                            0x080041a1   Thumb Code     0  ffixu.o(x$fpl$ffixu)
    _ffixu                                   0x080041a1   Thumb Code    62  ffixu.o(x$fpl$ffixu)
    __aeabi_ui2f                             0x080041e1   Thumb Code     0  fflt_clz.o(x$fpl$ffltu)
    _ffltu                                   0x080041e1   Thumb Code    38  fflt_clz.o(x$fpl$ffltu)
    __aeabi_fmul                             0x08004209   Thumb Code     0  fmul.o(x$fpl$fmul)
    _fmul                                    0x08004209   Thumb Code   258  fmul.o(x$fpl$fmul)
    __fpl_fnaninf                            0x0800430b   Thumb Code   140  fnaninf.o(x$fpl$fnaninf)
    __fpl_fretinf                            0x08004397   Thumb Code    10  fretinf.o(x$fpl$fretinf)
    __I$use$fp                               0x080043a0   Number         0  usenofp.o(x$fpl$usenofp)
    ascii_1608                               0x080043a0   Data        1520  lcd.o(.constdata)
    ascii_3216                               0x08004990   Data        6080  lcd.o(.constdata)
    tfont16                                  0x08006150   Data         170  lcd.o(.constdata)
    tfont24                                  0x080061fa   Data         370  lcd.o(.constdata)
    tfont32                                  0x0800636c   Data         650  lcd.o(.constdata)
    Region$$Table$$Base                      0x08006608   Number         0  anon$$obj.o(Region$$Table)
    Region$$Table$$Limit                     0x08006628   Number         0  anon$$obj.o(Region$$Table)
    SystemCoreClock                          0x20000000   Data           4  system_stm32f10x.o(.data)
    AHBPrescTable                            0x20000004   Data          16  system_stm32f10x.o(.data)
    __stdout                                 0x2000002c   Data           4  usart.o(.data)
    Rx_Data                                  0x20000030   Data           1  usart.o(.data)
    Rx_Flag                                  0x20000031   Data           1  usart.o(.data)
    Rx_Count                                 0x20000032   Data           1  usart.o(.data)
    Tx_Pack                                  0x20000033   Data           4  usart.o(.data)
    Rx_State                                 0x20000037   Data           1  usart.o(.data)
    FreeRTOSRunTimeTicks                     0x20000038   Data           8  timer.o(.data)
    RR_Value                                 0x20000040   Data           2  timer.o(.data)
    LL_Value                                 0x20000042   Data           2  timer.o(.data)
    R_V                                      0x20000044   Data           2  exti.o(.data)
    L_V                                      0x20000046   Data           2  exti.o(.data)
    ADC_X                                    0x20000054   Data           2  wtask.o(.data)
    ADC_Y                                    0x20000056   Data           2  wtask.o(.data)
    car_data                                 0x20000058   Data           1  wtask.o(.data)
    STOP                                     0x20000059   Data           1  wtask.o(.data)
    Tx_buf                                   0x2000005a   Data           8  wtask.o(.data)
    pxCurrentTCB                             0x20000064   Data           4  tasks.o(.data)
    uxTopUsedPriority                        0x2000009c   Data           4  tasks.o(.data)
    Rx_Pack                                  0x200000ec   Data          64  usart.o(.bss)
    Uart1_Rx                                 0x2000012c   Data          20  usart.o(.bss)
    ADC_CH                                   0x20000140   Data          12  wtask.o(.bss)
    xQueueRegistry                           0x2000014c   Data          64  queue.o(.bss)
    __libspace_start                         0x20002c98   Data          96  libspace.o(.bss)
    __temporary_stack_top$libspace           0x20002cf8   Data           0  libspace.o(.bss)



==============================================================================

Memory Map of the image

  Image Entry point : 0x080000ed

  Load Region LR_IROM1 (Base: 0x08000000, Size: 0x00006714, Max: 0x00010000, ABSOLUTE)

    Execution Region ER_IROM1 (Exec base: 0x08000000, Load base: 0x08000000, Size: 0x00006628, Max: 0x00010000, ABSOLUTE)

    Exec Addr    Load Addr    Size         Type   Attr      Idx    E Section Name        Object

    0x08000000   0x08000000   0x000000ec   Data   RO            3    RESET               startup_stm32f10x_md.o
    0x080000ec   0x080000ec   0x00000008   Code   RO         6236  * !!!main             c_w.l(__main.o)
    0x080000f4   0x080000f4   0x00000034   Code   RO         6664    !!!scatter          c_w.l(__scatter.o)
    0x08000128   0x08000128   0x0000001a   Code   RO         6666    !!handler_copy      c_w.l(__scatter_copy.o)
    0x08000142   0x08000142   0x00000002   PAD
    0x08000144   0x08000144   0x0000001c   Code   RO         6668    !!handler_zi        c_w.l(__scatter_zi.o)
    0x08000160   0x08000160   0x00000000   Code   RO         6215    .ARM.Collect$$_printf_percent$$00000000  c_w.l(_printf_percent.o)
    0x08000160   0x08000160   0x00000006   Code   RO         6213    .ARM.Collect$$_printf_percent$$00000009  c_w.l(_printf_d.o)
    0x08000166   0x08000166   0x00000006   Code   RO         6211    .ARM.Collect$$_printf_percent$$00000014  c_w.l(_printf_s.o)
    0x0800016c   0x0800016c   0x00000004   Code   RO         6354    .ARM.Collect$$_printf_percent$$00000017  c_w.l(_printf_percent_end.o)
    0x08000170   0x08000170   0x00000002   Code   RO         6524    .ARM.Collect$$libinit$$00000000  c_w.l(libinit.o)
    0x08000172   0x08000172   0x00000000   Code   RO         6541    .ARM.Collect$$libinit$$00000002  c_w.l(libinit2.o)
    0x08000172   0x08000172   0x00000000   Code   RO         6543    .ARM.Collect$$libinit$$00000004  c_w.l(libinit2.o)
    0x08000172   0x08000172   0x00000000   Code   RO         6546    .ARM.Collect$$libinit$$0000000A  c_w.l(libinit2.o)
    0x08000172   0x08000172   0x00000000   Code   RO         6548    .ARM.Collect$$libinit$$0000000C  c_w.l(libinit2.o)
    0x08000172   0x08000172   0x00000000   Code   RO         6550    .ARM.Collect$$libinit$$0000000E  c_w.l(libinit2.o)
    0x08000172   0x08000172   0x00000000   Code   RO         6553    .ARM.Collect$$libinit$$00000011  c_w.l(libinit2.o)
    0x08000172   0x08000172   0x00000000   Code   RO         6555    .ARM.Collect$$libinit$$00000013  c_w.l(libinit2.o)
    0x08000172   0x08000172   0x00000000   Code   RO         6557    .ARM.Collect$$libinit$$00000015  c_w.l(libinit2.o)
    0x08000172   0x08000172   0x00000000   Code   RO         6559    .ARM.Collect$$libinit$$00000017  c_w.l(libinit2.o)
    0x08000172   0x08000172   0x00000000   Code   RO         6561    .ARM.Collect$$libinit$$00000019  c_w.l(libinit2.o)
    0x08000172   0x08000172   0x00000000   Code   RO         6563    .ARM.Collect$$libinit$$0000001B  c_w.l(libinit2.o)
    0x08000172   0x08000172   0x00000000   Code   RO         6565    .ARM.Collect$$libinit$$0000001D  c_w.l(libinit2.o)
    0x08000172   0x08000172   0x00000000   Code   RO         6567    .ARM.Collect$$libinit$$0000001F  c_w.l(libinit2.o)
    0x08000172   0x08000172   0x00000000   Code   RO         6569    .ARM.Collect$$libinit$$00000021  c_w.l(libinit2.o)
    0x08000172   0x08000172   0x00000000   Code   RO         6571    .ARM.Collect$$libinit$$00000023  c_w.l(libinit2.o)
    0x08000172   0x08000172   0x00000000   Code   RO         6573    .ARM.Collect$$libinit$$00000025  c_w.l(libinit2.o)
    0x08000172   0x08000172   0x00000000   Code   RO         6577    .ARM.Collect$$libinit$$0000002C  c_w.l(libinit2.o)
    0x08000172   0x08000172   0x00000000   Code   RO         6579    .ARM.Collect$$libinit$$0000002E  c_w.l(libinit2.o)
    0x08000172   0x08000172   0x00000000   Code   RO         6581    .ARM.Collect$$libinit$$00000030  c_w.l(libinit2.o)
    0x08000172   0x08000172   0x00000000   Code   RO         6583    .ARM.Collect$$libinit$$00000032  c_w.l(libinit2.o)
    0x08000172   0x08000172   0x00000002   Code   RO         6584    .ARM.Collect$$libinit$$00000033  c_w.l(libinit2.o)
    0x08000174   0x08000174   0x00000002   Code   RO         6614    .ARM.Collect$$libshutdown$$00000000  c_w.l(libshutdown.o)
    0x08000176   0x08000176   0x00000000   Code   RO         6628    .ARM.Collect$$libshutdown$$00000002  c_w.l(libshutdown2.o)
    0x08000176   0x08000176   0x00000000   Code   RO         6630    .ARM.Collect$$libshutdown$$00000004  c_w.l(libshutdown2.o)
    0x08000176   0x08000176   0x00000000   Code   RO         6632    .ARM.Collect$$libshutdown$$00000006  c_w.l(libshutdown2.o)
    0x08000176   0x08000176   0x00000000   Code   RO         6635    .ARM.Collect$$libshutdown$$00000009  c_w.l(libshutdown2.o)
    0x08000176   0x08000176   0x00000000   Code   RO         6638    .ARM.Collect$$libshutdown$$0000000C  c_w.l(libshutdown2.o)
    0x08000176   0x08000176   0x00000000   Code   RO         6640    .ARM.Collect$$libshutdown$$0000000E  c_w.l(libshutdown2.o)
    0x08000176   0x08000176   0x00000000   Code   RO         6643    .ARM.Collect$$libshutdown$$00000011  c_w.l(libshutdown2.o)
    0x08000176   0x08000176   0x00000002   Code   RO         6644    .ARM.Collect$$libshutdown$$00000012  c_w.l(libshutdown2.o)
    0x08000178   0x08000178   0x00000000   Code   RO         6316    .ARM.Collect$$rtentry$$00000000  c_w.l(__rtentry.o)
    0x08000178   0x08000178   0x00000000   Code   RO         6425    .ARM.Collect$$rtentry$$00000002  c_w.l(__rtentry2.o)
    0x08000178   0x08000178   0x00000006   Code   RO         6437    .ARM.Collect$$rtentry$$00000004  c_w.l(__rtentry4.o)
    0x0800017e   0x0800017e   0x00000000   Code   RO         6427    .ARM.Collect$$rtentry$$00000009  c_w.l(__rtentry2.o)
    0x0800017e   0x0800017e   0x00000004   Code   RO         6428    .ARM.Collect$$rtentry$$0000000A  c_w.l(__rtentry2.o)
    0x08000182   0x08000182   0x00000000   Code   RO         6430    .ARM.Collect$$rtentry$$0000000C  c_w.l(__rtentry2.o)
    0x08000182   0x08000182   0x00000008   Code   RO         6431    .ARM.Collect$$rtentry$$0000000D  c_w.l(__rtentry2.o)
    0x0800018a   0x0800018a   0x00000002   Code   RO         6529    .ARM.Collect$$rtexit$$00000000  c_w.l(rtexit.o)
    0x0800018c   0x0800018c   0x00000000   Code   RO         6588    .ARM.Collect$$rtexit$$00000002  c_w.l(rtexit2.o)
    0x0800018c   0x0800018c   0x00000004   Code   RO         6589    .ARM.Collect$$rtexit$$00000003  c_w.l(rtexit2.o)
    0x08000190   0x08000190   0x00000006   Code   RO         6590    .ARM.Collect$$rtexit$$00000004  c_w.l(rtexit2.o)
    0x08000196   0x08000196   0x00000002   PAD
    0x08000198   0x08000198   0x00000096   Code   RO         6068    .emb_text           port.o
    0x0800022e   0x0800022e   0x00000002   PAD
    0x08000230   0x08000230   0x00000040   Code   RO            4    .text               startup_stm32f10x_md.o
    0x08000270   0x08000270   0x00000002   Code   RO         6147    .text               c_w.l(use_no_semi_2.o)
    0x08000272   0x08000272   0x00000002   PAD
    0x08000274   0x08000274   0x00000018   Code   RO         6153    .text               c_w.l(__2printf.o)
    0x0800028c   0x0800028c   0x00000052   Code   RO         6165    .text               c_w.l(_printf_str.o)
    0x080002de   0x080002de   0x00000002   PAD
    0x080002e0   0x080002e0   0x00000078   Code   RO         6167    .text               c_w.l(_printf_dec.o)
    0x08000358   0x08000358   0x00000188   Code   RO         6207    .text               c_w.l(__printf_flags_ss_wp.o)
    0x080004e0   0x080004e0   0x0000008a   Code   RO         6222    .text               c_w.l(rt_memcpy_v6.o)
    0x0800056a   0x0800056a   0x00000064   Code   RO         6224    .text               c_w.l(rt_memcpy_w.o)
    0x080005ce   0x080005ce   0x00000010   Code   RO         6228    .text               c_w.l(aeabi_memset.o)
    0x080005de   0x080005de   0x00000044   Code   RO         6230    .text               c_w.l(rt_memclr.o)
    0x08000622   0x08000622   0x0000004e   Code   RO         6232    .text               c_w.l(rt_memclr_w.o)
    0x08000670   0x08000670   0x00000006   Code   RO         6234    .text               c_w.l(heapauxi.o)
    0x08000676   0x08000676   0x00000002   Code   RO         6314    .text               c_w.l(use_no_semi.o)
    0x08000678   0x08000678   0x000000b2   Code   RO         6323    .text               c_w.l(_printf_intcommon.o)
    0x0800072a   0x0800072a   0x00000002   PAD
    0x0800072c   0x0800072c   0x00000030   Code   RO         6327    .text               c_w.l(_printf_char_common.o)
    0x0800075c   0x0800075c   0x0000002c   Code   RO         6331    .text               c_w.l(_printf_char.o)
    0x08000788   0x08000788   0x00000024   Code   RO         6333    .text               c_w.l(_printf_char_file.o)
    0x080007ac   0x080007ac   0x00000008   Code   RO         6459    .text               c_w.l(ferror.o)
    0x080007b4   0x080007b4   0x00000008   Code   RO         6473    .text               c_w.l(libspace.o)
    0x080007bc   0x080007bc   0x0000004a   Code   RO         6476    .text               c_w.l(sys_stackheap_outer.o)
    0x08000806   0x08000806   0x00000012   Code   RO         6517    .text               c_w.l(exit.o)
    0x08000818   0x08000818   0x00000016   Code   RO          202    i.ADC_Cmd           stm32f10x_adc.o
    0x0800082e   0x0800082e   0x00000014   Code   RO          210    i.ADC_GetCalibrationStatus  stm32f10x_adc.o
    0x08000842   0x08000842   0x00000008   Code   RO          211    i.ADC_GetConversionValue  stm32f10x_adc.o
    0x0800084a   0x0800084a   0x00000012   Code   RO          213    i.ADC_GetFlagStatus  stm32f10x_adc.o
    0x0800085c   0x0800085c   0x00000014   Code   RO          216    i.ADC_GetResetCalibrationStatus  stm32f10x_adc.o
    0x08000870   0x08000870   0x00000050   Code   RO          220    i.ADC_Init          stm32f10x_adc.o
    0x080008c0   0x080008c0   0x000000b8   Code   RO          224    i.ADC_RegularChannelConfig  stm32f10x_adc.o
    0x08000978   0x08000978   0x0000000a   Code   RO          225    i.ADC_ResetCalibration  stm32f10x_adc.o
    0x08000982   0x08000982   0x00000016   Code   RO          227    i.ADC_SoftwareStartConvCmd  stm32f10x_adc.o
    0x08000998   0x08000998   0x0000000a   Code   RO          229    i.ADC_StartCalibration  stm32f10x_adc.o
    0x080009a2   0x080009a2   0x00000002   PAD
    0x080009a4   0x080009a4   0x00000034   Code   RO         4711    i.AD_GetValue       wadc.o
    0x080009d8   0x080009d8   0x000000a0   Code   RO         4807    i.AppTaskCreate     wtask.o
    0x08000a78   0x08000a78   0x00000004   Code   RO         4762    i.BusFault_Handler  stm32f10x_it.o
    0x08000a7c   0x08000a7c   0x0000001c   Code   RO         4317    i.ConfigureTimeForRunTimeStats  timer.o
    0x08000a98   0x08000a98   0x00000002   Code   RO         4763    i.DebugMon_Handler  stm32f10x_it.o
    0x08000a9a   0x08000a9a   0x00000002   PAD
    0x08000a9c   0x08000a9c   0x00000048   Code   RO         4411    i.EXTI15_10_IRQHandler  exti.o
    0x08000ae4   0x08000ae4   0x0000000c   Code   RO          985    i.EXTI_ClearITPendingBit  stm32f10x_exti.o
    0x08000af0   0x08000af0   0x00000028   Code   RO          989    i.EXTI_GetITStatus  stm32f10x_exti.o
    0x08000b18   0x08000b18   0x00000116   Code   RO         1347    i.GPIO_Init         stm32f10x_gpio.o
    0x08000c2e   0x08000c2e   0x00000012   Code   RO         1351    i.GPIO_ReadInputDataBit  stm32f10x_gpio.o
    0x08000c40   0x08000c40   0x00000004   Code   RO         1354    i.GPIO_ResetBits    stm32f10x_gpio.o
    0x08000c44   0x08000c44   0x00000004   Code   RO         1355    i.GPIO_SetBits      stm32f10x_gpio.o
    0x08000c48   0x08000c48   0x00000030   Code   RO         3323    i.Get_RxPackge      usart.o
    0x08000c78   0x08000c78   0x00000018   Code   RO         3324    i.Get_Rx_Packge_State  usart.o
    0x08000c90   0x08000c90   0x00000004   Code   RO         4764    i.HardFault_Handler  stm32f10x_it.o
    0x08000c94   0x08000c94   0x000000cc   Code   RO         4808    i.HardWare_Init     wtask.o
    0x08000d60   0x08000d60   0x00000042   Code   RO         4663    i.LCD_Address_Set   lcd_init.o
    0x08000da2   0x08000da2   0x0000001c   Code   RO         4557    i.LCD_DrawPoint     lcd.o
    0x08000dbe   0x08000dbe   0x0000004a   Code   RO         4559    i.LCD_Fill          lcd.o
    0x08000e08   0x08000e08   0x00000034   Code   RO         4664    i.LCD_GPIO_Init     lcd_init.o
    0x08000e3c   0x08000e3c   0x000001f8   Code   RO         4665    i.LCD_Init          lcd_init.o
    0x08001034   0x08001034   0x000000f4   Code   RO         4560    i.LCD_ShowChar      lcd.o
    0x08001128   0x08001128   0x00000042   Code   RO         4568    i.LCD_ShowString    lcd.o
    0x0800116a   0x0800116a   0x00000012   Code   RO         4666    i.LCD_WR_DATA       lcd_init.o
    0x0800117c   0x0800117c   0x0000000c   Code   RO         4667    i.LCD_WR_DATA8      lcd_init.o
    0x08001188   0x08001188   0x00000020   Code   RO         4668    i.LCD_WR_REG        lcd_init.o
    0x080011a8   0x080011a8   0x00000054   Code   RO         4669    i.LCD_Writ_Bus      lcd_init.o
    0x080011fc   0x080011fc   0x00000004   Code   RO         4765    i.MemManage_Handler  stm32f10x_it.o
    0x08001200   0x08001200   0x00000002   Code   RO         4766    i.NMI_Handler       stm32f10x_it.o
    0x08001202   0x08001202   0x00000002   PAD
    0x08001204   0x08001204   0x00000070   Code   RO          137    i.NVIC_Init         misc.o
    0x08001274   0x08001274   0x00000014   Code   RO          138    i.NVIC_PriorityGroupConfig  misc.o
    0x08001288   0x08001288   0x00000018   Code   RO         1773    i.RCC_ADCCLKConfig  stm32f10x_rcc.o
    0x080012a0   0x080012a0   0x00000020   Code   RO         1775    i.RCC_APB1PeriphClockCmd  stm32f10x_rcc.o
    0x080012c0   0x080012c0   0x00000020   Code   RO         1777    i.RCC_APB2PeriphClockCmd  stm32f10x_rcc.o
    0x080012e0   0x080012e0   0x000000d4   Code   RO         1785    i.RCC_GetClocksFreq  stm32f10x_rcc.o
    0x080013b4   0x080013b4   0x00000020   Code   RO         3328    i.Send_Byte         usart.o
    0x080013d4   0x080013d4   0x00000016   Code   RO         3329    i.Send_String       usart.o
    0x080013ea   0x080013ea   0x00000008   Code   RO           24    i.SetSysClock       system_stm32f10x.o
    0x080013f2   0x080013f2   0x00000002   PAD
    0x080013f4   0x080013f4   0x000000e0   Code   RO           25    i.SetSysClockTo72   system_stm32f10x.o
    0x080014d4   0x080014d4   0x00000070   Code   RO         4809    i.Start_Task        wtask.o
    0x08001544   0x08001544   0x00000028   Code   RO          141    i.SysTick_CLKSourceConfig  misc.o
    0x0800156c   0x0800156c   0x00000010   Code   RO         3227    i.SysTick_Handler   delay.o
    0x0800157c   0x0800157c   0x00000060   Code   RO           27    i.SystemInit        system_stm32f10x.o
    0x080015dc   0x080015dc   0x00000030   Code   RO         4320    i.TIM2_IRQHandler   timer.o
    0x0800160c   0x0800160c   0x0000001c   Code   RO         4321    i.TIM3_IRQHandler   timer.o
    0x08001628   0x08001628   0x00000054   Code   RO         4323    i.TIM4_IRQHandler   timer.o
    0x0800167c   0x0800167c   0x00000006   Code   RO         2415    i.TIM_ClearFlag     stm32f10x_tim.o
    0x08001682   0x08001682   0x00000006   Code   RO         2416    i.TIM_ClearITPendingBit  stm32f10x_tim.o
    0x08001688   0x08001688   0x00000018   Code   RO         2421    i.TIM_Cmd           stm32f10x_tim.o
    0x080016a0   0x080016a0   0x00000022   Code   RO         2442    i.TIM_GetITStatus   stm32f10x_tim.o
    0x080016c2   0x080016c2   0x00000012   Code   RO         2446    i.TIM_ITConfig      stm32f10x_tim.o
    0x080016d4   0x080016d4   0x0000000c   Code   RO         2448    i.TIM_InternalClockConfig  stm32f10x_tim.o
    0x080016e0   0x080016e0   0x00000004   Code   RO         2486    i.TIM_SetCounter    stm32f10x_tim.o
    0x080016e4   0x080016e4   0x000000a4   Code   RO         2492    i.TIM_TimeBaseInit  stm32f10x_tim.o
    0x08001788   0x08001788   0x00000264   Code   RO         4810    i.Task_0            wtask.o
    0x080019ec   0x080019ec   0x000000a4   Code   RO         4811    i.Task_1            wtask.o
    0x08001a90   0x08001a90   0x00000082   Code   RO         4326    i.Timer2_Timing_Init  timer.o
    0x08001b12   0x08001b12   0x00000002   PAD
    0x08001b14   0x08001b14   0x00000068   Code   RO         3330    i.USART1_IRQHandler  usart.o
    0x08001b7c   0x08001b7c   0x00000068   Code   RO         3331    i.USART2_IRQHandler  usart.o
    0x08001be4   0x08001be4   0x00000068   Code   RO         3332    i.USART3_IRQHandler  usart.o
    0x08001c4c   0x08001c4c   0x0000001e   Code   RO         2957    i.USART_ClearITPendingBit  stm32f10x_usart.o
    0x08001c6a   0x08001c6a   0x00000018   Code   RO         2960    i.USART_Cmd         stm32f10x_usart.o
    0x08001c82   0x08001c82   0x0000001a   Code   RO         2963    i.USART_GetFlagStatus  stm32f10x_usart.o
    0x08001c9c   0x08001c9c   0x00000054   Code   RO         2964    i.USART_GetITStatus  stm32f10x_usart.o
    0x08001cf0   0x08001cf0   0x0000004a   Code   RO         2966    i.USART_ITConfig    stm32f10x_usart.o
    0x08001d3a   0x08001d3a   0x00000002   PAD
    0x08001d3c   0x08001d3c   0x000000d8   Code   RO         2967    i.USART_Init        stm32f10x_usart.o
    0x08001e14   0x08001e14   0x0000000a   Code   RO         2974    i.USART_ReceiveData  stm32f10x_usart.o
    0x08001e1e   0x08001e1e   0x00000008   Code   RO         2977    i.USART_SendData    stm32f10x_usart.o
    0x08001e26   0x08001e26   0x00000004   Code   RO         4767    i.UsageFault_Handler  stm32f10x_it.o
    0x08001e2a   0x08001e2a   0x00000002   PAD
    0x08001e2c   0x08001e2c   0x000000ac   Code   RO         4712    i.WADC_Init         wadc.o
    0x08001ed8   0x08001ed8   0x000000b4   Code   RO         3333    i.WUsart1_Init      usart.o
    0x08001f8c   0x08001f8c   0x0000000e   Code   RO         6200    i._is_digit         c_w.l(__printf_wp.o)
    0x08001f9a   0x08001f9a   0x00000004   Code   RO         3336    i._sys_exit         usart.o
    0x08001f9e   0x08001f9e   0x00000002   PAD
    0x08001fa0   0x08001fa0   0x0000005c   Code   RO         3228    i.delay_init        delay.o
    0x08001ffc   0x08001ffc   0x00000040   Code   RO         3229    i.delay_ms          delay.o
    0x0800203c   0x0800203c   0x00000048   Code   RO         3230    i.delay_us          delay.o
    0x08002084   0x08002084   0x00000010   Code   RO         3337    i.fputc             usart.o
    0x08002094   0x08002094   0x0000000c   Code   RO         4732    i.main              main.o
    0x080020a0   0x080020a0   0x000000c0   Code   RO         5444    i.prvAddCurrentTaskToDelayedList  tasks.o
    0x08002160   0x08002160   0x000000ec   Code   RO         5445    i.prvAddNewTaskToReadyList  tasks.o
    0x0800224c   0x0800224c   0x00000064   Code   RO         5851    i.prvCheckForValidListAndQueue  timers.o
    0x080022b0   0x080022b0   0x00000048   Code   RO         5446    i.prvCheckTasksWaitingTermination  tasks.o
    0x080022f8   0x080022f8   0x0000002a   Code   RO         5031    i.prvCopyDataFromQueue  queue.o
    0x08002322   0x08002322   0x0000007e   Code   RO         5032    i.prvCopyDataToQueue  queue.o
    0x080023a0   0x080023a0   0x00000012   Code   RO         5447    i.prvDeleteTCB      tasks.o
    0x080023b2   0x080023b2   0x00000002   PAD
    0x080023b4   0x080023b4   0x00000028   Code   RO         5852    i.prvGetNextExpireTime  timers.o
    0x080023dc   0x080023dc   0x0000007c   Code   RO         6013    i.prvHeapInit       heap_4.o
    0x08002458   0x08002458   0x00000028   Code   RO         5448    i.prvIdleTask       tasks.o
    0x08002480   0x08002480   0x0000002e   Code   RO         5035    i.prvInitialiseNewQueue  queue.o
    0x080024ae   0x080024ae   0x00000002   PAD
    0x080024b0   0x080024b0   0x000000f4   Code   RO         5449    i.prvInitialiseNewTask  tasks.o
    0x080025a4   0x080025a4   0x00000068   Code   RO         5450    i.prvInitialiseTaskLists  tasks.o
    0x0800260c   0x0800260c   0x00000068   Code   RO         6014    i.prvInsertBlockIntoFreeList  heap_4.o
    0x08002674   0x08002674   0x00000058   Code   RO         5854    i.prvInsertTimerInActiveList  timers.o
    0x080026cc   0x080026cc   0x0000001a   Code   RO         5036    i.prvIsQueueEmpty   queue.o
    0x080026e6   0x080026e6   0x00000002   PAD
    0x080026e8   0x080026e8   0x000000b4   Code   RO         5038    i.prvNotifyQueueSetContainer  queue.o
    0x0800279c   0x0800279c   0x00000044   Code   RO         5855    i.prvProcessExpiredTimer  timers.o
    0x080027e0   0x080027e0   0x0000015c   Code   RO         5856    i.prvProcessReceivedCommands  timers.o
    0x0800293c   0x0800293c   0x00000074   Code   RO         5857    i.prvProcessTimerOrBlockTask  timers.o
    0x080029b0   0x080029b0   0x00000028   Code   RO         5858    i.prvReloadTimer    timers.o
    0x080029d8   0x080029d8   0x00000030   Code   RO         5452    i.prvResetNextTaskUnblockTime  tasks.o
    0x08002a08   0x08002a08   0x0000002c   Code   RO         5859    i.prvSampleTimeNow  timers.o
    0x08002a34   0x08002a34   0x00000044   Code   RO         5860    i.prvSwitchTimerLists  timers.o
    0x08002a78   0x08002a78   0x0000006c   Code   RO         6069    i.prvTaskExitError  port.o
    0x08002ae4   0x08002ae4   0x0000001a   Code   RO         5861    i.prvTimerTask      timers.o
    0x08002afe   0x08002afe   0x00000090   Code   RO         5039    i.prvUnlockQueue    queue.o
    0x08002b8e   0x08002b8e   0x00000002   PAD
    0x08002b90   0x08002b90   0x0000017c   Code   RO         6015    i.pvPortMalloc      heap_4.o
    0x08002d0c   0x08002d0c   0x00000024   Code   RO         6070    i.pxPortInitialiseStack  port.o
    0x08002d30   0x08002d30   0x00000028   Code   RO         4991    i.uxListRemove      list.o
    0x08002d58   0x08002d58   0x0000001a   Code   RO         4992    i.vListInitialise   list.o
    0x08002d72   0x08002d72   0x00000006   Code   RO         4993    i.vListInitialiseItem  list.o
    0x08002d78   0x08002d78   0x00000034   Code   RO         4994    i.vListInsert       list.o
    0x08002dac   0x08002dac   0x00000018   Code   RO         4995    i.vListInsertEnd    list.o
    0x08002dc4   0x08002dc4   0x00000084   Code   RO         6072    i.vPortEnterCritical  port.o
    0x08002e48   0x08002e48   0x0000006c   Code   RO         6073    i.vPortExitCritical  port.o
    0x08002eb4   0x08002eb4   0x000000c4   Code   RO         6016    i.vPortFree         heap_4.o
    0x08002f78   0x08002f78   0x00000028   Code   RO         6074    i.vPortSetupTimerInterrupt  port.o
    0x08002fa0   0x08002fa0   0x0000007c   Code   RO         5045    i.vQueueAddToRegistry  queue.o
    0x0800301c   0x0800301c   0x0000004a   Code   RO         5049    i.vQueueWaitForMessageRestricted  queue.o
    0x08003066   0x08003066   0x00000002   PAD
    0x08003068   0x08003068   0x00000074   Code   RO         5467    i.vTaskDelay        tasks.o
    0x080030dc   0x080030dc   0x00000114   Code   RO         5468    i.vTaskDelete       tasks.o
    0x080031f0   0x080031f0   0x00000018   Code   RO         5473    i.vTaskInternalSetTimeOutState  tasks.o
    0x08003208   0x08003208   0x0000000c   Code   RO         5475    i.vTaskMissedYield  tasks.o
    0x08003214   0x08003214   0x00000054   Code   RO         5476    i.vTaskPlaceOnEventList  tasks.o
    0x08003268   0x08003268   0x0000007c   Code   RO         5477    i.vTaskPlaceOnEventListRestricted  tasks.o
    0x080032e4   0x080032e4   0x000000b8   Code   RO         5485    i.vTaskStartScheduler  tasks.o
    0x0800339c   0x0800339c   0x00000010   Code   RO         5487    i.vTaskSuspendAll   tasks.o
    0x080033ac   0x080033ac   0x000000e8   Code   RO         5488    i.vTaskSwitchContext  tasks.o
    0x08003494   0x08003494   0x0000013c   Code   RO         6076    i.xPortStartScheduler  port.o
    0x080035d0   0x080035d0   0x00000034   Code   RO         6077    i.xPortSysTickHandler  port.o
    0x08003604   0x08003604   0x00000080   Code   RO         5054    i.xQueueGenericCreate  queue.o
    0x08003684   0x08003684   0x000000ec   Code   RO         5055    i.xQueueGenericReset  queue.o
    0x08003770   0x08003770   0x00000170   Code   RO         5064    i.xQueueReceive     queue.o
    0x080038e0   0x080038e0   0x000000a0   Code   RO         5490    i.xTaskCheckForTimeOut  tasks.o
    0x08003980   0x08003980   0x00000060   Code   RO         5491    i.xTaskCreate       tasks.o
    0x080039e0   0x080039e0   0x00000020   Code   RO         5499    i.xTaskGetSchedulerState  tasks.o
    0x08003a00   0x08003a00   0x0000000c   Code   RO         5500    i.xTaskGetTickCount  tasks.o
    0x08003a0c   0x08003a0c   0x000001d4   Code   RO         5502    i.xTaskIncrementTick  tasks.o
    0x08003be0   0x08003be0   0x00000100   Code   RO         5503    i.xTaskPriorityDisinherit  tasks.o
    0x08003ce0   0x08003ce0   0x0000013c   Code   RO         5505    i.xTaskRemoveFromEventList  tasks.o
    0x08003e1c   0x08003e1c   0x00000190   Code   RO         5506    i.xTaskResumeAll    tasks.o
    0x08003fac   0x08003fac   0x00000070   Code   RO         5869    i.xTimerCreateTimerTask  timers.o
    0x0800401c   0x0800401c   0x00000184   Code   RO         6271    x$fpl$fdiv          fz_ws.l(fdiv.o)
    0x080041a0   0x080041a0   0x0000003e   Code   RO         6280    x$fpl$ffixu         fz_ws.l(ffixu.o)
    0x080041de   0x080041de   0x00000002   PAD
    0x080041e0   0x080041e0   0x00000026   Code   RO         6284    x$fpl$ffltu         fz_ws.l(fflt_clz.o)
    0x08004206   0x08004206   0x00000002   PAD
    0x08004208   0x08004208   0x00000102   Code   RO         6292    x$fpl$fmul          fz_ws.l(fmul.o)
    0x0800430a   0x0800430a   0x0000008c   Code   RO         6372    x$fpl$fnaninf       fz_ws.l(fnaninf.o)
    0x08004396   0x08004396   0x0000000a   Code   RO         6374    x$fpl$fretinf       fz_ws.l(fretinf.o)
    0x080043a0   0x080043a0   0x00000000   Code   RO         6386    x$fpl$usenofp       fz_ws.l(usenofp.o)
    0x080043a0   0x080043a0   0x00002256   Data   RO         4570    .constdata          lcd.o
    0x080065f6   0x080065f6   0x00000011   Data   RO         6208    .constdata          c_w.l(__printf_flags_ss_wp.o)
    0x08006607   0x08006607   0x00000001   PAD
    0x08006608   0x08006608   0x00000020   Data   RO         6662    Region$$Table       anon$$obj.o


    Execution Region RW_IRAM1 (Exec base: 0x20000000, Load base: 0x08006628, Size: 0x000032f8, Max: 0x00005000, ABSOLUTE)

    Exec Addr    Load Addr    Size         Type   Attr      Idx    E Section Name        Object

    0x20000000   0x08006628   0x00000014   Data   RW           28    .data               system_stm32f10x.o
    0x20000014   0x0800663c   0x00000014   Data   RW         1805    .data               stm32f10x_rcc.o
    0x20000028   0x08006650   0x00000004   Data   RW         3232    .data               delay.o
    0x2000002c   0x08006654   0x0000000c   Data   RW         3339    .data               usart.o
    0x20000038   0x08006660   0x0000000c   Data   RW         4330    .data               timer.o
    0x20000044   0x0800666c   0x00000004   Data   RW         4413    .data               exti.o
    0x20000048   0x08006670   0x0000001a   Data   RW         4815    .data               wtask.o
    0x20000062   0x0800668a   0x00000002   PAD
    0x20000064   0x0800668c   0x00000048   Data   RW         5509    .data               tasks.o
    0x200000ac   0x080066d4   0x00000014   Data   RW         5878    .data               timers.o
    0x200000c0   0x080066e8   0x00000020   Data   RW         6022    .data               heap_4.o
    0x200000e0   0x08006708   0x0000000c   Data   RW         6078    .data               port.o
    0x200000ec        -       0x00000054   Zero   RW         3338    .bss                usart.o
    0x20000140        -       0x0000000c   Zero   RW         4814    .bss                wtask.o
    0x2000014c        -       0x00000040   Zero   RW         5071    .bss                queue.o
    0x2000018c        -       0x000002e4   Zero   RW         5508    .bss                tasks.o
    0x20000470        -       0x00000028   Zero   RW         5877    .bss                timers.o
    0x20000498        -       0x00002800   Zero   RW         6021    .bss                heap_4.o
    0x20002c98        -       0x00000060   Zero   RW         6474    .bss                c_w.l(libspace.o)
    0x20002cf8        -       0x00000200   Zero   RW            2    HEAP                startup_stm32f10x_md.o
    0x20002ef8        -       0x00000400   Zero   RW            1    STACK               startup_stm32f10x_md.o


==============================================================================

Image component sizes


      Code (inc. data)   RO Data    RW Data    ZI Data      Debug   Object Name

         0          0          0          0          0       4508   core_cm3.o
       244         26          0          4          0      16901   delay.o
         0          0          0          0          0      14760   event_groups.o
        72          8          0          4          0        793   exti.o
       804        178          0         32      10240       4135   heap_4.o
       412          8       8790          0          0       4847   lcd.o
       768         20          0          0          0       4286   lcd_init.o
       148          0          0          0          0       3294   list.o
        12          0          0          0          0       2731   main.o
       172         22          0          0          0     214549   misc.o
       942        288          0         12          0       9968   port.o
      1494        198          0          0         64      12687   queue.o
        64         26        236          0       1536        868   startup_stm32f10x_md.o
       394         10          0          0          0      18837   stm32f10x_adc.o
        52         12          0          0          0       1144   stm32f10x_exti.o
       304          0          0          0          0      12044   stm32f10x_gpio.o
        20          0          0          0          0       2761   stm32f10x_it.o
       300         38          0         20          0      13769   stm32f10x_rcc.o
       268         42          0          0          0      25545   stm32f10x_tim.o
       472          6          0          0          0      12899   stm32f10x_usart.o
       328         28          0         20          0      45881   system_stm32f10x.o
      3762        838          0         72        740      33526   tasks.o
       318         36          0         12          0       3083   timer.o
      1050        182          0         20         40      11144   timers.o
       638        110          0         12         84       8275   usart.o
       224         14          0          0          0       1218   wadc.o
      1252        292          0         26         12       3733   wtask.o

    ----------------------------------------------------------------------
     14542       2382       9058        236      12716     488186   Object Totals
         0          0         32          0          0          0   (incl. Generated)
        28          0          0          2          0          0   (incl. Padding)

    ----------------------------------------------------------------------

      Code (inc. data)   RO Data    RW Data    ZI Data      Debug   Library Member Name

        24          4          0          0          0         84   __2printf.o
         8          0          0          0          0         68   __main.o
       392          4         17          0          0         92   __printf_flags_ss_wp.o
        14          0          0          0          0         68   __printf_wp.o
         0          0          0          0          0          0   __rtentry.o
        12          0          0          0          0          0   __rtentry2.o
         6          0          0          0          0          0   __rtentry4.o
        52          8          0          0          0          0   __scatter.o
        26          0          0          0          0          0   __scatter_copy.o
        28          0          0          0          0          0   __scatter_zi.o
        44          0          0          0          0        108   _printf_char.o
        48          6          0          0          0         96   _printf_char_common.o
        36          4          0          0          0         80   _printf_char_file.o
         6          0          0          0          0          0   _printf_d.o
       120         16          0          0          0         92   _printf_dec.o
       178          0          0          0          0         88   _printf_intcommon.o
         0          0          0          0          0          0   _printf_percent.o
         4          0          0          0          0          0   _printf_percent_end.o
         6          0          0          0          0          0   _printf_s.o
        82          0          0          0          0         80   _printf_str.o
        16          0          0          0          0         68   aeabi_memset.o
        18          0          0          0          0         80   exit.o
         8          0          0          0          0         68   ferror.o
         6          0          0          0          0        152   heapauxi.o
         2          0          0          0          0          0   libinit.o
         2          0          0          0          0          0   libinit2.o
         2          0          0          0          0          0   libshutdown.o
         2          0          0          0          0          0   libshutdown2.o
         8          4          0          0         96         68   libspace.o
        68          0          0          0          0         68   rt_memclr.o
        78          0          0          0          0         80   rt_memclr_w.o
       138          0          0          0          0         68   rt_memcpy_v6.o
       100          0          0          0          0         80   rt_memcpy_w.o
         2          0          0          0          0          0   rtexit.o
        10          0          0          0          0          0   rtexit2.o
        74          0          0          0          0         80   sys_stackheap_outer.o
         2          0          0          0          0         68   use_no_semi.o
         2          0          0          0          0         68   use_no_semi_2.o
       388         76          0          0          0         96   fdiv.o
        62          4          0          0          0         84   ffixu.o
        38          0          0          0          0         68   fflt_clz.o
       258          4          0          0          0         84   fmul.o
       140          4          0          0          0         84   fnaninf.o
        10          0          0          0          0         68   fretinf.o
         0          0          0          0          0          0   usenofp.o

    ----------------------------------------------------------------------
      2534        134         18          0         96       2288   Library Totals
        14          0          1          0          0          0   (incl. Padding)

    ----------------------------------------------------------------------

      Code (inc. data)   RO Data    RW Data    ZI Data      Debug   Library Name

      1624         46         17          0         96       1804   c_w.l
       896         88          0          0          0        484   fz_ws.l

    ----------------------------------------------------------------------
      2534        134         18          0         96       2288   Library Totals

    ----------------------------------------------------------------------

==============================================================================


      Code (inc. data)   RO Data    RW Data    ZI Data      Debug   

     17076       2516       9076        236      12812     481630   Grand Totals
     17076       2516       9076        236      12812     481630   ELF Image Totals
     17076       2516       9076        236          0          0   ROM Totals

==============================================================================

    Total RO  Size (Code + RO Data)                26152 (  25.54kB)
    Total RW  Size (RW Data + ZI Data)             13048 (  12.74kB)
    Total ROM Size (Code + RO Data + RW Data)      26388 (  25.77kB)

==============================================================================

