Component: ARM Compiler 5.06 update 7 (build 960) Tool: armlink [4d3601]

==============================================================================

Section Cross References

    startup_stm32f10x_md.o(STACK) refers (Special) to heapauxi.o(.text) for __use_two_region_memory
    startup_stm32f10x_md.o(HEAP) refers (Special) to heapauxi.o(.text) for __use_two_region_memory
    startup_stm32f10x_md.o(RESET) refers (Special) to heapauxi.o(.text) for __use_two_region_memory
    startup_stm32f10x_md.o(RESET) refers to startup_stm32f10x_md.o(STACK) for __initial_sp
    startup_stm32f10x_md.o(RESET) refers to startup_stm32f10x_md.o(.text) for Reset_Handler
    startup_stm32f10x_md.o(RESET) refers to stm32f10x_it.o(i.NMI_Handler) for NMI_Handler
    startup_stm32f10x_md.o(RESET) refers to stm32f10x_it.o(i.HardFault_Handler) for HardFault_Handler
    startup_stm32f10x_md.o(RESET) refers to stm32f10x_it.o(i.MemManage_Handler) for MemManage_Handler
    startup_stm32f10x_md.o(RESET) refers to stm32f10x_it.o(i.BusFault_Handler) for BusFault_Handler
    startup_stm32f10x_md.o(RESET) refers to stm32f10x_it.o(i.UsageFault_Handler) for UsageFault_Handler
    startup_stm32f10x_md.o(RESET) refers to port.o(.emb_text) for SVC_Handler
    startup_stm32f10x_md.o(RESET) refers to stm32f10x_it.o(i.DebugMon_Handler) for DebugMon_Handler
    startup_stm32f10x_md.o(RESET) refers to delay.o(i.SysTick_Handler) for SysTick_Handler
    startup_stm32f10x_md.o(RESET) refers to can.o(i.USB_LP_CAN1_RX0_IRQHandler) for USB_LP_CAN1_RX0_IRQHandler
    startup_stm32f10x_md.o(RESET) refers to timer.o(i.TIM2_IRQHandler) for TIM2_IRQHandler
    startup_stm32f10x_md.o(RESET) refers to timer.o(i.TIM3_IRQHandler) for TIM3_IRQHandler
    startup_stm32f10x_md.o(RESET) refers to timer.o(i.TIM4_IRQHandler) for TIM4_IRQHandler
    startup_stm32f10x_md.o(RESET) refers to usart.o(i.USART1_IRQHandler) for USART1_IRQHandler
    startup_stm32f10x_md.o(RESET) refers to usart.o(i.USART2_IRQHandler) for USART2_IRQHandler
    startup_stm32f10x_md.o(RESET) refers to usart.o(i.USART3_IRQHandler) for USART3_IRQHandler
    startup_stm32f10x_md.o(RESET) refers to exti.o(i.EXTI15_10_IRQHandler) for EXTI15_10_IRQHandler
    startup_stm32f10x_md.o(.text) refers (Special) to heapauxi.o(.text) for __use_two_region_memory
    startup_stm32f10x_md.o(.text) refers to system_stm32f10x.o(i.SystemInit) for SystemInit
    startup_stm32f10x_md.o(.text) refers to __main.o(!!!main) for __main
    startup_stm32f10x_md.o(.text) refers to startup_stm32f10x_md.o(HEAP) for Heap_Mem
    startup_stm32f10x_md.o(.text) refers to startup_stm32f10x_md.o(STACK) for Stack_Mem
    system_stm32f10x.o(i.SetSysClock) refers to system_stm32f10x.o(i.SetSysClockTo72) for SetSysClockTo72
    system_stm32f10x.o(i.SystemCoreClockUpdate) refers to system_stm32f10x.o(.data) for SystemCoreClock
    system_stm32f10x.o(i.SystemInit) refers to system_stm32f10x.o(i.SetSysClock) for SetSysClock
    stm32f10x_adc.o(i.ADC_DeInit) refers to stm32f10x_rcc.o(i.RCC_APB2PeriphResetCmd) for RCC_APB2PeriphResetCmd
    stm32f10x_bkp.o(i.BKP_DeInit) refers to stm32f10x_rcc.o(i.RCC_BackupResetCmd) for RCC_BackupResetCmd
    stm32f10x_can.o(i.CAN_DeInit) refers to stm32f10x_rcc.o(i.RCC_APB1PeriphResetCmd) for RCC_APB1PeriphResetCmd
    stm32f10x_can.o(i.CAN_GetITStatus) refers to stm32f10x_can.o(i.CheckITStatus) for CheckITStatus
    stm32f10x_cec.o(i.CEC_DeInit) refers to stm32f10x_rcc.o(i.RCC_APB1PeriphResetCmd) for RCC_APB1PeriphResetCmd
    stm32f10x_dac.o(i.DAC_DeInit) refers to stm32f10x_rcc.o(i.RCC_APB1PeriphResetCmd) for RCC_APB1PeriphResetCmd
    stm32f10x_flash.o(i.FLASH_EnableWriteProtection) refers to stm32f10x_flash.o(i.FLASH_WaitForLastOperation) for FLASH_WaitForLastOperation
    stm32f10x_flash.o(i.FLASH_EraseAllBank1Pages) refers to stm32f10x_flash.o(i.FLASH_WaitForLastBank1Operation) for FLASH_WaitForLastBank1Operation
    stm32f10x_flash.o(i.FLASH_EraseAllPages) refers to stm32f10x_flash.o(i.FLASH_WaitForLastOperation) for FLASH_WaitForLastOperation
    stm32f10x_flash.o(i.FLASH_EraseOptionBytes) refers to stm32f10x_flash.o(i.FLASH_GetReadOutProtectionStatus) for FLASH_GetReadOutProtectionStatus
    stm32f10x_flash.o(i.FLASH_EraseOptionBytes) refers to stm32f10x_flash.o(i.FLASH_WaitForLastOperation) for FLASH_WaitForLastOperation
    stm32f10x_flash.o(i.FLASH_ErasePage) refers to stm32f10x_flash.o(i.FLASH_WaitForLastOperation) for FLASH_WaitForLastOperation
    stm32f10x_flash.o(i.FLASH_ProgramHalfWord) refers to stm32f10x_flash.o(i.FLASH_WaitForLastOperation) for FLASH_WaitForLastOperation
    stm32f10x_flash.o(i.FLASH_ProgramOptionByteData) refers to stm32f10x_flash.o(i.FLASH_WaitForLastOperation) for FLASH_WaitForLastOperation
    stm32f10x_flash.o(i.FLASH_ProgramWord) refers to stm32f10x_flash.o(i.FLASH_WaitForLastOperation) for FLASH_WaitForLastOperation
    stm32f10x_flash.o(i.FLASH_ReadOutProtection) refers to stm32f10x_flash.o(i.FLASH_WaitForLastOperation) for FLASH_WaitForLastOperation
[...]
    __use_no_semihosting                     0x080002b1   Thumb Code     2  use_no_semi_2.o(.text)
    __aeabi_ldivmod                          0x080002b3   Thumb Code     0  llsdiv.o(.text)
    _ll_sdiv                                 0x080002b3   Thumb Code    72  llsdiv.o(.text)
    __2printf                                0x080002fd   Thumb Code    20  __2printf.o(.text)
    __2sprintf                               0x08000315   Thumb Code    38  __2sprintf.o(.text)
    _printf_str                              0x08000341   Thumb Code    82  _printf_str.o(.text)
    _printf_int_dec                          0x08000395   Thumb Code   104  _printf_dec.o(.text)
    __printf                                 0x0800040d   Thumb Code   388  __printf_flags_ss_wp.o(.text)
    memcmp                                   0x08000595   Thumb Code    88  memcmp.o(.text)
    __aeabi_memcpy                           0x080005ed   Thumb Code     0  rt_memcpy_v6.o(.text)
    __rt_memcpy                              0x080005ed   Thumb Code   138  rt_memcpy_v6.o(.text)
    _memcpy_lastbytes                        0x08000653   Thumb Code     0  rt_memcpy_v6.o(.text)
    __aeabi_memcpy4                          0x08000677   Thumb Code     0  rt_memcpy_w.o(.text)
    __aeabi_memcpy8                          0x08000677   Thumb Code     0  rt_memcpy_w.o(.text)
    __rt_memcpy_w                            0x08000677   Thumb Code   100  rt_memcpy_w.o(.text)
    _memcpy_lastbytes_aligned                0x080006bf   Thumb Code     0  rt_memcpy_w.o(.text)
    __aeabi_memset                           0x080006db   Thumb Code    16  aeabi_memset.o(.text)
    __aeabi_memclr                           0x080006eb   Thumb Code     0  rt_memclr.o(.text)
    __rt_memclr                              0x080006eb   Thumb Code    68  rt_memclr.o(.text)
    _memset                                  0x080006ef   Thumb Code     0  rt_memclr.o(.text)
    __aeabi_memclr4                          0x0800072f   Thumb Code     0  rt_memclr_w.o(.text)
    __aeabi_memclr8                          0x0800072f   Thumb Code     0  rt_memclr_w.o(.text)
    __rt_memclr_w                            0x0800072f   Thumb Code    78  rt_memclr_w.o(.text)
    _memset_w                                0x08000733   Thumb Code     0  rt_memclr_w.o(.text)
    strcmp                                   0x0800077d   Thumb Code   128  strcmpv7m.o(.text)
    __use_two_region_memory                  0x080007fd   Thumb Code     2  heapauxi.o(.text)
    __rt_heap_escrow$2region                 0x080007ff   Thumb Code     2  heapauxi.o(.text)
    __rt_heap_expand$2region                 0x08000801   Thumb Code     2  heapauxi.o(.text)
    __I$use$semihosting                      0x08000803   Thumb Code     0  use_no_semi.o(.text)
    __use_no_semihosting_swi                 0x08000803   Thumb Code     2  use_no_semi.o(.text)
    __aeabi_uldivmod                         0x08000805   Thumb Code     0  lludivv7m.o(.text)
    _ll_udiv                                 0x08000805   Thumb Code   238  lludivv7m.o(.text)
    __read_errno                             0x080008f3   Thumb Code    10  _rserrno.o(.text)
    __set_errno                              0x080008fd   Thumb Code    12  _rserrno.o(.text)
    _printf_int_common                       0x08000909   Thumb Code   178  _printf_intcommon.o(.text)
    _printf_char_common                      0x080009c7   Thumb Code    32  _printf_char_common.o(.text)
    _sputc                                   0x080009ed   Thumb Code    10  _sputc.o(.text)
    _printf_cs_common                        0x080009f7   Thumb Code    20  _printf_char.o(.text)
    _printf_char                             0x08000a0b   Thumb Code    16  _printf_char.o(.text)
    _printf_string                           0x08000a1b   Thumb Code     8  _printf_char.o(.text)
    _printf_char_file                        0x08000a25   Thumb Code    32  _printf_char_file.o(.text)
    __aeabi_errno_addr                       0x08000a49   Thumb Code     8  rt_errno_addr_intlibspace.o(.text)
    __errno$intlibspace                      0x08000a49   Thumb Code     0  rt_errno_addr_intlibspace.o(.text)
    __rt_errno_addr$intlibspace              0x08000a49   Thumb Code     0  rt_errno_addr_intlibspace.o(.text)
    ferror                                   0x08000a51   Thumb Code     8  ferror.o(.text)
    __user_libspace                          0x08000a59   Thumb Code     8  libspace.o(.text)
    __user_perproc_libspace                  0x08000a59   Thumb Code     0  libspace.o(.text)
    __user_perthread_libspace                0x08000a59   Thumb Code     0  libspace.o(.text)
    __user_setup_stackheap                   0x08000a61   Thumb Code    74  sys_stackheap_outer.o(.text)
    exit                                     0x08000aab   Thumb Code    18  exit.o(.text)
    AHT10Init                                0x08000abd   Thumb Code    92  aht10.o(i.AHT10Init)
    AHT10ReadData                            0x08000b21   Thumb Code   380  aht10.o(i.AHT10ReadData)
    AHT10Reset                               0x08000cb5   Thumb Code    32  aht10.o(i.AHT10Reset)
    AppTaskCreate                            0x08000cd5   Thumb Code   160  wtask.o(i.AppTaskCreate)
    BusFault_Handler                         0x08000dd9   Thumb Code     4  stm32f10x_it.o(i.BusFault_Handler)
    CAN_Config                               0x08000ddd   Thumb Code   238  can.o(i.CAN_Config)
    CAN_FilterInit                           0x08000ed5   Thumb Code   258  stm32f10x_can.o(i.CAN_FilterInit)
    CAN_ITConfig                             0x08000fdd   Thumb Code    18  stm32f10x_can.o(i.CAN_ITConfig)
    CAN_Init                                 0x08000fef   Thumb Code   276  stm32f10x_can.o(i.CAN_Init)
    CAN_Receive                              0x08001103   Thumb Code   240  stm32f10x_can.o(i.CAN_Receive)
    CAN_Transmit                             0x080011f3   Thumb Code   294  stm32f10x_can.o(i.CAN_Transmit)
    CAN_TransmitStatus                       0x08001319   Thumb Code   138  stm32f10x_can.o(i.CAN_TransmitStatus)
    Can_Receive_Msg                          0x080013b9   Thumb Code    50  can.o(i.Can_Receive_Msg)
    Can_Send_Msg                             0x080013f1   Thumb Code   110  can.o(i.Can_Send_Msg)
    ConfigureTimeForRunTimeStats             0x08001465   Thumb Code    24  timer.o(i.ConfigureTimeForRunTimeStats)
    DebugMon_Handler                         0x08001481   Thumb Code     2  stm32f10x_it.o(i.DebugMon_Handler)
    EXTI15_10_IRQHandler                     0x08001485   Thumb Code    64  exti.o(i.EXTI15_10_IRQHandler)
    EXTI_ClearITPendingBit                   0x080014cd   Thumb Code     6  stm32f10x_exti.o(i.EXTI_ClearITPendingBit)
    EXTI_GetITStatus                         0x080014d9   Thumb Code    34  stm32f10x_exti.o(i.EXTI_GetITStatus)
    EXTI_Init                                0x08001501   Thumb Code   142  stm32f10x_exti.o(i.EXTI_Init)
    Extern_Interrupt_Init                    0x08001595   Thumb Code   152  exti.o(i.Extern_Interrupt_Init)
    GPIO_EXTILineConfig                      0x08001631   Thumb Code    60  stm32f10x_gpio.o(i.GPIO_EXTILineConfig)
    GPIO_Init                                0x08001671   Thumb Code   278  stm32f10x_gpio.o(i.GPIO_Init)
    GPIO_PinRemapConfig                      0x08001789   Thumb Code   138  stm32f10x_gpio.o(i.GPIO_PinRemapConfig)
    GPIO_ResetBits                           0x08001819   Thumb Code     4  stm32f10x_gpio.o(i.GPIO_ResetBits)
    GPIO_SetBits                             0x0800181d   Thumb Code     4  stm32f10x_gpio.o(i.GPIO_SetBits)
    GPIO_WriteBit                            0x08001821   Thumb Code    10  stm32f10x_gpio.o(i.GPIO_WriteBit)
    HardFault_Handler                        0x0800182b   Thumb Code     4  stm32f10x_it.o(i.HardFault_Handler)
    HardWare_Init                            0x0800182f   Thumb Code    80  wtask.o(i.HardWare_Init)
    IIC_Ack                                  0x08001881   Thumb Code    66  aht10.o(i.IIC_Ack)
    IIC_NAck                                 0x080018d1   Thumb Code    66  aht10.o(i.IIC_NAck)
    IIC_Read_Byte                            0x08001921   Thumb Code    98  aht10.o(i.IIC_Read_Byte)
    IIC_Send_Byte                            0x08001991   Thumb Code   104  aht10.o(i.IIC_Send_Byte)
    IIC_Start                                0x08001a05   Thumb Code    64  aht10.o(i.IIC_Start)
    IIC_Stop                                 0x08001a51   Thumb Code    62  aht10.o(i.IIC_Stop)
    IIC_Wait_Ack                             0x08001a9d   Thumb Code    86  aht10.o(i.IIC_Wait_Ack)
    MPU_Get_Accelerometer                    0x08001b01   Thumb Code    80  mpu6050.o(i.MPU_Get_Accelerometer)
    MPU_Get_Gyroscope                        0x08001b51   Thumb Code    80  mpu6050.o(i.MPU_Get_Gyroscope)
    MPU_IIC_Ack                              0x08001ba1   Thumb Code    62  mpuiic.o(i.MPU_IIC_Ack)
    MPU_IIC_Delay                            0x08001bed   Thumb Code    10  mpuiic.o(i.MPU_IIC_Delay)
    MPU_IIC_Init                             0x08001bf9   Thumb Code    50  mpuiic.o(i.MPU_IIC_Init)
    MPU_IIC_NAck                             0x08001c31   Thumb Code    62  mpuiic.o(i.MPU_IIC_NAck)
    MPU_IIC_Read_Byte                        0x08001c7d   Thumb Code    94  mpuiic.o(i.MPU_IIC_Read_Byte)
    MPU_IIC_Send_Byte                        0x08001ce9   Thumb Code    80  mpuiic.o(i.MPU_IIC_Send_Byte)
    MPU_IIC_Start                            0x08001d45   Thumb Code    60  mpuiic.o(i.MPU_IIC_Start)
    MPU_IIC_Stop                             0x08001d8d   Thumb Code    58  mpuiic.o(i.MPU_IIC_Stop)
    MPU_IIC_Wait_Ack                         0x08001dd5   Thumb Code    86  mpuiic.o(i.MPU_IIC_Wait_Ack)
    MPU_Init                                 0x08001e39   Thumb Code   122  mpu6050.o(i.MPU_Init)
    MPU_Read_Byte                            0x08001eb3   Thumb Code    58  mpu6050.o(i.MPU_Read_Byte)
    MPU_Read_Len                             0x08001eed   Thumb Code   116  mpu6050.o(i.MPU_Read_Len)
    MPU_Set_Accel_Fsr                        0x08001f61   Thumb Code    16  mpu6050.o(i.MPU_Set_Accel_Fsr)
    MPU_Set_Gyro_Fsr                         0x08001f71   Thumb Code    16  mpu6050.o(i.MPU_Set_Gyro_Fsr)
    MPU_Set_LPF                              0x08001f81   Thumb Code    58  mpu6050.o(i.MPU_Set_LPF)
    MPU_Set_Rate                             0x08001fbb   Thumb Code    58  mpu6050.o(i.MPU_Set_Rate)
    MPU_Write_Byte                           0x08001ff5   Thumb Code    68  mpu6050.o(i.MPU_Write_Byte)
    MPU_Write_Len                            0x08002039   Thumb Code    96  mpu6050.o(i.MPU_Write_Len)
    MemManage_Handler                        0x08002099   Thumb Code     4  stm32f10x_it.o(i.MemManage_Handler)
    NMI_Handler                              0x0800209d   Thumb Code     2  stm32f10x_it.o(i.NMI_Handler)
    NVIC_Init                                0x080020a1   Thumb Code   100  misc.o(i.NVIC_Init)
    NVIC_PriorityGroupConfig                 0x08002111   Thumb Code    10  misc.o(i.NVIC_PriorityGroupConfig)
    OLED_Clear                               0x08002125   Thumb Code    42  oled.o(i.OLED_Clear)
    OLED_I2C_Init                            0x08002151   Thumb Code    74  oled.o(i.OLED_I2C_Init)
    OLED_I2C_SendByte                        0x080021a1   Thumb Code    76  oled.o(i.OLED_I2C_SendByte)
    OLED_I2C_Start                           0x080021f1   Thumb Code    46  oled.o(i.OLED_I2C_Start)
    OLED_I2C_Stop                            0x08002225   Thumb Code    36  oled.o(i.OLED_I2C_Stop)
    OLED_Init                                0x0800224d   Thumb Code   174  oled.o(i.OLED_Init)
    OLED_Pow                                 0x080022fb   Thumb Code    20  oled.o(i.OLED_Pow)
    OLED_SetCursor                           0x0800230f   Thumb Code    34  oled.o(i.OLED_SetCursor)
    OLED_ShowChar                            0x08002331   Thumb Code   110  oled.o(i.OLED_ShowChar)
    OLED_ShowNum                             0x080023a5   Thumb Code    68  oled.o(i.OLED_ShowNum)
    OLED_ShowSignedNum                       0x080023e9   Thumb Code   102  oled.o(i.OLED_ShowSignedNum)
    OLED_ShowString                          0x0800244f   Thumb Code    40  oled.o(i.OLED_ShowString)
    OLED_WriteCommand                        0x08002477   Thumb Code    32  oled.o(i.OLED_WriteCommand)
    OLED_WriteData                           0x08002497   Thumb Code    32  oled.o(i.OLED_WriteData)
    RCC_APB1PeriphClockCmd                   0x080024b9   Thumb Code    26  stm32f10x_rcc.o(i.RCC_APB1PeriphClockCmd)
    RCC_APB2PeriphClockCmd                   0x080024d9   Thumb Code    26  stm32f10x_rcc.o(i.RCC_APB2PeriphClockCmd)
    RCC_GetClocksFreq                        0x080024f9   Thumb Code   192  stm32f10x_rcc.o(i.RCC_GetClocksFreq)
    Send_Byte                                0x080025cd   Thumb Code    28  usart.o(i.Send_Byte)
    Start_Task                               0x080026d5   Thumb Code    56  wtask.o(i.Start_Task)
    SysTick_CLKSourceConfig                  0x08002745   Thumb Code    40  misc.o(i.SysTick_CLKSourceConfig)
    SysTick_Handler                          0x0800276d   Thumb Code    16  delay.o(i.SysTick_Handler)
    SystemInit                               0x0800277d   Thumb Code    78  system_stm32f10x.o(i.SystemInit)
    TIM2_IRQHandler                          0x080027dd   Thumb Code    42  timer.o(i.TIM2_IRQHandler)
    TIM3_IRQHandler                          0x0800280d   Thumb Code    24  timer.o(i.TIM3_IRQHandler)
    TIM4_IRQHandler                          0x08002829   Thumb Code    62  timer.o(i.TIM4_IRQHandler)
    TIM_ClearFlag                            0x0800287d   Thumb Code     6  stm32f10x_tim.o(i.TIM_ClearFlag)
    TIM_ClearITPendingBit                    0x08002883   Thumb Code     6  stm32f10x_tim.o(i.TIM_ClearITPendingBit)
    TIM_Cmd                                  0x08002889   Thumb Code    24  stm32f10x_tim.o(i.TIM_Cmd)
    TIM_GetITStatus                          0x080028a1   Thumb Code    34  stm32f10x_tim.o(i.TIM_GetITStatus)
    TIM_ITConfig                             0x080028c3   Thumb Code    18  stm32f10x_tim.o(i.TIM_ITConfig)
    TIM_InternalClockConfig                  0x080028d5   Thumb Code    12  stm32f10x_tim.o(i.TIM_InternalClockConfig)
    TIM_OC1Init                              0x080028e1   Thumb Code   132  stm32f10x_tim.o(i.TIM_OC1Init)
    TIM_OC2Init                              0x08002979   Thumb Code   154  stm32f10x_tim.o(i.TIM_OC2Init)
    TIM_OCStructInit                         0x08002a1d   Thumb Code    20  stm32f10x_tim.o(i.TIM_OCStructInit)
    TIM_SetCompare1                          0x08002a31   Thumb Code     4  stm32f10x_tim.o(i.TIM_SetCompare1)
    TIM_SetCompare2                          0x08002a35   Thumb Code     4  stm32f10x_tim.o(i.TIM_SetCompare2)
    TIM_SetCounter                           0x08002a39   Thumb Code     4  stm32f10x_tim.o(i.TIM_SetCounter)
    TIM_TimeBaseInit                         0x08002a3d   Thumb Code   122  stm32f10x_tim.o(i.TIM_TimeBaseInit)
    Task_0                                   0x08002ae1   Thumb Code   208  wtask.o(i.Task_0)
    Task_1                                   0x08002c05   Thumb Code   196  wtask.o(i.Task_1)
    Task_2                                   0x08002d59   Thumb Code   546  wtask.o(i.Task_2)
    Task_3                                   0x08002fd9   Thumb Code    10  wtask.o(i.Task_3)
    Timer2_Timing_Init                       0x08002fe3   Thumb Code   130  timer.o(i.Timer2_Timing_Init)
    Timer3_PWM_Init                          0x08003065   Thumb Code   150  timer.o(i.Timer3_PWM_Init)
    Timer4_Timing_Init                       0x08003105   Thumb Code   118  timer.o(i.Timer4_Timing_Init)
    USART1_IRQHandler                        0x08003181   Thumb Code    78  usart.o(i.USART1_IRQHandler)
    USART2_IRQHandler                        0x080031e9   Thumb Code    78  usart.o(i.USART2_IRQHandler)
    USART3_IRQHandler                        0x08003251   Thumb Code    78  usart.o(i.USART3_IRQHandler)
    USART_ClearITPendingBit                  0x080032b9   Thumb Code    30  stm32f10x_usart.o(i.USART_ClearITPendingBit)
    USART_Cmd                                0x080032d7   Thumb Code    24  stm32f10x_usart.o(i.USART_Cmd)
    USART_GetFlagStatus                      0x080032ef   Thumb Code    26  stm32f10x_usart.o(i.USART_GetFlagStatus)
    USART_GetITStatus                        0x08003309   Thumb Code    84  stm32f10x_usart.o(i.USART_GetITStatus)
    USART_ITConfig                           0x0800335d   Thumb Code    74  stm32f10x_usart.o(i.USART_ITConfig)
    USART_Init                               0x080033a9   Thumb Code   210  stm32f10x_usart.o(i.USART_Init)
    USART_ReceiveData                        0x08003481   Thumb Code    10  stm32f10x_usart.o(i.USART_ReceiveData)
    USART_SendData                           0x0800348b   Thumb Code     8  stm32f10x_usart.o(i.USART_SendData)
    USB_LP_CAN1_RX0_IRQHandler               0x08003495   Thumb Code    20  can.o(i.USB_LP_CAN1_RX0_IRQHandler)
    UsageFault_Handler                       0x080034b5   Thumb Code     4  stm32f10x_it.o(i.UsageFault_Handler)
    WUsart1_Init                             0x080034b9   Thumb Code   174  usart.o(i.WUsart1_Init)
    __ARM_fpclassify                         0x08003571   Thumb Code    40  fpclassify.o(i.__ARM_fpclassify)
    __kernel_poly                            0x08003599   Thumb Code   170  poly.o(i.__kernel_poly)
    __mathlib_dbl_infnan                     0x08003643   Thumb Code     6  dunder.o(i.__mathlib_dbl_infnan)
    __mathlib_dbl_infnan2                    0x08003649   Thumb Code     4  dunder.o(i.__mathlib_dbl_infnan2)
    __mathlib_dbl_invalid                    0x0800364d   Thumb Code    12  dunder.o(i.__mathlib_dbl_invalid)
    __mathlib_dbl_underflow                  0x08003659   Thumb Code    10  dunder.o(i.__mathlib_dbl_underflow)
    _is_digit                                0x08003669   Thumb Code    14  __printf_wp.o(i._is_digit)
    _sys_exit                                0x08003677   Thumb Code     4  usart.o(i._sys_exit)
    asin                                     0x08003725   Thumb Code   572  asin.o(i.asin)
    atan                                     0x08003995   Thumb Code   474  atan.o(i.atan)
    atan2                                    0x08003bb5   Thumb Code   374  atan2.o(i.atan2)
    delay_init                               0x08003db5   Thumb Code    74  delay.o(i.delay_init)
    delay_ms                                 0x08003e11   Thumb Code    60  delay.o(i.delay_ms)
    delay_us                                 0x08003e51   Thumb Code    68  delay.o(i.delay_us)
    dmp_enable_6x_lp_quat                    0x08003e99   Thumb Code    60  inv_mpu_dmp_motion_driver.o(i.dmp_enable_6x_lp_quat)
    dmp_enable_feature                       0x08003ed5   Thumb Code   530  inv_mpu_dmp_motion_driver.o(i.dmp_enable_feature)
    dmp_enable_gyro_cal                      0x080040f1   Thumb Code    62  inv_mpu_dmp_motion_driver.o(i.dmp_enable_gyro_cal)
    dmp_enable_lp_quat                       0x08004149   Thumb Code    60  inv_mpu_dmp_motion_driver.o(i.dmp_enable_lp_quat)
    dmp_load_motion_driver_firmware          0x08004185   Thumb Code    20  inv_mpu_dmp_motion_driver.o(i.dmp_load_motion_driver_firmware)
    dmp_read_fifo                            0x0800419d   Thumb Code   456  inv_mpu_dmp_motion_driver.o(i.dmp_read_fifo)
    dmp_set_accel_bias                       0x08004369   Thumb Code   300  inv_mpu_dmp_motion_driver.o(i.dmp_set_accel_bias)
    dmp_set_fifo_rate                        0x08004499   Thumb Code    96  inv_mpu_dmp_motion_driver.o(i.dmp_set_fifo_rate)
    dmp_set_gyro_bias                        0x08004509   Thumb Code   294  inv_mpu_dmp_motion_driver.o(i.dmp_set_gyro_bias)
    dmp_set_orientation                      0x08004639   Thumb Code   290  inv_mpu_dmp_motion_driver.o(i.dmp_set_orientation)
    dmp_set_shake_reject_thresh              0x08004771   Thumb Code    56  inv_mpu_dmp_motion_driver.o(i.dmp_set_shake_reject_thresh)
    dmp_set_shake_reject_time                0x080047a9   Thumb Code    38  inv_mpu_dmp_motion_driver.o(i.dmp_set_shake_reject_time)
    dmp_set_shake_reject_timeout             0x080047cf   Thumb Code    38  inv_mpu_dmp_motion_driver.o(i.dmp_set_shake_reject_timeout)
    dmp_set_tap_axes                         0x080047f5   Thumb Code    70  inv_mpu_dmp_motion_driver.o(i.dmp_set_tap_axes)
    dmp_set_tap_count                        0x0800483b   Thumb Code    38  inv_mpu_dmp_motion_driver.o(i.dmp_set_tap_count)
    dmp_set_tap_thresh                       0x08004861   Thumb Code   396  inv_mpu_dmp_motion_driver.o(i.dmp_set_tap_thresh)
    dmp_set_tap_time                         0x08004a01   Thumb Code    38  inv_mpu_dmp_motion_driver.o(i.dmp_set_tap_time)
    dmp_set_tap_time_multi                   0x08004a27   Thumb Code    38  inv_mpu_dmp_motion_driver.o(i.dmp_set_tap_time_multi)
    fputc                                    0x08004a4d   Thumb Code    16  usart.o(i.fputc)
    inv_orientation_matrix_to_scalar         0x0800508d   Thumb Code    40  inv_mpu.o(i.inv_orientation_matrix_to_scalar)
    inv_row_2_scale                          0x080050b5   Thumb Code    78  inv_mpu.o(i.inv_row_2_scale)
    main                                     0x08005103   Thumb Code    12  main.o(i.main)
    mget_ms                                  0x0800510f   Thumb Code     2  inv_mpu.o(i.mget_ms)
    mpu_configure_fifo                       0x08005111   Thumb Code   106  inv_mpu.o(i.mpu_configure_fifo)
    mpu_dmp_get_data                         0x08005181   Thumb Code   544  inv_mpu.o(i.mpu_dmp_get_data)
    mpu_dmp_init                             0x080053a5   Thumb Code   154  inv_mpu.o(i.mpu_dmp_init)
    mpu_get_accel_fsr                        0x08005445   Thumb Code    72  inv_mpu.o(i.mpu_get_accel_fsr)
    mpu_get_accel_sens                       0x08005491   Thumb Code    78  inv_mpu.o(i.mpu_get_accel_sens)
    mpu_get_fifo_config                      0x080054e5   Thumb Code    12  inv_mpu.o(i.mpu_get_fifo_config)
    mpu_get_gyro_fsr                         0x080054f5   Thumb Code    64  inv_mpu.o(i.mpu_get_gyro_fsr)
    mpu_get_gyro_sens                        0x08005539   Thumb Code    58  inv_mpu.o(i.mpu_get_gyro_sens)
    mpu_get_lpf                              0x08005589   Thumb Code    74  inv_mpu.o(i.mpu_get_lpf)
    mpu_get_sample_rate                      0x080055d9   Thumb Code    26  inv_mpu.o(i.mpu_get_sample_rate)
    mpu_init                                 0x080055f9   Thumb Code   416  inv_mpu.o(i.mpu_init)
    mpu_load_firmware                        0x080057e9   Thumb Code   180  inv_mpu.o(i.mpu_load_firmware)
    mpu_lp_accel_mode                        0x080058a1   Thumb Code   218  inv_mpu.o(i.mpu_lp_accel_mode)
    mpu_read_fifo_stream                     0x08005981   Thumb Code   186  inv_mpu.o(i.mpu_read_fifo_stream)
    mpu_read_mem                             0x08005a41   Thumb Code   122  inv_mpu.o(i.mpu_read_mem)
    mpu_reset_fifo                           0x08005ac1   Thumb Code   450  inv_mpu.o(i.mpu_reset_fifo)
    mpu_run_self_test                        0x08005c89   Thumb Code   278  inv_mpu.o(i.mpu_run_self_test)
    mpu_set_accel_fsr                        0x08005da5   Thumb Code   126  inv_mpu.o(i.mpu_set_accel_fsr)
    mpu_set_bypass                           0x08005e29   Thumb Code   328  inv_mpu.o(i.mpu_set_bypass)
    mpu_set_dmp_state                        0x08005f75   Thumb Code   138  inv_mpu.o(i.mpu_set_dmp_state)
    mpu_set_gyro_fsr                         0x08006005   Thumb Code   132  inv_mpu.o(i.mpu_set_gyro_fsr)
    mpu_set_int_latched                      0x0800608d   Thumb Code   102  inv_mpu.o(i.mpu_set_int_latched)
    mpu_set_lpf                              0x080060f9   Thumb Code   126  inv_mpu.o(i.mpu_set_lpf)
    mpu_set_sample_rate                      0x0800617d   Thumb Code   152  inv_mpu.o(i.mpu_set_sample_rate)
    mpu_set_sensors                          0x08006219   Thumb Code   202  inv_mpu.o(i.mpu_set_sensors)
    mpu_write_mem                            0x080062e9   Thumb Code   122  inv_mpu.o(i.mpu_write_mem)
    pvPortMalloc                             0x08006e59   Thumb Code   302  heap_4.o(i.pvPortMalloc)
    pxPortInitialiseStack                    0x08006fd5   Thumb Code    30  port.o(i.pxPortInitialiseStack)
    run_self_test                            0x08006ff9   Thumb Code   148  inv_mpu.o(i.run_self_test)
    sqrt                                     0x0800711d   Thumb Code    76  sqrt.o(i.sqrt)
    uxListRemove                             0x08007169   Thumb Code    40  list.o(i.uxListRemove)
    vListInitialise                          0x08007191   Thumb Code    26  list.o(i.vListInitialise)
    vListInitialiseItem                      0x080071ab   Thumb Code     6  list.o(i.vListInitialiseItem)
    vListInsert                              0x080071b1   Thumb Code    52  list.o(i.vListInsert)
    vListInsertEnd                           0x080071e5   Thumb Code    24  list.o(i.vListInsertEnd)
    vPortEnterCritical                       0x080071fd   Thumb Code    68  port.o(i.vPortEnterCritical)
    vPortExitCritical                        0x08007281   Thumb Code    48  port.o(i.vPortExitCritical)
    vPortFree                                0x080072ed   Thumb Code   130  heap_4.o(i.vPortFree)
    vPortSetupTimerInterrupt                 0x080073b1   Thumb Code    36  port.o(i.vPortSetupTimerInterrupt)
    vQueueAddToRegistry                      0x080073d9   Thumb Code    84  queue.o(i.vQueueAddToRegistry)
    vQueueWaitForMessageRestricted           0x08007455   Thumb Code    74  queue.o(i.vQueueWaitForMessageRestricted)
    vTaskDelay                               0x080074a1   Thumb Code    72  tasks.o(i.vTaskDelay)
    vTaskDelete                              0x08007515   Thumb Code   200  tasks.o(i.vTaskDelete)
    vTaskInternalSetTimeOutState             0x08007629   Thumb Code    14  tasks.o(i.vTaskInternalSetTimeOutState)
    vTaskMissedYield                         0x08007641   Thumb Code     8  tasks.o(i.vTaskMissedYield)
    vTaskPlaceOnEventList                    0x0800764d   Thumb Code    42  tasks.o(i.vTaskPlaceOnEventList)
    vTaskPlaceOnEventListRestricted          0x080076a1   Thumb Code    84  tasks.o(i.vTaskPlaceOnEventListRestricted)
    vTaskStartScheduler                      0x0800771d   Thumb Code   116  tasks.o(i.vTaskStartScheduler)
    vTaskSuspendAll                          0x080077d5   Thumb Code    12  tasks.o(i.vTaskSuspendAll)
    vTaskSwitchContext                       0x080077e5   Thumb Code   162  tasks.o(i.vTaskSwitchContext)
    wheels_GPIO_Init                         0x080078cd   Thumb Code    74  l298n.o(i.wheels_GPIO_Init)
    wheels_RL                                0x08007921   Thumb Code   156  l298n.o(i.wheels_RL)
    xPortStartScheduler                      0x080079c5   Thumb Code   240  port.o(i.xPortStartScheduler)
    xPortSysTickHandler                      0x08007b01   Thumb Code    46  port.o(i.xPortSysTickHandler)
    xQueueGenericCreate                      0x08007b35   Thumb Code    92  queue.o(i.xQueueGenericCreate)
    xQueueGenericReset                       0x08007bb5   Thumb Code   194  queue.o(i.xQueueGenericReset)
    xQueueReceive                            0x08007ca1   Thumb Code   326  queue.o(i.xQueueReceive)
    xTaskCheckForTimeOut                     0x08007e11   Thumb Code   116  tasks.o(i.xTaskCheckForTimeOut)
    xTaskCreate                              0x08007eb1   Thumb Code    96  tasks.o(i.xTaskCreate)
    xTaskGetSchedulerState                   0x08007f11   Thumb Code    24  tasks.o(i.xTaskGetSchedulerState)
    xTaskGetTickCount                        0x08007f31   Thumb Code     6  tasks.o(i.xTaskGetTickCount)
    xTaskIncrementTick                       0x08007f3d   Thumb Code   388  tasks.o(i.xTaskIncrementTick)
    xTaskPriorityDisinherit                  0x08008111   Thumb Code   206  tasks.o(i.xTaskPriorityDisinherit)
    xTaskRemoveFromEventList                 0x08008211   Thumb Code   254  tasks.o(i.xTaskRemoveFromEventList)
    xTaskResumeAll                           0x0800834d   Thumb Code   328  tasks.o(i.xTaskResumeAll)
    xTimerCreateTimerTask                    0x080084dd   Thumb Code    56  timers.o(i.xTimerCreateTimerTask)
    __aeabi_d2f                              0x0800854d   Thumb Code     0  d2f.o(x$fpl$d2f)
    _d2f                                     0x0800854d   Thumb Code    98  d2f.o(x$fpl$d2f)
    __aeabi_dadd                             0x080085b1   Thumb Code     0  daddsub_clz.o(x$fpl$dadd)
    _dadd                                    0x080085b1   Thumb Code   332  daddsub_clz.o(x$fpl$dadd)
    __fpl_dcheck_NaN1                        0x08008701   Thumb Code    10  dcheck1.o(x$fpl$dcheck1)
    __fpl_dcmp_Inf                           0x08008711   Thumb Code    24  dcmpi.o(x$fpl$dcmpinf)
    __aeabi_ddiv                             0x08008729   Thumb Code     0  ddiv.o(x$fpl$ddiv)
    _ddiv                                    0x08008729   Thumb Code   552  ddiv.o(x$fpl$ddiv)
    __aeabi_cdcmpeq                          0x080089d9   Thumb Code     0  deqf.o(x$fpl$deqf)
    _dcmpeq                                  0x080089d9   Thumb Code   120  deqf.o(x$fpl$deqf)
    __aeabi_d2iz                             0x08008a51   Thumb Code     0  dfix.o(x$fpl$dfix)
    _dfix                                    0x08008a51   Thumb Code    94  dfix.o(x$fpl$dfix)
    __aeabi_i2d                              0x08008aaf   Thumb Code     0  dflt_clz.o(x$fpl$dflt)
    _dflt                                    0x08008aaf   Thumb Code    46  dflt_clz.o(x$fpl$dflt)
    __aeabi_ui2d                             0x08008add   Thumb Code     0  dflt_clz.o(x$fpl$dfltu)
    _dfltu                                   0x08008add   Thumb Code    38  dflt_clz.o(x$fpl$dfltu)
    __aeabi_dmul                             0x08008b05   Thumb Code     0  dmul.o(x$fpl$dmul)
    _dmul                                    0x08008b05   Thumb Code   332  dmul.o(x$fpl$dmul)
    __fpl_dnaninf                            0x08008c59   Thumb Code   156  dnaninf.o(x$fpl$dnaninf)
    __fpl_dretinf                            0x08008cf5   Thumb Code    12  dretinf.o(x$fpl$dretinf)
    __aeabi_drsub                            0x08008d01   Thumb Code     0  daddsub_clz.o(x$fpl$drsb)
    _drsb                                    0x08008d01   Thumb Code    22  daddsub_clz.o(x$fpl$drsb)
    _dsqrt                                   0x08008d19   Thumb Code   456  dsqrt_noumaal.o(x$fpl$dsqrt)
    __aeabi_dsub                             0x08008ee5   Thumb Code     0  daddsub_clz.o(x$fpl$dsub)
    _dsub                                    0x08008ee5   Thumb Code   464  daddsub_clz.o(x$fpl$dsub)
    __aeabi_f2d                              0x080090b9   Thumb Code     0  f2d.o(x$fpl$f2d)
    _f2d                                     0x080090b9   Thumb Code    86  f2d.o(x$fpl$f2d)
    __aeabi_fadd                             0x08009111   Thumb Code     0  faddsub_clz.o(x$fpl$fadd)
    _fadd                                    0x08009111   Thumb Code   196  faddsub_clz.o(x$fpl$fadd)
    __fpl_fcmp_Inf                           0x080091d5   Thumb Code    24  fcmpi.o(x$fpl$fcmpinf)
    __aeabi_fdiv                             0x080091ed   Thumb Code     0  fdiv.o(x$fpl$fdiv)
    _fdiv                                    0x080091ed   Thumb Code   384  fdiv.o(x$fpl$fdiv)
    __aeabi_cfcmpeq                          0x08009371   Thumb Code     0  feqf.o(x$fpl$feqf)
    _fcmpeq                                  0x08009371   Thumb Code   104  feqf.o(x$fpl$feqf)
    __aeabi_f2iz                             0x080093d9   Thumb Code     0  ffix.o(x$fpl$ffix)
    _ffix                                    0x080093d9   Thumb Code    54  ffix.o(x$fpl$ffix)
    __aeabi_f2uiz                            0x08009411   Thumb Code     0  ffixu.o(x$fpl$ffixu)
    _ffixu                                   0x08009411   Thumb Code    62  ffixu.o(x$fpl$ffixu)
    __aeabi_i2f                              0x08009451   Thumb Code     0  fflt_clz.o(x$fpl$fflt)
    _fflt                                    0x08009451   Thumb Code    48  fflt_clz.o(x$fpl$fflt)
    __aeabi_ui2f                             0x08009481   Thumb Code     0  fflt_clz.o(x$fpl$ffltu)
    _ffltu                                   0x08009481   Thumb Code    38  fflt_clz.o(x$fpl$ffltu)
    __aeabi_cfcmple                          0x080094a9   Thumb Code     0  fleqf.o(x$fpl$fleqf)
    _fcmple                                  0x080094a9   Thumb Code   104  fleqf.o(x$fpl$fleqf)
    __fpl_fcmple_InfNaN                      0x080094fb   Thumb Code     0  fleqf.o(x$fpl$fleqf)
    __aeabi_fmul                             0x08009511   Thumb Code     0  fmul.o(x$fpl$fmul)
    _fmul                                    0x08009511   Thumb Code   258  fmul.o(x$fpl$fmul)
    __fpl_fnaninf                            0x08009613   Thumb Code   140  fnaninf.o(x$fpl$fnaninf)
    __fpl_fretinf                            0x0800969f   Thumb Code    10  fretinf.o(x$fpl$fretinf)
    __aeabi_cfrcmple                         0x080096a9   Thumb Code     0  frleqf.o(x$fpl$frleqf)
    _frcmple                                 0x080096a9   Thumb Code    98  frleqf.o(x$fpl$frleqf)
    __aeabi_fsub                             0x0800970d   Thumb Code     0  faddsub_clz.o(x$fpl$fsub)
    _fsub                                    0x0800970d   Thumb Code   234  faddsub_clz.o(x$fpl$fsub)
    __fpl_return_NaN                         0x080097f7   Thumb Code   100  retnan.o(x$fpl$retnan)
    __ARM_scalbn                             0x0800985b   Thumb Code    92  scalbn.o(x$fpl$scalbn)
    __fpl_cmpreturn                          0x080098b7   Thumb Code    48  trapv.o(x$fpl$trapveneer)
    OLED_F8x16                               0x080098e6   Data        1520  oled.o(.constdata)
    __I$use$fp                               0x080098e6   Number         0  usenofp.o(x$fpl$usenofp)
    reg                                      0x08009ed8   Data          27  inv_mpu.o(.constdata)
    hw                                       0x08009ef4   Data          12  inv_mpu.o(.constdata)
    test                                     0x08009f00   Data          40  inv_mpu.o(.constdata)
    __mathlib_zero                           0x0800ac18   Data           8  qnan.o(.constdata)
    Region$$Table$$Base                      0x0800ac70   Number         0  anon$$obj.o(Region$$Table)
    Region$$Table$$Limit                     0x0800ac90   Number         0  anon$$obj.o(Region$$Table)
    SystemCoreClock                          0x20000000   Data           4  system_stm32f10x.o(.data)
    AHBPrescTable                            0x20000004   Data          16  system_stm32f10x.o(.data)
    __stdout                                 0x2000002c   Data           4  usart.o(.data)
    Rx_Data                                  0x20000030   Data           1  usart.o(.data)
    Rx_Flag                                  0x20000031   Data           1  usart.o(.data)
    Rx_Count                                 0x20000032   Data           1  usart.o(.data)
    Tx_Pack                                  0x20000033   Data           4  usart.o(.data)
    Rx_State                                 0x20000037   Data           1  usart.o(.data)
    FreeRTOSRunTimeTicks                     0x20000070   Data           8  timer.o(.data)
    RR_Value                                 0x20000078   Data           2  timer.o(.data)
    LL_Value                                 0x2000007a   Data           2  timer.o(.data)
    R_V                                      0x2000007c   Data           2  exti.o(.data)
    L_V                                      0x2000007e   Data           2  exti.o(.data)
    CAN_INT_Flag                             0x20000080   Data           1  can.o(.data)
    pitch                                    0x20000098   Data           4  wtask.o(.data)
    roll                                     0x2000009c   Data           4  wtask.o(.data)
    yaw                                      0x200000a0   Data           4  wtask.o(.data)
    aacx                                     0x200000a4   Data           2  wtask.o(.data)
    aacy                                     0x200000a6   Data           2  wtask.o(.data)
    aacz                                     0x200000a8   Data           2  wtask.o(.data)
    gyrox                                    0x200000aa   Data           2  wtask.o(.data)
    gyroy                                    0x200000ac   Data           2  wtask.o(.data)
    gyroz                                    0x200000ae   Data           2  wtask.o(.data)
    AHT10_temp                               0x200000b0   Data           4  wtask.o(.data)
    AHT10_humi                               0x200000b4   Data           1  wtask.o(.data)
    pwm_R                                    0x200000b8   Data           4  wtask.o(.data)
    pwm_L                                    0x200000bc   Data           4  wtask.o(.data)
    pwm                                      0x200000c0   Data           4  wtask.o(.data)
    pxCurrentTCB                             0x200000c4   Data           4  tasks.o(.data)
    uxTopUsedPriority                        0x200000fc   Data           4  tasks.o(.data)
    Rx_Pack                                  0x2000014c   Data          64  usart.o(.bss)
    Pa                                       0x2000018c   Data          64  usart.o(.bss)
    RxMessage                                0x200001dc   Data          20  can.o(.bss)
    xQueueRegistry                           0x200001f0   Data          64  queue.o(.bss)
    __libspace_start                         0x2000393c   Data          96  libspace.o(.bss)
    __temporary_stack_top$libspace           0x2000399c   Data           0  libspace.o(.bss)



==============================================================================

Memory Map of the image

  Image Entry point : 0x080000ed

  Load Region LR_IROM1 (Base: 0x08000000, Size: 0x0000addc, Max: 0x00010000, ABSOLUTE, COMPRESSED[0x0000acc4])

    Execution Region ER_IROM1 (Exec base: 0x08000000, Load base: 0x08000000, Size: 0x0000ac90, Max: 0x00010000, ABSOLUTE)

    Exec Addr    Load Addr    Size         Type   Attr      Idx    E Section Name        Object

    0x08000000   0x08000000   0x000000ec   Data   RO            3    RESET               startup_stm32f10x_md.o
    0x080000ec   0x080000ec   0x00000008   Code   RO         6162  * !!!main             c_w.l(__main.o)
    0x080000f4   0x080000f4   0x00000034   Code   RO         6590    !!!scatter          c_w.l(__scatter.o)
    0x08000128   0x08000128   0x0000005a   Code   RO         6588    !!dczerorl2         c_w.l(__dczerorl2.o)
    0x08000182   0x08000182   0x00000002   PAD
    0x08000184   0x08000184   0x0000001c   Code   RO         6592    !!handler_zi        c_w.l(__scatter_zi.o)
    0x080001a0   0x080001a0   0x00000000   Code   RO         6139    .ARM.Collect$$_printf_percent$$00000000  c_w.l(_printf_percent.o)
    0x080001a0   0x080001a0   0x00000006   Code   RO         6137    .ARM.Collect$$_printf_percent$$00000009  c_w.l(_printf_d.o)
    0x080001a6   0x080001a6   0x00000006   Code   RO         6135    .ARM.Collect$$_printf_percent$$00000014  c_w.l(_printf_s.o)
    0x080001ac   0x080001ac   0x00000004   Code   RO         6280    .ARM.Collect$$_printf_percent$$00000017  c_w.l(_printf_percent_end.o)
    0x080001b0   0x080001b0   0x00000002   Code   RO         6450    .ARM.Collect$$libinit$$00000000  c_w.l(libinit.o)
    0x080001b2   0x080001b2   0x00000000   Code   RO         6465    .ARM.Collect$$libinit$$00000002  c_w.l(libinit2.o)
    0x080001b2   0x080001b2   0x00000000   Code   RO         6467    .ARM.Collect$$libinit$$00000004  c_w.l(libinit2.o)
    0x080001b2   0x080001b2   0x00000000   Code   RO         6470    .ARM.Collect$$libinit$$0000000A  c_w.l(libinit2.o)
    0x080001b2   0x080001b2   0x00000000   Code   RO         6472    .ARM.Collect$$libinit$$0000000C  c_w.l(libinit2.o)
    0x080001b2   0x080001b2   0x00000000   Code   RO         6474    .ARM.Collect$$libinit$$0000000E  c_w.l(libinit2.o)
    0x080001b2   0x080001b2   0x00000000   Code   RO         6477    .ARM.Collect$$libinit$$00000011  c_w.l(libinit2.o)
    0x080001b2   0x080001b2   0x00000000   Code   RO         6479    .ARM.Collect$$libinit$$00000013  c_w.l(libinit2.o)
    0x080001b2   0x080001b2   0x00000000   Code   RO         6481    .ARM.Collect$$libinit$$00000015  c_w.l(libinit2.o)
    0x080001b2   0x080001b2   0x00000000   Code   RO         6483    .ARM.Collect$$libinit$$00000017  c_w.l(libinit2.o)
    0x080001b2   0x080001b2   0x00000000   Code   RO         6485    .ARM.Collect$$libinit$$00000019  c_w.l(libinit2.o)
    0x080001b2   0x080001b2   0x00000000   Code   RO         6487    .ARM.Collect$$libinit$$0000001B  c_w.l(libinit2.o)
    0x080001b2   0x080001b2   0x00000000   Code   RO         6489    .ARM.Collect$$libinit$$0000001D  c_w.l(libinit2.o)
    0x080001b2   0x080001b2   0x00000000   Code   RO         6491    .ARM.Collect$$libinit$$0000001F  c_w.l(libinit2.o)
    0x080001b2   0x080001b2   0x00000000   Code   RO         6493    .ARM.Collect$$libinit$$00000021  c_w.l(libinit2.o)
    0x080001b2   0x080001b2   0x00000000   Code   RO         6495    .ARM.Collect$$libinit$$00000023  c_w.l(libinit2.o)
    0x080001b2   0x080001b2   0x00000000   Code   RO         6497    .ARM.Collect$$libinit$$00000025  c_w.l(libinit2.o)
    0x080001b2   0x080001b2   0x00000000   Code   RO         6501    .ARM.Collect$$libinit$$0000002C  c_w.l(libinit2.o)
    0x080001b2   0x080001b2   0x00000000   Code   RO         6503    .ARM.Collect$$libinit$$0000002E  c_w.l(libinit2.o)
    0x080001b2   0x080001b2   0x00000000   Code   RO         6505    .ARM.Collect$$libinit$$00000030  c_w.l(libinit2.o)
    0x080001b2   0x080001b2   0x00000000   Code   RO         6507    .ARM.Collect$$libinit$$00000032  c_w.l(libinit2.o)
    0x080001b2   0x080001b2   0x00000002   Code   RO         6508    .ARM.Collect$$libinit$$00000033  c_w.l(libinit2.o)
    0x080001b4   0x080001b4   0x00000002   Code   RO         6538    .ARM.Collect$$libshutdown$$00000000  c_w.l(libshutdown.o)
    0x080001b6   0x080001b6   0x00000000   Code   RO         6552    .ARM.Collect$$libshutdown$$00000002  c_w.l(libshutdown2.o)
    0x080001b6   0x080001b6   0x00000000   Code   RO         6554    .ARM.Collect$$libshutdown$$00000004  c_w.l(libshutdown2.o)
    0x080001b6   0x080001b6   0x00000000   Code   RO         6556    .ARM.Collect$$libshutdown$$00000006  c_w.l(libshutdown2.o)
    0x080001b6   0x080001b6   0x00000000   Code   RO         6559    .ARM.Collect$$libshutdown$$00000009  c_w.l(libshutdown2.o)
    0x080001b6   0x080001b6   0x00000000   Code   RO         6562    .ARM.Collect$$libshutdown$$0000000C  c_w.l(libshutdown2.o)
    0x080001b6   0x080001b6   0x00000000   Code   RO         6564    .ARM.Collect$$libshutdown$$0000000E  c_w.l(libshutdown2.o)
    0x080001b6   0x080001b6   0x00000000   Code   RO         6567    .ARM.Collect$$libshutdown$$00000011  c_w.l(libshutdown2.o)
    0x080001b6   0x080001b6   0x00000002   Code   RO         6568    .ARM.Collect$$libshutdown$$00000012  c_w.l(libshutdown2.o)
    0x080001b8   0x080001b8   0x00000000   Code   RO         6242    .ARM.Collect$$rtentry$$00000000  c_w.l(__rtentry.o)
    0x080001b8   0x080001b8   0x00000000   Code   RO         6351    .ARM.Collect$$rtentry$$00000002  c_w.l(__rtentry2.o)
    0x080001b8   0x080001b8   0x00000006   Code   RO         6363    .ARM.Collect$$rtentry$$00000004  c_w.l(__rtentry4.o)
    0x080001be   0x080001be   0x00000000   Code   RO         6353    .ARM.Collect$$rtentry$$00000009  c_w.l(__rtentry2.o)
    0x080001be   0x080001be   0x00000004   Code   RO         6354    .ARM.Collect$$rtentry$$0000000A  c_w.l(__rtentry2.o)
    0x080001c2   0x080001c2   0x00000000   Code   RO         6356    .ARM.Collect$$rtentry$$0000000C  c_w.l(__rtentry2.o)
    0x080001c2   0x080001c2   0x00000008   Code   RO         6357    .ARM.Collect$$rtentry$$0000000D  c_w.l(__rtentry2.o)
    0x080001ca   0x080001ca   0x00000002   Code   RO         6455    .ARM.Collect$$rtexit$$00000000  c_w.l(rtexit.o)
    0x080001cc   0x080001cc   0x00000000   Code   RO         6512    .ARM.Collect$$rtexit$$00000002  c_w.l(rtexit2.o)
    0x080001cc   0x080001cc   0x00000004   Code   RO         6513    .ARM.Collect$$rtexit$$00000003  c_w.l(rtexit2.o)
    0x080001d0   0x080001d0   0x00000006   Code   RO         6514    .ARM.Collect$$rtexit$$00000004  c_w.l(rtexit2.o)
    0x080001d6   0x080001d6   0x00000002   PAD
    0x080001d8   0x080001d8   0x00000096   Code   RO         5992    .emb_text           port.o
    0x0800026e   0x0800026e   0x00000002   PAD
    0x08000270   0x08000270   0x00000040   Code   RO            4    .text               startup_stm32f10x_md.o
    0x080002b0   0x080002b0   0x00000002   Code   RO         6071    .text               c_w.l(use_no_semi_2.o)
    0x080002b2   0x080002b2   0x00000048   Code   RO         6073    .text               c_w.l(llsdiv.o)
    0x080002fa   0x080002fa   0x00000002   PAD
    0x080002fc   0x080002fc   0x00000018   Code   RO         6077    .text               c_w.l(__2printf.o)
    0x08000314   0x08000314   0x0000002c   Code   RO         6079    .text               c_w.l(__2sprintf.o)
    0x08000340   0x08000340   0x00000052   Code   RO         6089    .text               c_w.l(_printf_str.o)
    0x08000392   0x08000392   0x00000002   PAD
    0x08000394   0x08000394   0x00000078   Code   RO         6091    .text               c_w.l(_printf_dec.o)
    0x0800040c   0x0800040c   0x00000188   Code   RO         6131    .text               c_w.l(__printf_flags_ss_wp.o)
    0x08000594   0x08000594   0x00000058   Code   RO         6140    .text               c_w.l(memcmp.o)
    0x080005ec   0x080005ec   0x0000008a   Code   RO         6146    .text               c_w.l(rt_memcpy_v6.o)
    0x08000676   0x08000676   0x00000064   Code   RO         6148    .text               c_w.l(rt_memcpy_w.o)
    0x080006da   0x080006da   0x00000010   Code   RO         6152    .text               c_w.l(aeabi_memset.o)
    0x080006ea   0x080006ea   0x00000044   Code   RO         6154    .text               c_w.l(rt_memclr.o)
    0x0800072e   0x0800072e   0x0000004e   Code   RO         6156    .text               c_w.l(rt_memclr_w.o)
    0x0800077c   0x0800077c   0x00000080   Code   RO         6158    .text               c_w.l(strcmpv7m.o)
    0x080007fc   0x080007fc   0x00000006   Code   RO         6160    .text               c_w.l(heapauxi.o)
    0x08000802   0x08000802   0x00000002   Code   RO         6240    .text               c_w.l(use_no_semi.o)
    0x08000804   0x08000804   0x000000ee   Code   RO         6243    .text               c_w.l(lludivv7m.o)
    0x080008f2   0x080008f2   0x00000016   Code   RO         6245    .text               c_w.l(_rserrno.o)
    0x08000908   0x08000908   0x000000b2   Code   RO         6249    .text               c_w.l(_printf_intcommon.o)
    0x080009ba   0x080009ba   0x00000002   PAD
    0x080009bc   0x080009bc   0x00000030   Code   RO         6253    .text               c_w.l(_printf_char_common.o)
    0x080009ec   0x080009ec   0x0000000a   Code   RO         6255    .text               c_w.l(_sputc.o)
    0x080009f6   0x080009f6   0x0000002c   Code   RO         6257    .text               c_w.l(_printf_char.o)
    0x08000a22   0x08000a22   0x00000002   PAD
    0x08000a24   0x08000a24   0x00000024   Code   RO         6259    .text               c_w.l(_printf_char_file.o)
    0x08000a48   0x08000a48   0x00000008   Code   RO         6372    .text               c_w.l(rt_errno_addr_intlibspace.o)
    0x08000a50   0x08000a50   0x00000008   Code   RO         6385    .text               c_w.l(ferror.o)
    0x08000a58   0x08000a58   0x00000008   Code   RO         6399    .text               c_w.l(libspace.o)
    0x08000a60   0x08000a60   0x0000004a   Code   RO         6402    .text               c_w.l(sys_stackheap_outer.o)
    0x08000aaa   0x08000aaa   0x00000012   Code   RO         6443    .text               c_w.l(exit.o)
    0x08000abc   0x08000abc   0x00000064   Code   RO         4237    i.AHT10Init         aht10.o
    0x08000b20   0x08000b20   0x00000194   Code   RO         4238    i.AHT10ReadData     aht10.o
    0x08000cb4   0x08000cb4   0x00000020   Code   RO         4239    i.AHT10Reset        aht10.o
    0x08000cd4   0x08000cd4   0x00000104   Code   RO         4726    i.AppTaskCreate     wtask.o
    0x08000dd8   0x08000dd8   0x00000004   Code   RO         4681    i.BusFault_Handler  stm32f10x_it.o
    0x08000ddc   0x08000ddc   0x000000f8   Code   RO         4603    i.CAN_Config        can.o
    0x08000ed4   0x08000ed4   0x00000108   Code   RO          511    i.CAN_FilterInit    stm32f10x_can.o
    0x08000fdc   0x08000fdc   0x00000012   Code   RO          517    i.CAN_ITConfig      stm32f10x_can.o
    0x08000fee   0x08000fee   0x00000114   Code   RO          518    i.CAN_Init          stm32f10x_can.o
    0x08001102   0x08001102   0x000000f0   Code   RO          521    i.CAN_Receive       stm32f10x_can.o
    0x080011f2   0x080011f2   0x00000126   Code   RO          526    i.CAN_Transmit      stm32f10x_can.o
    0x08001318   0x08001318   0x000000a0   Code   RO          527    i.CAN_TransmitStatus  stm32f10x_can.o
    0x080013b8   0x080013b8   0x00000038   Code   RO         4604    i.Can_Receive_Msg   can.o
    0x080013f0   0x080013f0   0x00000074   Code   RO         4605    i.Can_Send_Msg      can.o
    0x08001464   0x08001464   0x0000001c   Code   RO         4317    i.ConfigureTimeForRunTimeStats  timer.o
    0x08001480   0x08001480   0x00000002   Code   RO         4682    i.DebugMon_Handler  stm32f10x_it.o
    0x08001482   0x08001482   0x00000002   PAD
    0x08001484   0x08001484   0x00000048   Code   RO         4411    i.EXTI15_10_IRQHandler  exti.o
    0x080014cc   0x080014cc   0x0000000c   Code   RO          985    i.EXTI_ClearITPendingBit  stm32f10x_exti.o
    0x080014d8   0x080014d8   0x00000028   Code   RO          989    i.EXTI_GetITStatus  stm32f10x_exti.o
    0x08001500   0x08001500   0x00000094   Code   RO          990    i.EXTI_Init         stm32f10x_exti.o
    0x08001594   0x08001594   0x0000009c   Code   RO         4412    i.Extern_Interrupt_Init  exti.o
    0x08001630   0x08001630   0x00000040   Code   RO         1344    i.GPIO_EXTILineConfig  stm32f10x_gpio.o
    0x08001670   0x08001670   0x00000116   Code   RO         1347    i.GPIO_Init         stm32f10x_gpio.o
    0x08001786   0x08001786   0x00000002   PAD
    0x08001788   0x08001788   0x00000090   Code   RO         1349    i.GPIO_PinRemapConfig  stm32f10x_gpio.o
    0x08001818   0x08001818   0x00000004   Code   RO         1354    i.GPIO_ResetBits    stm32f10x_gpio.o
    0x0800181c   0x0800181c   0x00000004   Code   RO         1355    i.GPIO_SetBits      stm32f10x_gpio.o
    0x08001820   0x08001820   0x0000000a   Code   RO         1358    i.GPIO_WriteBit     stm32f10x_gpio.o
    0x0800182a   0x0800182a   0x00000004   Code   RO         4683    i.HardFault_Handler  stm32f10x_it.o
    0x0800182e   0x0800182e   0x00000050   Code   RO         4728    i.HardWare_Init     wtask.o
    0x0800187e   0x0800187e   0x00000002   PAD
    0x08001880   0x08001880   0x00000050   Code   RO         4240    i.IIC_Ack           aht10.o
    0x080018d0   0x080018d0   0x00000050   Code   RO         4242    i.IIC_NAck          aht10.o
    0x08001920   0x08001920   0x00000070   Code   RO         4243    i.IIC_Read_Byte     aht10.o
    0x08001990   0x08001990   0x00000074   Code   RO         4244    i.IIC_Send_Byte     aht10.o
    0x08001a04   0x08001a04   0x0000004c   Code   RO         4245    i.IIC_Start         aht10.o
    0x08001a50   0x08001a50   0x0000004c   Code   RO         4246    i.IIC_Stop          aht10.o
    0x08001a9c   0x08001a9c   0x00000064   Code   RO         4247    i.IIC_Wait_Ack      aht10.o
    0x08001b00   0x08001b00   0x00000050   Code   RO         3622    i.MPU_Get_Accelerometer  mpu6050.o
    0x08001b50   0x08001b50   0x00000050   Code   RO         3623    i.MPU_Get_Gyroscope  mpu6050.o
    0x08001ba0   0x08001ba0   0x0000004c   Code   RO         3553    i.MPU_IIC_Ack       mpuiic.o
    0x08001bec   0x08001bec   0x0000000a   Code   RO         3554    i.MPU_IIC_Delay     mpuiic.o
    0x08001bf6   0x08001bf6   0x00000002   PAD
    0x08001bf8   0x08001bf8   0x00000038   Code   RO         3555    i.MPU_IIC_Init      mpuiic.o
    0x08001c30   0x08001c30   0x0000004c   Code   RO         3556    i.MPU_IIC_NAck      mpuiic.o
    0x08001c7c   0x08001c7c   0x0000006c   Code   RO         3557    i.MPU_IIC_Read_Byte  mpuiic.o
    0x08001ce8   0x08001ce8   0x0000005c   Code   RO         3558    i.MPU_IIC_Send_Byte  mpuiic.o
    0x08001d44   0x08001d44   0x00000048   Code   RO         3559    i.MPU_IIC_Start     mpuiic.o
    0x08001d8c   0x08001d8c   0x00000048   Code   RO         3560    i.MPU_IIC_Stop      mpuiic.o
    0x08001dd4   0x08001dd4   0x00000064   Code   RO         3561    i.MPU_IIC_Wait_Ack  mpuiic.o
    0x08001e38   0x08001e38   0x0000007a   Code   RO         3625    i.MPU_Init          mpu6050.o
    0x08001eb2   0x08001eb2   0x0000003a   Code   RO         3626    i.MPU_Read_Byte     mpu6050.o
    0x08001eec   0x08001eec   0x00000074   Code   RO         3627    i.MPU_Read_Len      mpu6050.o
    0x08001f60   0x08001f60   0x00000010   Code   RO         3628    i.MPU_Set_Accel_Fsr  mpu6050.o
    0x08001f70   0x08001f70   0x00000010   Code   RO         3629    i.MPU_Set_Gyro_Fsr  mpu6050.o
    0x08001f80   0x08001f80   0x0000003a   Code   RO         3630    i.MPU_Set_LPF       mpu6050.o
    0x08001fba   0x08001fba   0x0000003a   Code   RO         3631    i.MPU_Set_Rate      mpu6050.o
    0x08001ff4   0x08001ff4   0x00000044   Code   RO         3632    i.MPU_Write_Byte    mpu6050.o
    0x08002038   0x08002038   0x00000060   Code   RO         3633    i.MPU_Write_Len     mpu6050.o
    0x08002098   0x08002098   0x00000004   Code   RO         4684    i.MemManage_Handler  stm32f10x_it.o
    0x0800209c   0x0800209c   0x00000002   Code   RO         4685    i.NMI_Handler       stm32f10x_it.o
    0x0800209e   0x0800209e   0x00000002   PAD
    0x080020a0   0x080020a0   0x00000070   Code   RO          137    i.NVIC_Init         misc.o
    0x08002110   0x08002110   0x00000014   Code   RO          138    i.NVIC_PriorityGroupConfig  misc.o
    0x08002124   0x08002124   0x0000002a   Code   RO         3445    i.OLED_Clear        oled.o
    0x0800214e   0x0800214e   0x00000002   PAD
    0x08002150   0x08002150   0x00000050   Code   RO         3446    i.OLED_I2C_Init     oled.o
    0x080021a0   0x080021a0   0x00000050   Code   RO         3447    i.OLED_I2C_SendByte  oled.o
    0x080021f0   0x080021f0   0x00000034   Code   RO         3448    i.OLED_I2C_Start    oled.o
    0x08002224   0x08002224   0x00000028   Code   RO         3449    i.OLED_I2C_Stop     oled.o
    0x0800224c   0x0800224c   0x000000ae   Code   RO         3450    i.OLED_Init         oled.o
    0x080022fa   0x080022fa   0x00000014   Code   RO         3451    i.OLED_Pow          oled.o
    0x0800230e   0x0800230e   0x00000022   Code   RO         3452    i.OLED_SetCursor    oled.o
    0x08002330   0x08002330   0x00000074   Code   RO         3454    i.OLED_ShowChar     oled.o
    0x080023a4   0x080023a4   0x00000044   Code   RO         3456    i.OLED_ShowNum      oled.o
    0x080023e8   0x080023e8   0x00000066   Code   RO         3457    i.OLED_ShowSignedNum  oled.o
    0x0800244e   0x0800244e   0x00000028   Code   RO         3458    i.OLED_ShowString   oled.o
    0x08002476   0x08002476   0x00000020   Code   RO         3459    i.OLED_WriteCommand  oled.o
    0x08002496   0x08002496   0x00000020   Code   RO         3460    i.OLED_WriteData    oled.o
    0x080024b6   0x080024b6   0x00000002   PAD
    0x080024b8   0x080024b8   0x00000020   Code   RO         1775    i.RCC_APB1PeriphClockCmd  stm32f10x_rcc.o
    0x080024d8   0x080024d8   0x00000020   Code   RO         1777    i.RCC_APB2PeriphClockCmd  stm32f10x_rcc.o
    0x080024f8   0x080024f8   0x000000d4   Code   RO         1785    i.RCC_GetClocksFreq  stm32f10x_rcc.o
    0x080025cc   0x080025cc   0x00000020   Code   RO         3328    i.Send_Byte         usart.o
    0x080025ec   0x080025ec   0x00000008   Code   RO           24    i.SetSysClock       system_stm32f10x.o
    0x080025f4   0x080025f4   0x000000e0   Code   RO           25    i.SetSysClockTo72   system_stm32f10x.o
    0x080026d4   0x080026d4   0x00000070   Code   RO         4729    i.Start_Task        wtask.o
    0x08002744   0x08002744   0x00000028   Code   RO          141    i.SysTick_CLKSourceConfig  misc.o
    0x0800276c   0x0800276c   0x00000010   Code   RO         3227    i.SysTick_Handler   delay.o
    0x0800277c   0x0800277c   0x00000060   Code   RO           27    i.SystemInit        system_stm32f10x.o
    0x080027dc   0x080027dc   0x00000030   Code   RO         4320    i.TIM2_IRQHandler   timer.o
    0x0800280c   0x0800280c   0x0000001c   Code   RO         4321    i.TIM3_IRQHandler   timer.o
    0x08002828   0x08002828   0x00000054   Code   RO         4323    i.TIM4_IRQHandler   timer.o
    0x0800287c   0x0800287c   0x00000006   Code   RO         2415    i.TIM_ClearFlag     stm32f10x_tim.o
    0x08002882   0x08002882   0x00000006   Code   RO         2416    i.TIM_ClearITPendingBit  stm32f10x_tim.o
    0x08002888   0x08002888   0x00000018   Code   RO         2421    i.TIM_Cmd           stm32f10x_tim.o
    0x080028a0   0x080028a0   0x00000022   Code   RO         2442    i.TIM_GetITStatus   stm32f10x_tim.o
    0x080028c2   0x080028c2   0x00000012   Code   RO         2446    i.TIM_ITConfig      stm32f10x_tim.o
    0x080028d4   0x080028d4   0x0000000c   Code   RO         2448    i.TIM_InternalClockConfig  stm32f10x_tim.o
    0x080028e0   0x080028e0   0x00000098   Code   RO         2450    i.TIM_OC1Init       stm32f10x_tim.o
    0x08002978   0x08002978   0x000000a4   Code   RO         2455    i.TIM_OC2Init       stm32f10x_tim.o
    0x08002a1c   0x08002a1c   0x00000014   Code   RO         2468    i.TIM_OCStructInit  stm32f10x_tim.o
    0x08002a30   0x08002a30   0x00000004   Code   RO         2482    i.TIM_SetCompare1   stm32f10x_tim.o
    0x08002a34   0x08002a34   0x00000004   Code   RO         2483    i.TIM_SetCompare2   stm32f10x_tim.o
    0x08002a38   0x08002a38   0x00000004   Code   RO         2486    i.TIM_SetCounter    stm32f10x_tim.o
    0x08002a3c   0x08002a3c   0x000000a4   Code   RO         2492    i.TIM_TimeBaseInit  stm32f10x_tim.o
    0x08002ae0   0x08002ae0   0x00000124   Code   RO         4730    i.Task_0            wtask.o
    0x08002c04   0x08002c04   0x00000154   Code   RO         4731    i.Task_1            wtask.o
    0x08002d58   0x08002d58   0x00000280   Code   RO         4732    i.Task_2            wtask.o
    0x08002fd8   0x08002fd8   0x0000000a   Code   RO         4733    i.Task_3            wtask.o
    0x08002fe2   0x08002fe2   0x00000082   Code   RO         4326    i.Timer2_Timing_Init  timer.o
    0x08003064   0x08003064   0x000000a0   Code   RO         4327    i.Timer3_PWM_Init   timer.o
    0x08003104   0x08003104   0x0000007c   Code   RO         4329    i.Timer4_Timing_Init  timer.o
    0x08003180   0x08003180   0x00000068   Code   RO         3330    i.USART1_IRQHandler  usart.o
    0x080031e8   0x080031e8   0x00000068   Code   RO         3331    i.USART2_IRQHandler  usart.o
    0x08003250   0x08003250   0x00000068   Code   RO         3332    i.USART3_IRQHandler  usart.o
    0x080032b8   0x080032b8   0x0000001e   Code   RO         2957    i.USART_ClearITPendingBit  stm32f10x_usart.o
    0x080032d6   0x080032d6   0x00000018   Code   RO         2960    i.USART_Cmd         stm32f10x_usart.o
    0x080032ee   0x080032ee   0x0000001a   Code   RO         2963    i.USART_GetFlagStatus  stm32f10x_usart.o
    0x08003308   0x08003308   0x00000054   Code   RO         2964    i.USART_GetITStatus  stm32f10x_usart.o
    0x0800335c   0x0800335c   0x0000004a   Code   RO         2966    i.USART_ITConfig    stm32f10x_usart.o
    0x080033a6   0x080033a6   0x00000002   PAD
    0x080033a8   0x080033a8   0x000000d8   Code   RO         2967    i.USART_Init        stm32f10x_usart.o
    0x08003480   0x08003480   0x0000000a   Code   RO         2974    i.USART_ReceiveData  stm32f10x_usart.o
    0x0800348a   0x0800348a   0x00000008   Code   RO         2977    i.USART_SendData    stm32f10x_usart.o
    0x08003492   0x08003492   0x00000002   PAD
    0x08003494   0x08003494   0x00000020   Code   RO         4606    i.USB_LP_CAN1_RX0_IRQHandler  can.o
    0x080034b4   0x080034b4   0x00000004   Code   RO         4686    i.UsageFault_Handler  stm32f10x_it.o
    0x080034b8   0x080034b8   0x000000b8   Code   RO         3333    i.WUsart1_Init      usart.o
    0x08003570   0x08003570   0x00000028   Code   RO         6337    i.__ARM_fpclassify  m_ws.l(fpclassify.o)
    0x08003598   0x08003598   0x000000aa   Code   RO         6339    i.__kernel_poly     m_ws.l(poly.o)
    0x08003642   0x08003642   0x00000006   Code   RO         6324    i.__mathlib_dbl_infnan  m_ws.l(dunder.o)
    0x08003648   0x08003648   0x00000004   Code   RO         6325    i.__mathlib_dbl_infnan2  m_ws.l(dunder.o)
    0x0800364c   0x0800364c   0x0000000c   Code   RO         6326    i.__mathlib_dbl_invalid  m_ws.l(dunder.o)
    0x08003658   0x08003658   0x00000010   Code   RO         6329    i.__mathlib_dbl_underflow  m_ws.l(dunder.o)
    0x08003668   0x08003668   0x0000000e   Code   RO         6124    i._is_digit         c_w.l(__printf_wp.o)
    0x08003676   0x08003676   0x00000004   Code   RO         3336    i._sys_exit         usart.o
    0x0800367a   0x0800367a   0x00000002   PAD
    0x0800367c   0x0800367c   0x000000a8   Code   RO         3707    i.accel_self_test   inv_mpu.o
    0x08003724   0x08003724   0x00000270   Code   RO         6223    i.asin              m_ws.l(asin.o)
    0x08003994   0x08003994   0x00000220   Code   RO         6314    i.atan              m_ws.l(atan.o)
    0x08003bb4   0x08003bb4   0x0000019c   Code   RO         6233    i.atan2             m_ws.l(atan2.o)
    0x08003d50   0x08003d50   0x00000064   Code   RO         4050    i.decode_gesture    inv_mpu_dmp_motion_driver.o
    0x08003db4   0x08003db4   0x0000005c   Code   RO         3228    i.delay_init        delay.o
    0x08003e10   0x08003e10   0x00000040   Code   RO         3229    i.delay_ms          delay.o
    0x08003e50   0x08003e50   0x00000048   Code   RO         3230    i.delay_us          delay.o
    0x08003e98   0x08003e98   0x0000003c   Code   RO         4051    i.dmp_enable_6x_lp_quat  inv_mpu_dmp_motion_driver.o
    0x08003ed4   0x08003ed4   0x0000021c   Code   RO         4052    i.dmp_enable_feature  inv_mpu_dmp_motion_driver.o
    0x080040f0   0x080040f0   0x00000058   Code   RO         4053    i.dmp_enable_gyro_cal  inv_mpu_dmp_motion_driver.o
    0x08004148   0x08004148   0x0000003c   Code   RO         4054    i.dmp_enable_lp_quat  inv_mpu_dmp_motion_driver.o
    0x08004184   0x08004184   0x00000018   Code   RO         4059    i.dmp_load_motion_driver_firmware  inv_mpu_dmp_motion_driver.o
    0x0800419c   0x0800419c   0x000001cc   Code   RO         4060    i.dmp_read_fifo     inv_mpu_dmp_motion_driver.o
    0x08004368   0x08004368   0x00000130   Code   RO         4063    i.dmp_set_accel_bias  inv_mpu_dmp_motion_driver.o
    0x08004498   0x08004498   0x00000070   Code   RO         4064    i.dmp_set_fifo_rate  inv_mpu_dmp_motion_driver.o
    0x08004508   0x08004508   0x00000130   Code   RO         4065    i.dmp_set_gyro_bias  inv_mpu_dmp_motion_driver.o
    0x08004638   0x08004638   0x00000138   Code   RO         4067    i.dmp_set_orientation  inv_mpu_dmp_motion_driver.o
    0x08004770   0x08004770   0x00000038   Code   RO         4070    i.dmp_set_shake_reject_thresh  inv_mpu_dmp_motion_driver.o
    0x080047a8   0x080047a8   0x00000026   Code   RO         4071    i.dmp_set_shake_reject_time  inv_mpu_dmp_motion_driver.o
    0x080047ce   0x080047ce   0x00000026   Code   RO         4072    i.dmp_set_shake_reject_timeout  inv_mpu_dmp_motion_driver.o
    0x080047f4   0x080047f4   0x00000046   Code   RO         4073    i.dmp_set_tap_axes  inv_mpu_dmp_motion_driver.o
    0x0800483a   0x0800483a   0x00000026   Code   RO         4074    i.dmp_set_tap_count  inv_mpu_dmp_motion_driver.o
    0x08004860   0x08004860   0x000001a0   Code   RO         4075    i.dmp_set_tap_thresh  inv_mpu_dmp_motion_driver.o
    0x08004a00   0x08004a00   0x00000026   Code   RO         4076    i.dmp_set_tap_time  inv_mpu_dmp_motion_driver.o
    0x08004a26   0x08004a26   0x00000026   Code   RO         4077    i.dmp_set_tap_time_multi  inv_mpu_dmp_motion_driver.o
    0x08004a4c   0x08004a4c   0x00000010   Code   RO         3337    i.fputc             usart.o
    0x08004a5c   0x08004a5c   0x000000b4   Code   RO         3708    i.get_accel_prod_shift  inv_mpu.o
    0x08004b10   0x08004b10   0x0000046c   Code   RO         3709    i.get_st_biases     inv_mpu.o
    0x08004f7c   0x08004f7c   0x00000110   Code   RO         3710    i.gyro_self_test    inv_mpu.o
    0x0800508c   0x0800508c   0x00000028   Code   RO         3711    i.inv_orientation_matrix_to_scalar  inv_mpu.o
    0x080050b4   0x080050b4   0x0000004e   Code   RO         3712    i.inv_row_2_scale   inv_mpu.o
    0x08005102   0x08005102   0x0000000c   Code   RO         4640    i.main              main.o
    0x0800510e   0x0800510e   0x00000002   Code   RO         3713    i.mget_ms           inv_mpu.o
    0x08005110   0x08005110   0x00000070   Code   RO         3714    i.mpu_configure_fifo  inv_mpu.o
    0x08005180   0x08005180   0x00000224   Code   RO         3715    i.mpu_dmp_get_data  inv_mpu.o
    0x080053a4   0x080053a4   0x000000a0   Code   RO         3716    i.mpu_dmp_init      inv_mpu.o
    0x08005444   0x08005444   0x0000004c   Code   RO         3717    i.mpu_get_accel_fsr  inv_mpu.o
    0x08005490   0x08005490   0x00000054   Code   RO         3719    i.mpu_get_accel_sens  inv_mpu.o
    0x080054e4   0x080054e4   0x00000010   Code   RO         3724    i.mpu_get_fifo_config  inv_mpu.o
    0x080054f4   0x080054f4   0x00000044   Code   RO         3725    i.mpu_get_gyro_fsr  inv_mpu.o
    0x08005538   0x08005538   0x00000050   Code   RO         3727    i.mpu_get_gyro_sens  inv_mpu.o
    0x08005588   0x08005588   0x00000050   Code   RO         3729    i.mpu_get_lpf       inv_mpu.o
    0x080055d8   0x080055d8   0x00000020   Code   RO         3731    i.mpu_get_sample_rate  inv_mpu.o
    0x080055f8   0x080055f8   0x000001f0   Code   RO         3733    i.mpu_init          inv_mpu.o
    0x080057e8   0x080057e8   0x000000b8   Code   RO         3734    i.mpu_load_firmware  inv_mpu.o
    0x080058a0   0x080058a0   0x000000e0   Code   RO         3735    i.mpu_lp_accel_mode  inv_mpu.o
    0x08005980   0x08005980   0x000000c0   Code   RO         3738    i.mpu_read_fifo_stream  inv_mpu.o
    0x08005a40   0x08005a40   0x00000080   Code   RO         3739    i.mpu_read_mem      inv_mpu.o
    0x08005ac0   0x08005ac0   0x000001c8   Code   RO         3742    i.mpu_reset_fifo    inv_mpu.o
    0x08005c88   0x08005c88   0x0000011c   Code   RO         3743    i.mpu_run_self_test  inv_mpu.o
    0x08005da4   0x08005da4   0x00000084   Code   RO         3745    i.mpu_set_accel_fsr  inv_mpu.o
    0x08005e28   0x08005e28   0x0000014c   Code   RO         3746    i.mpu_set_bypass    inv_mpu.o
    0x08005f74   0x08005f74   0x00000090   Code   RO         3748    i.mpu_set_dmp_state  inv_mpu.o
    0x08006004   0x08006004   0x00000088   Code   RO         3749    i.mpu_set_gyro_fsr  inv_mpu.o
    0x0800608c   0x0800608c   0x0000006c   Code   RO         3750    i.mpu_set_int_latched  inv_mpu.o
    0x080060f8   0x080060f8   0x00000084   Code   RO         3752    i.mpu_set_lpf       inv_mpu.o
    0x0800617c   0x0800617c   0x0000009c   Code   RO         3753    i.mpu_set_sample_rate  inv_mpu.o
    0x08006218   0x08006218   0x000000d0   Code   RO         3754    i.mpu_set_sensors   inv_mpu.o
    0x080062e8   0x080062e8   0x00000080   Code   RO         3755    i.mpu_write_mem     inv_mpu.o
    0x08006368   0x08006368   0x000000c0   Code   RO         5368    i.prvAddCurrentTaskToDelayedList  tasks.o
    0x08006428   0x08006428   0x000000ec   Code   RO         5369    i.prvAddNewTaskToReadyList  tasks.o
    0x08006514   0x08006514   0x00000064   Code   RO         5775    i.prvCheckForValidListAndQueue  timers.o
    0x08006578   0x08006578   0x00000048   Code   RO         5370    i.prvCheckTasksWaitingTermination  tasks.o
    0x080065c0   0x080065c0   0x0000002a   Code   RO         4955    i.prvCopyDataFromQueue  queue.o
    0x080065ea   0x080065ea   0x0000007e   Code   RO         4956    i.prvCopyDataToQueue  queue.o
    0x08006668   0x08006668   0x00000012   Code   RO         5371    i.prvDeleteTCB      tasks.o
    0x0800667a   0x0800667a   0x00000002   PAD
    0x0800667c   0x0800667c   0x00000028   Code   RO         5776    i.prvGetNextExpireTime  timers.o
    0x080066a4   0x080066a4   0x0000007c   Code   RO         5937    i.prvHeapInit       heap_4.o
    0x08006720   0x08006720   0x00000028   Code   RO         5372    i.prvIdleTask       tasks.o
    0x08006748   0x08006748   0x0000002e   Code   RO         4959    i.prvInitialiseNewQueue  queue.o
    0x08006776   0x08006776   0x00000002   PAD
    0x08006778   0x08006778   0x000000f4   Code   RO         5373    i.prvInitialiseNewTask  tasks.o
    0x0800686c   0x0800686c   0x00000068   Code   RO         5374    i.prvInitialiseTaskLists  tasks.o
    0x080068d4   0x080068d4   0x00000068   Code   RO         5938    i.prvInsertBlockIntoFreeList  heap_4.o
    0x0800693c   0x0800693c   0x00000058   Code   RO         5778    i.prvInsertTimerInActiveList  timers.o
    0x08006994   0x08006994   0x0000001a   Code   RO         4960    i.prvIsQueueEmpty   queue.o
    0x080069ae   0x080069ae   0x00000002   PAD
    0x080069b0   0x080069b0   0x000000b4   Code   RO         4962    i.prvNotifyQueueSetContainer  queue.o
    0x08006a64   0x08006a64   0x00000044   Code   RO         5779    i.prvProcessExpiredTimer  timers.o
    0x08006aa8   0x08006aa8   0x0000015c   Code   RO         5780    i.prvProcessReceivedCommands  timers.o
    0x08006c04   0x08006c04   0x00000074   Code   RO         5781    i.prvProcessTimerOrBlockTask  timers.o
    0x08006c78   0x08006c78   0x00000028   Code   RO         5782    i.prvReloadTimer    timers.o
    0x08006ca0   0x08006ca0   0x00000030   Code   RO         5376    i.prvResetNextTaskUnblockTime  tasks.o
    0x08006cd0   0x08006cd0   0x0000002c   Code   RO         5783    i.prvSampleTimeNow  timers.o
    0x08006cfc   0x08006cfc   0x00000044   Code   RO         5784    i.prvSwitchTimerLists  timers.o
    0x08006d40   0x08006d40   0x0000006c   Code   RO         5993    i.prvTaskExitError  port.o
    0x08006dac   0x08006dac   0x0000001a   Code   RO         5785    i.prvTimerTask      timers.o
    0x08006dc6   0x08006dc6   0x00000090   Code   RO         4963    i.prvUnlockQueue    queue.o
    0x08006e56   0x08006e56   0x00000002   PAD
    0x08006e58   0x08006e58   0x0000017c   Code   RO         5939    i.pvPortMalloc      heap_4.o
    0x08006fd4   0x08006fd4   0x00000024   Code   RO         5994    i.pxPortInitialiseStack  port.o
    0x08006ff8   0x08006ff8   0x00000094   Code   RO         3756    i.run_self_test     inv_mpu.o
    0x0800708c   0x0800708c   0x00000090   Code   RO         3757    i.set_int_enable    inv_mpu.o
    0x0800711c   0x0800711c   0x0000004c   Code   RO         6343    i.sqrt              m_ws.l(sqrt.o)
    0x08007168   0x08007168   0x00000028   Code   RO         4915    i.uxListRemove      list.o
    0x08007190   0x08007190   0x0000001a   Code   RO         4916    i.vListInitialise   list.o
    0x080071aa   0x080071aa   0x00000006   Code   RO         4917    i.vListInitialiseItem  list.o
    0x080071b0   0x080071b0   0x00000034   Code   RO         4918    i.vListInsert       list.o
    0x080071e4   0x080071e4   0x00000018   Code   RO         4919    i.vListInsertEnd    list.o
    0x080071fc   0x080071fc   0x00000084   Code   RO         5996    i.vPortEnterCritical  port.o
    0x08007280   0x08007280   0x0000006c   Code   RO         5997    i.vPortExitCritical  port.o
    0x080072ec   0x080072ec   0x000000c4   Code   RO         5940    i.vPortFree         heap_4.o
    0x080073b0   0x080073b0   0x00000028   Code   RO         5998    i.vPortSetupTimerInterrupt  port.o
    0x080073d8   0x080073d8   0x0000007c   Code   RO         4969    i.vQueueAddToRegistry  queue.o
    0x08007454   0x08007454   0x0000004a   Code   RO         4973    i.vQueueWaitForMessageRestricted  queue.o
    0x0800749e   0x0800749e   0x00000002   PAD
    0x080074a0   0x080074a0   0x00000074   Code   RO         5391    i.vTaskDelay        tasks.o
    0x08007514   0x08007514   0x00000114   Code   RO         5392    i.vTaskDelete       tasks.o
    0x08007628   0x08007628   0x00000018   Code   RO         5397    i.vTaskInternalSetTimeOutState  tasks.o
    0x08007640   0x08007640   0x0000000c   Code   RO         5399    i.vTaskMissedYield  tasks.o
    0x0800764c   0x0800764c   0x00000054   Code   RO         5400    i.vTaskPlaceOnEventList  tasks.o
    0x080076a0   0x080076a0   0x0000007c   Code   RO         5401    i.vTaskPlaceOnEventListRestricted  tasks.o
    0x0800771c   0x0800771c   0x000000b8   Code   RO         5409    i.vTaskStartScheduler  tasks.o
    0x080077d4   0x080077d4   0x00000010   Code   RO         5411    i.vTaskSuspendAll   tasks.o
    0x080077e4   0x080077e4   0x000000e8   Code   RO         5412    i.vTaskSwitchContext  tasks.o
    0x080078cc   0x080078cc   0x00000054   Code   RO         4435    i.wheels_GPIO_Init  l298n.o
    0x08007920   0x08007920   0x000000a4   Code   RO         4436    i.wheels_RL         l298n.o
    0x080079c4   0x080079c4   0x0000013c   Code   RO         6000    i.xPortStartScheduler  port.o
    0x08007b00   0x08007b00   0x00000034   Code   RO         6001    i.xPortSysTickHandler  port.o
    0x08007b34   0x08007b34   0x00000080   Code   RO         4978    i.xQueueGenericCreate  queue.o
    0x08007bb4   0x08007bb4   0x000000ec   Code   RO         4979    i.xQueueGenericReset  queue.o
    0x08007ca0   0x08007ca0   0x00000170   Code   RO         4988    i.xQueueReceive     queue.o
    0x08007e10   0x08007e10   0x000000a0   Code   RO         5414    i.xTaskCheckForTimeOut  tasks.o
    0x08007eb0   0x08007eb0   0x00000060   Code   RO         5415    i.xTaskCreate       tasks.o
    0x08007f10   0x08007f10   0x00000020   Code   RO         5423    i.xTaskGetSchedulerState  tasks.o
    0x08007f30   0x08007f30   0x0000000c   Code   RO         5424    i.xTaskGetTickCount  tasks.o
    0x08007f3c   0x08007f3c   0x000001d4   Code   RO         5426    i.xTaskIncrementTick  tasks.o
    0x08008110   0x08008110   0x00000100   Code   RO         5427    i.xTaskPriorityDisinherit  tasks.o
    0x08008210   0x08008210   0x0000013c   Code   RO         5429    i.xTaskRemoveFromEventList  tasks.o
    0x0800834c   0x0800834c   0x00000190   Code   RO         5430    i.xTaskResumeAll    tasks.o
    0x080084dc   0x080084dc   0x00000070   Code   RO         5793    i.xTimerCreateTimerTask  timers.o
    0x0800854c   0x0800854c   0x00000062   Code   RO         6164    x$fpl$d2f           fz_ws.l(d2f.o)
    0x080085ae   0x080085ae   0x00000002   PAD
    0x080085b0   0x080085b0   0x00000150   Code   RO         6166    x$fpl$dadd          fz_ws.l(daddsub_clz.o)
    0x08008700   0x08008700   0x00000010   Code   RO         6391    x$fpl$dcheck1       fz_ws.l(dcheck1.o)
    0x08008710   0x08008710   0x00000018   Code   RO         6393    x$fpl$dcmpinf       fz_ws.l(dcmpi.o)
    0x08008728   0x08008728   0x000002b0   Code   RO         6173    x$fpl$ddiv          fz_ws.l(ddiv.o)
    0x080089d8   0x080089d8   0x00000078   Code   RO         6290    x$fpl$deqf          fz_ws.l(deqf.o)
    0x08008a50   0x08008a50   0x0000005e   Code   RO         6176    x$fpl$dfix          fz_ws.l(dfix.o)
    0x08008aae   0x08008aae   0x0000002e   Code   RO         6181    x$fpl$dflt          fz_ws.l(dflt_clz.o)
    0x08008adc   0x08008adc   0x00000026   Code   RO         6180    x$fpl$dfltu         fz_ws.l(dflt_clz.o)
    0x08008b02   0x08008b02   0x00000002   PAD
    0x08008b04   0x08008b04   0x00000154   Code   RO         6186    x$fpl$dmul          fz_ws.l(dmul.o)
    0x08008c58   0x08008c58   0x0000009c   Code   RO         6292    x$fpl$dnaninf       fz_ws.l(dnaninf.o)
    0x08008cf4   0x08008cf4   0x0000000c   Code   RO         6294    x$fpl$dretinf       fz_ws.l(dretinf.o)
    0x08008d00   0x08008d00   0x00000016   Code   RO         6167    x$fpl$drsb          fz_ws.l(daddsub_clz.o)
    0x08008d16   0x08008d16   0x00000002   PAD
    0x08008d18   0x08008d18   0x000001cc   Code   RO         6397    x$fpl$dsqrt         fz_ws.l(dsqrt_noumaal.o)
    0x08008ee4   0x08008ee4   0x000001d4   Code   RO         6168    x$fpl$dsub          fz_ws.l(daddsub_clz.o)
    0x080090b8   0x080090b8   0x00000056   Code   RO         6188    x$fpl$f2d           fz_ws.l(f2d.o)
    0x0800910e   0x0800910e   0x00000002   PAD
    0x08009110   0x08009110   0x000000c4   Code   RO         6190    x$fpl$fadd          fz_ws.l(faddsub_clz.o)
    0x080091d4   0x080091d4   0x00000018   Code   RO         6296    x$fpl$fcmpinf       fz_ws.l(fcmpi.o)
    0x080091ec   0x080091ec   0x00000184   Code   RO         6197    x$fpl$fdiv          fz_ws.l(fdiv.o)
    0x08009370   0x08009370   0x00000068   Code   RO         6200    x$fpl$feqf          fz_ws.l(feqf.o)
    0x080093d8   0x080093d8   0x00000036   Code   RO         6202    x$fpl$ffix          fz_ws.l(ffix.o)
    0x0800940e   0x0800940e   0x00000002   PAD
    0x08009410   0x08009410   0x0000003e   Code   RO         6206    x$fpl$ffixu         fz_ws.l(ffixu.o)
    0x0800944e   0x0800944e   0x00000002   PAD
    0x08009450   0x08009450   0x00000030   Code   RO         6211    x$fpl$fflt          fz_ws.l(fflt_clz.o)
    0x08009480   0x08009480   0x00000026   Code   RO         6210    x$fpl$ffltu         fz_ws.l(fflt_clz.o)
    0x080094a6   0x080094a6   0x00000002   PAD
    0x080094a8   0x080094a8   0x00000068   Code   RO         6216    x$fpl$fleqf         fz_ws.l(fleqf.o)
    0x08009510   0x08009510   0x00000102   Code   RO         6218    x$fpl$fmul          fz_ws.l(fmul.o)
    0x08009612   0x08009612   0x0000008c   Code   RO         6298    x$fpl$fnaninf       fz_ws.l(fnaninf.o)
    0x0800969e   0x0800969e   0x0000000a   Code   RO         6300    x$fpl$fretinf       fz_ws.l(fretinf.o)
    0x080096a8   0x080096a8   0x00000062   Code   RO         6220    x$fpl$frleqf        fz_ws.l(frleqf.o)
    0x0800970a   0x0800970a   0x00000002   PAD
    0x0800970c   0x0800970c   0x000000ea   Code   RO         6192    x$fpl$fsub          fz_ws.l(faddsub_clz.o)
    0x080097f6   0x080097f6   0x00000064   Code   RO         6453    x$fpl$retnan        fz_ws.l(retnan.o)
    0x0800985a   0x0800985a   0x0000005c   Code   RO         6310    x$fpl$scalbn        fz_ws.l(scalbn.o)
    0x080098b6   0x080098b6   0x00000030   Code   RO         6509    x$fpl$trapveneer    fz_ws.l(trapv.o)
    0x080098e6   0x080098e6   0x00000000   Code   RO         6312    x$fpl$usenofp       fz_ws.l(usenofp.o)
    0x080098e6   0x080098e6   0x000005f0   Data   RO         3461    .constdata          oled.o
    0x08009ed6   0x08009ed6   0x00000002   PAD
    0x08009ed8   0x08009ed8   0x00000050   Data   RO         3759    .constdata          inv_mpu.o
    0x08009f28   0x08009f28   0x00000bf6   Data   RO         4079    .constdata          inv_mpu_dmp_motion_driver.o
    0x0800ab1e   0x0800ab1e   0x00000011   Data   RO         6132    .constdata          c_w.l(__printf_flags_ss_wp.o)
    0x0800ab2f   0x0800ab2f   0x00000001   PAD
    0x0800ab30   0x0800ab30   0x00000050   Data   RO         6224    .constdata          m_ws.l(asin.o)
    0x0800ab80   0x0800ab80   0x00000098   Data   RO         6315    .constdata          m_ws.l(atan.o)
    0x0800ac18   0x0800ac18   0x00000008   Data   RO         6341    .constdata          m_ws.l(qnan.o)
    0x0800ac20   0x0800ac20   0x0000004d   Data   RO         3760    .conststring        inv_mpu.o
    0x0800ac6d   0x0800ac6d   0x00000003   PAD
    0x0800ac70   0x0800ac70   0x00000020   Data   RO         6586    Region$$Table       anon$$obj.o


    Execution Region RW_IRAM1 (Exec base: 0x20000000, Load base: 0x0800ac90, Size: 0x00003fa0, Max: 0x00005000, ABSOLUTE, COMPRESSED[0x00000034])

    Exec Addr    Load Addr    Size         Type   Attr      Idx    E Section Name        Object

    0x20000000   COMPRESSED   0x00000014   Data   RW           28    .data               system_stm32f10x.o
    0x20000014   COMPRESSED   0x00000014   Data   RW         1805    .data               stm32f10x_rcc.o
    0x20000028   COMPRESSED   0x00000004   Data   RW         3232    .data               delay.o
    0x2000002c   COMPRESSED   0x0000000c   Data   RW         3339    .data               usart.o
    0x20000038   COMPRESSED   0x00000035   Data   RW         3761    .data               inv_mpu.o
    0x2000006d   COMPRESSED   0x00000003   PAD
    0x20000070   COMPRESSED   0x0000000c   Data   RW         4330    .data               timer.o
    0x2000007c   COMPRESSED   0x00000004   Data   RW         4413    .data               exti.o
    0x20000080   COMPRESSED   0x00000001   Data   RW         4608    .data               can.o
    0x20000081   COMPRESSED   0x00000003   PAD
    0x20000084   COMPRESSED   0x00000040   Data   RW         4734    .data               wtask.o
    0x200000c4   COMPRESSED   0x00000048   Data   RW         5433    .data               tasks.o
    0x2000010c   COMPRESSED   0x00000014   Data   RW         5802    .data               timers.o
    0x20000120   COMPRESSED   0x00000020   Data   RW         5946    .data               heap_4.o
    0x20000140   COMPRESSED   0x0000000c   Data   RW         6002    .data               port.o
    0x2000014c        -       0x00000080   Zero   RW         3338    .bss                usart.o
    0x200001cc        -       0x00000010   Zero   RW         4078    .bss                inv_mpu_dmp_motion_driver.o
    0x200001dc        -       0x00000014   Zero   RW         4607    .bss                can.o
    0x200001f0        -       0x00000040   Zero   RW         4995    .bss                queue.o
    0x20000230        -       0x000002e4   Zero   RW         5432    .bss                tasks.o
    0x20000514        -       0x00000028   Zero   RW         5801    .bss                timers.o
    0x2000053c        -       0x00003400   Zero   RW         5945    .bss                heap_4.o
    0x2000393c        -       0x00000060   Zero   RW         6400    .bss                c_w.l(libspace.o)
    0x2000399c   COMPRESSED   0x00000004   PAD
    0x200039a0        -       0x00000200   Zero   RW            2    HEAP                startup_stm32f10x_md.o
    0x20003ba0        -       0x00000400   Zero   RW            1    STACK               startup_stm32f10x_md.o


==============================================================================

Image component sizes


      Code (inc. data)   RO Data    RW Data    ZI Data      Debug   Object Name

      1176        126          0          0          0       6564   aht10.o
       452         34          0          1         20       3536   can.o
         0          0          0          0          0       4508   core_cm3.o
       244         26          0          4          0      16993   delay.o
         0          0          0          0          0      14804   event_groups.o
       228         12          0          4          0       1477   exti.o
       804        178          0         32      13312       4191   heap_4.o
      6860        288        157         53          0      32692   inv_mpu.o
      3096        122       3062          0         16      21610   inv_mpu_dmp_motion_driver.o
       248         18          0          0          0       1251   l298n.o
       148          0          0          0          0       3350   list.o
        12          0          0          0          0       2755   main.o
       172         22          0          0          0     216037   misc.o
       768          0          0          0          0       8103   mpu6050.o
       662        100          0          0          0       5194   mpuiic.o
       912         26       1520          0          0       9106   oled.o
       942        288          0         12          0      10084   port.o
      1494        198          0          0         64      12823   queue.o
        64         26        236          0       1536        876   startup_stm32f10x_md.o
         0          0          0          0          0       1708   stm32f10x_adc.o
      1252         28          0          0          0      13461   stm32f10x_can.o
       200         18          0          0          0       4356   stm32f10x_exti.o
       504         10          0          0          0      13540   stm32f10x_gpio.o
        20          0          0          0          0       2817   stm32f10x_it.o
       276         32          0         20          0      13286   stm32f10x_rcc.o
       612         72          0          0          0      28756   stm32f10x_tim.o
       472          6          0          0          0      12991   stm32f10x_usart.o
       328         28          0         20          0      45965   system_stm32f10x.o
      3762        838          0         72        740      33810   tasks.o
       602         52          0         12          0       4658   timer.o
      1050        182          0         20         40      11284   timers.o
       548         92          0         12        128       6738   usart.o
      1734        478          0         64          0       5093   wtask.o

    ----------------------------------------------------------------------
     29674       3300       5012        332      15856     574417   Object Totals
         0          0         32          0          0          0   (incl. Generated)
        32          0          5          6          0          0   (incl. Padding)

    ----------------------------------------------------------------------

      Code (inc. data)   RO Data    RW Data    ZI Data      Debug   Library Member Name

        24          4          0          0          0         84   __2printf.o
        44          6          0          0          0         84   __2sprintf.o
        90          0          0          0          0          0   __dczerorl2.o
         8          0          0          0          0         68   __main.o
       392          4         17          0          0         92   __printf_flags_ss_wp.o
        14          0          0          0          0         68   __printf_wp.o
         0          0          0          0          0          0   __rtentry.o
        12          0          0          0          0          0   __rtentry2.o
         6          0          0          0          0          0   __rtentry4.o
        52          8          0          0          0          0   __scatter.o
        28          0          0          0          0          0   __scatter_zi.o
        44          0          0          0          0        108   _printf_char.o
        48          6          0          0          0         96   _printf_char_common.o
        36          4          0          0          0         80   _printf_char_file.o
         6          0          0          0          0          0   _printf_d.o
       120         16          0          0          0         92   _printf_dec.o
       178          0          0          0          0         88   _printf_intcommon.o
         0          0          0          0          0          0   _printf_percent.o
         4          0          0          0          0          0   _printf_percent_end.o
         6          0          0          0          0          0   _printf_s.o
        82          0          0          0          0         80   _printf_str.o
        22          0          0          0          0        100   _rserrno.o
        10          0          0          0          0         68   _sputc.o
        16          0          0          0          0         68   aeabi_memset.o
        18          0          0          0          0         80   exit.o
         8          0          0          0          0         68   ferror.o
         6          0          0          0          0        152   heapauxi.o
         2          0          0          0          0          0   libinit.o
         2          0          0          0          0          0   libinit2.o
         2          0          0          0          0          0   libshutdown.o
         2          0          0          0          0          0   libshutdown2.o
         8          4          0          0         96         68   libspace.o
        72          0          0          0          0         76   llsdiv.o
       238          0          0          0          0        100   lludivv7m.o
        88          0          0          0          0         76   memcmp.o
         8          4          0          0          0         68   rt_errno_addr_intlibspace.o
        68          0          0          0          0         68   rt_memclr.o
        78          0          0          0          0         80   rt_memclr_w.o
       138          0          0          0          0         68   rt_memcpy_v6.o
       100          0          0          0          0         80   rt_memcpy_w.o
         2          0          0          0          0          0   rtexit.o
        10          0          0          0          0          0   rtexit2.o
       128          0          0          0          0         68   strcmpv7m.o
        74          0          0          0          0         80   sys_stackheap_outer.o
         2          0          0          0          0         68   use_no_semi.o
         2          0          0          0          0         68   use_no_semi_2.o
        98          4          0          0          0         92   d2f.o
       826         16          0          0          0        348   daddsub_clz.o
        16          4          0          0          0         68   dcheck1.o
        24          0          0          0          0         68   dcmpi.o
       688        140          0          0          0        208   ddiv.o
       120          4          0          0          0         92   deqf.o
        94          4          0          0          0         92   dfix.o
        84          0          0          0          0        136   dflt_clz.o
       340         12          0          0          0        104   dmul.o
       156          4          0          0          0         92   dnaninf.o
        12          0          0          0          0         68   dretinf.o
       460         56          0          0          0        120   dsqrt_noumaal.o
        86          4          0          0          0         84   f2d.o
       430          8          0          0          0        168   faddsub_clz.o
        24          0          0          0          0         68   fcmpi.o
       388         76          0          0          0         96   fdiv.o
       104          4          0          0          0         84   feqf.o
        54          4          0          0          0         84   ffix.o
        62          4          0          0          0         84   ffixu.o
        86          0          0          0          0        136   fflt_clz.o
       104          4          0          0          0         84   fleqf.o
       258          4          0          0          0         84   fmul.o
       140          4          0          0          0         84   fnaninf.o
        10          0          0          0          0         68   fretinf.o
        98          0          0          0          0         68   frleqf.o
       100          0          0          0          0         68   retnan.o
        92          0          0          0          0         68   scalbn.o
        48          0          0          0          0         68   trapv.o
         0          0          0          0          0          0   usenofp.o
       624         52         80          0          0        168   asin.o
       544         70        152          0          0        124   atan.o
       412         38          0          0          0        144   atan2.o
        38          6          0          0          0        272   dunder.o
        40          0          0          0          0         68   fpclassify.o
       170          0          0          0          0         96   poly.o
         0          0          8          0          0          0   qnan.o
        76          0          0          0          0         84   sqrt.o

    ----------------------------------------------------------------------
      9232        578        258          0        100       6284   Library Totals
        28          0          1          0          4          0   (incl. Padding)

    ----------------------------------------------------------------------

      Code (inc. data)   RO Data    RW Data    ZI Data      Debug   Library Name

      2298         56         17          0         96       2444   c_w.l
      5002        356          0          0          0       2884   fz_ws.l
      1904        166        240          0          0        956   m_ws.l

    ----------------------------------------------------------------------
      9232        578        258          0        100       6284   Library Totals

    ----------------------------------------------------------------------

==============================================================================


      Code (inc. data)   RO Data    RW Data    ZI Data      Debug   

     38906       3878       5270        332      15956     564525   Grand Totals
     38906       3878       5270         52      15956     564525   ELF Image Totals (compressed)
     38906       3878       5270         52          0          0   ROM Totals

==============================================================================

    Total RO  Size (Code + RO Data)                44176 (  43.14kB)
    Total RW  Size (RW Data + ZI Data)             16288 (  15.91kB)
    Total ROM Size (Code + RO Data + RW Data)      44228 (  43.19kB)

==============================================================================

