<html>
<body>
<pre>
<h1>礦ision Build Log</h1>
<h2>Tool Versions:</h2>
IDE-Version: μVision V5.38.0.0
Copyright (C) 2022 ARM Ltd and ARM Germany GmbH. All rights reserved.
License Information: w ls, no, LIC=IK1BF-6KENV-SBJEJ-U6313-IIFFZ-1T5WA
 
Tool Versions:
Toolchain:       MDK-ARM Plus  Version: 5.38.0.0
Toolchain Path:  C:\Keil_v5\ARM\ARMCC\Bin
C Compiler:      Armcc.exe V5.06 update 7 (build 960)
Assembler:       Armasm.exe V5.06 update 7 (build 960)
Linker/Locator:  ArmLink.exe V5.06 update 7 (build 960)
Library Manager: ArmAr.exe V5.06 update 7 (build 960)
Hex Converter:   FromElf.exe V5.06 update 7 (build 960)
CPU DLL:         SARMCM3.DLL V5.38.0.0
Dialog DLL:      DARMSTM.DLL V1.69.1.0
Target DLL:      CMSIS_AGDI.dll V1.33.15.0
Dialog DLL:      TCM.DLL V1.56.4.0
 
<h2>Project:</h2>
C:\Users\ufo28\Desktop\Control-STM32F103C8T6-FreeRTOS\FreeRTOS.uvprojx
Project File Date:  03/16/2024

<h2>Output:</h2>
*** Using Compiler 'V5.06 update 7 (build 960)', folder: 'C:\Keil_v5\ARM\ARMCC\Bin'
Rebuild target 'FreeRTOS'
assembling startup_stm32f10x_md.s...
compiling core_cm3.c...
compiling misc.c...
compiling stm32f10x_bkp.c...
compiling stm32f10x_crc.c...
compiling stm32f10x_dbgmcu.c...
compiling system_stm32f10x.c...
compiling stm32f10x_cec.c...
compiling stm32f10x_dac.c...
compiling stm32f10x_adc.c...
compiling stm32f10x_can.c...
compiling stm32f10x_dma.c...
compiling stm32f10x_exti.c...
compiling stm32f10x_flash.c...
compiling stm32f10x_gpio.c...
compiling stm32f10x_iwdg.c...
compiling stm32f10x_spi.c...
compiling stm32f10x_rcc.c...
compiling stm32f10x_rtc.c...
compiling stm32f10x_pwr.c...
compiling stm32f10x_i2c.c...
compiling stm32f10x_sdio.c...
compiling stm32f10x_fsmc.c...
compiling stm32f10x_tim.c...
compiling stm32f10x_usart.c...
compiling stm32f10x_wwdg.c...
compiling delay.c...
compiling mpuiic.c...
compiling OLED.c...
compiling mpu6050.c...
compiling usart.c...
SYSTEM\usart\usart.c(385): warning:  #1166-D: returning pointer to local variable
      return Pa;
SYSTEM\usart\usart.c: 1 warning, 0 errors
compiling sys.c...
compiling inv_mpu_dmp_motion_driver.c...
compiling inv_mpu.c...
compiling TIMER.c...
compiling EXTI.c...
compiling AHT10.c...
compiling L298N.c...
compiling spi.c...
compiling dht11.c...
compiling 24l01.c...
compiling lcd_init.c...
compiling WADC.c...
compiling lcd.c...
compiling main.c...
compiling stm32f10x_it.c...
compiling croutine.c...
compiling WTask.c...
User\WTask.c(384): warning:  #167-D: argument of type "char *" is incompatible with parameter of type "const u8 *"
              LCD_ShowString(15,90,Uart1_Rx,WHITE,BLACK,16,0);
User\WTask.c(39): warning:  #177-D: variable "Task2_Handle"  was declared but never referenced
  static TaskHandle_t Task2_Handle = NULL; /* Task2_Handle 任务句柄 */
User\WTask.c(41): warning:  #177-D: variable "Task3_Handle"  was declared but never referenced
  static TaskHandle_t Task3_Handle = NULL; /* Task3_Handle 任务句柄 */
User\WTask.c(43): warning:  #177-D: variable "Task4_Handle"  was declared but never referenced
  static TaskHandle_t Task4_Handle = NULL; /* Task4_Handle 任务句柄 */
User\WTask.c(45): warning:  #177-D: variable "Task5_Handle"  was declared but never referenced
  static TaskHandle_t Task5_Handle = NULL; /* Task5_Handle 任务句柄 */
User\WTask.c: 5 warnings, 0 errors
compiling event_groups.c...
compiling list.c...
compiling stream_buffer.c...
compiling heap_4.c...
compiling timers.c...
compiling queue.c...
compiling tasks.c...
compiling port.c...
linking...
Program Size: Code=17368 RO-data=9076 RW-data=248 ZI-data=12824  
FromELF: creating hex file...
".\Objects\Project.axf" - 0 Error(s), 6 Warning(s).

<h2>Software Packages used:</h2>

Package Vendor: Keil
                https://www.keil.com/pack/Keil.STM32F1xx_DFP.2.4.1.pack
                Keil.STM32F1xx_DFP.2.4.1
                STMicroelectronics STM32F1 Series Device Support, Drivers and Examples

<h2>Collection of Component include folders:</h2>
  C:/Users/ufo28/AppData/Local/Arm/Packs/Keil/STM32F1xx_DFP/2.4.1/Device/Include

<h2>Collection of Component Files used:</h2>
Build Time Elapsed:  00:00:05
</pre>
</body>
</html>
